<html>
<body>
<pre>
<h1>µVision Build Log</h1>
<h2>Tool Versions:</h2>
IDE-Version: ¦ÌVision V5.14.0.0
Copyright (C) 2015 ARM Ltd and ARM Germany GmbH. All rights reserved.
License Information: s s, s, LIC=----
 
Tool Versions:
Toolchain:       MDK-Lite  Version: 5.14.0.0
Toolchain Path:  F:\apps\keil\ARM\ARMCC\Bin
C Compiler:      Armcc.exe V5.05 update 1 (build 106)
Assembler:       Armasm.exe V5.05 update 1 (build 106)
Linker/Locator:  ArmLink.exe V5.05 update 1 (build 106)
Library Manager: ArmAr.exe V5.05 update 1 (build 106)
Hex Converter:   FromElf.exe V5.05 update 1 (build 106)
CPU DLL:         SARMCM3.DLL V5.14.0.0
Dialog DLL:      DCM.DLL V1.13.1.0
Target DLL:      Segger\JL2CM3.dll V2.99.13.0
Dialog DLL:      TCM.DLL V1.14.4.0
 
<h2>Project:</h2>
D:\car\test\PRJ\text.uvprojx
Project File Date:  09/21/2016

<h2>Output:</h2>
Build target 'Target 1'
compiling isr.c...
compiling main.c...
compiling gpio.c...
compiling sys.c...
compiling delay.c...
compiling adc.c...
compiling can.c...
compiling dac.c...
compiling dma.c...
compiling enet.c...
compiling flash.c...
compiling ftm.c...
compiling i2c.c...
compiling lptm.c...
compiling pdb.c...
compiling pit.c...
compiling rtc.c...
compiling sd.c...
compiling spi.c...
compiling uart.c...
compiling wdog.c...
compiling oled.c...
compiling dmacnt.c...
compiling ccd.c...
assembling startup_MK60DZ10.s...
compiling system_MK60DZ10.c...
compiling key.c...
compiling led.c...
compiling nrf2401.c...
compiling spilcd.c...
compiling data_sent.c...
compiling L3G4200D.c...
compiling menu.c...
linking...
Program Size: Code=23012 RO-data=2228 RW-data=312 ZI-data=3328  
FromELF: creating hex file...
"..\OBJ\text.axf" - 0 Error(s), 0 Warning(s).

<h2>Software Packages used:</h2>

Package Vendor: ARM
                http://www.keil.com/pack/ARM.CMSIS.4.2.0.pack
                ARM::CMSIS:CORE:3.40.0
                CMSIS (Cortex Microcontroller Software Interface Standard)
   * Component: CORE Version: 3.40.0
   * Component: DSP Version: 1.4.2

<h2>Collection of Component include folders:</h2>
  D:\car\test\PRJ\RTE
  F:\apps\keil\ARM\PACK\ARM\CMSIS\4.2.0\CMSIS\Include

<h2>Collection of Component Files used:</h2>

   * Component: ARM::CMSIS:CORE:3.40.0
      Source file:   CMSIS\UserCodeTemplates\ARM\ITM_Retarget.c

   * Component: ARM::CMSIS:DSP:1.4.2
      Include file:  CMSIS\Include\arm_math.h
      Library file:  CMSIS\Lib\ARM\arm_cortexM4l_math.lib
</pre>
</body>
</html>
