Product: MDK-ARM Standard 5.10
Component: ARM Compiler 5.04 update 1 (build 49)
Tool: armlink [5040049]

==============================================================================

Section Cross References

    system_mk60dz10.o(.text) refers to system_mk60dz10.o(.data) for SystemCoreClock
    startup_mk60dz10.o(STACK) refers (Special) to heapauxi.o(.text) for __use_two_region_memory
    startup_mk60dz10.o(HEAP) refers (Special) to heapauxi.o(.text) for __use_two_region_memory
    startup_mk60dz10.o(RESET) refers (Special) to heapauxi.o(.text) for __use_two_region_memory
    startup_mk60dz10.o(RESET) refers to startup_mk60dz10.o(STACK) for __initial_sp
    startup_mk60dz10.o(RESET) refers to startup_mk60dz10.o(.text) for Reset_Handler
    startup_mk60dz10.o(RESET) refers to isr.o(.text) for UART4_RX_TX_IRQHandler
    startup_mk60dz10.o(RESET) refers to enet.o(.text) for ENET_Transmit_IRQHandler
    startup_mk60dz10.o(.ARM.__at_0x400) refers (Special) to heapauxi.o(.text) for __use_two_region_memory
    startup_mk60dz10.o(.text) refers (Special) to heapauxi.o(.text) for __use_two_region_memory
    startup_mk60dz10.o(.text) refers to system_mk60dz10.o(.text) for SystemInit
    startup_mk60dz10.o(.text) refers to __main.o(!!!main) for __main
    startup_mk60dz10.o(.text) refers to startup_mk60dz10.o(HEAP) for Heap_Mem
    startup_mk60dz10.o(.text) refers to startup_mk60dz10.o(STACK) for Stack_Mem
    main.o(.text) refers to sys.o(.text) for SystemClockSetup
    main.o(.text) refers to uart.o(.text) for UART_DebugPortInit
    main.o(.text) refers to delay.o(.text) for DelayInit
    main.o(.text) refers to led.o(.text) for LED_Init
    main.o(.text) refers to spilcd.o(.text) for SPILCD_Init
    main.o(.text) refers to oled.o(.text) for OLED_Clear
    main.o(.text) refers to key.o(.text) for KEY_Init
    main.o(.text) refers to pit.o(.text) for PIT_Init
    main.o(.text) refers to nrf2401.o(.text) for NRF2401_Init
    main.o(.text) refers to main.o(.data) for NRF2401TXBuffer
    isr.o(.text) refers to uart.o(.text) for UART_SendDataIntProcess
    isr.o(.text) refers to pit.o(.text) for PIT_ClearITPendingBit
    isr.o(.text) refers to gpio.o(.text) for GPIO_ClearITPendingBit
    isr.o(.text) refers to tsi.o(.text) for TSI_GetChannelOutOfRangleFlag
    isr.o(.text) refers to main.o(.data) for ScanTimeFlag
    isr.o(.text) refers to isr.o(.data) for TSIStatues
    sys.o(.text) refers to main.o(.text) for assert_failed
    sys.o(.text) refers to sys.o(.bss) for CPUInfo
    sys.o(.text) refers to system_mk60dz10.o(.data) for SystemCoreClock
    delay.o(.text) refers to sys.o(.text) for GetCPUInfo
    delay.o(.text) refers to sys.o(.bss) for CPUInfo
    delay.o(.text) refers to delay.o(.data) for fac_us
    dma.o(.text) refers to main.o(.text) for assert_failed
    ftm.o(.text) refers to main.o(.text) for assert_failed
    ftm.o(.text) refers to sys.o(.bss) for CPUInfo
    gpio.o(.text) refers to main.o(.text) for assert_failed
    lptm.o(.text) refers to main.o(.text) for assert_failed
    pit.o(.text) refers to main.o(.text) for assert_failed
    pit.o(.text) refers to sys.o(.text) for GetCPUInfo
    pit.o(.text) refers to sys.o(.bss) for CPUInfo
    rtc.o(.text) refers to main.o(.text) for assert_failed
    rtc.o(.text) refers to rtc.o(.constdata) for mon_table
    rtc.o(.text) refers to rtc.o(.data) for daycnt
    wdog.o(.text) refers to sys.o(.bss) for CPUInfo
    adc.o(.text) refers to main.o(.text) for assert_failed
    pdb.o(.text) refers to main.o(.text) for assert_failed
    pdb.o(.text) refers to sys.o(.bss) for CPUInfo
    dac.o(.text) refers to main.o(.text) for assert_failed
    spi.o(.text) refers to main.o(.text) for assert_failed
    i2c.o(.text) refers to main.o(.text) for assert_failed
    i2c.o(.text) refers to sys.o(.bss) for CPUInfo
    can.o(.text) refers to main.o(.text) for assert_failed
    sd.o(.text) refers to sys.o(.text) for GetCPUInfo
    sd.o(.text) refers to sys.o(.bss) for CPUInfo
    sd.o(.text) refers to sd.o(.data) for SD_RCA
    enet.o(.text) refers to sys.o(.text) for GetCPUInfo
    enet.o(.text) refers to delay.o(.text) for DelayMs
    enet.o(.text) refers to uart.o(.text) for UART_printf
    enet.o(.text) refers to enet.o(.bss) for xENETTxDescriptors_unaligned
    enet.o(.text) refers to enet.o(.data) for pxENETTxDescriptor
    enet.o(.text) refers to sys.o(.bss) for CPUInfo
    enet.o(.text) refers to enet.o(.revsh_text) for __asm___6_enet_c_1ac3582e____REVSH
    enet.o(.text) refers to rt_memcpy_v6.o(.text) for __aeabi_memcpy
    uart.o(.text) refers to main.o(.text) for assert_failed
    uart.o(.text) refers to sys.o(.text) for GetCPUInfo
    uart.o(.text) refers to sys.o(.bss) for CPUInfo
    uart.o(.text) refers to uart.o(.bss) for UART_TxIntStruct1
    uart.o(.text) refers to uart.o(.data) for UART_DebugPort
    uart.o(.text) refers to rt_memcpy_v6.o(.text) for __aeabi_memcpy
    uart.o(.data) refers to uart.o(.conststring) for .conststring
    led.o(.text) refers to gpio.o(.text) for GPIO_Init
    spilcd.o(.text) refers to spi.o(.text) for SPI_ReadWriteByte
    spilcd.o(.text) refers to spilcd.o(i.SPILCD_SetWindow) for SPILCD_SetWindow
    spilcd.o(.text) refers to spilcd.o(i.SPILCD_WriteRAM_Prepare) for SPILCD_WriteRAM_Prepare
    spilcd.o(.text) refers to gpio.o(.text) for GPIO_Init
    spilcd.o(.text) refers to spilcd.o(.data) for BACK_COLOR
    spilcd.o(.text) refers to spilcd.o(.constdata) for fontsizetable
    key.o(.text) refers to gpio.o(.text) for GPIO_Init
    key.o(.text) refers to key.o(.data) for key_state
    nrf2401.o(.text) refers to spi.o(.text) for SPI_ReadWriteByte
    nrf2401.o(.text) refers to gpio.o(.text) for GPIO_Init
    nrf2401.o(.text) refers to nrf2401.o(.constdata) for RX_ADDRESS
    mma845x.o(.text) refers to i2c.o(.text) for I2C_GenerateSTART
    oled.o(.text) refers to gpio.o(.text) for GPIO_Init
    oled.o(.text) refers to oled.o(.constdata) for LargeChars
    rt_memcpy_v6.o(.text) refers to rt_memcpy_w.o(.text) for __aeabi_memcpy4
    __main.o(!!!main) refers to rtentry.o(.ARM.Collect$$rtentry$$00000000) for __rt_entry
    rtentry.o(.ARM.Collect$$rtentry$$00000000) refers (Special) to rtentry2.o(.ARM.Collect$$rtentry$$0000000A) for __rt_entry_li
    rtentry.o(.ARM.Collect$$rtentry$$00000000) refers (Special) to rtentry2.o(.ARM.Collect$$rtentry$$0000000D) for __rt_entry_main
    rtentry.o(.ARM.Collect$$rtentry$$00000000) refers (Special) to rtentry2.o(.ARM.Collect$$rtentry$$0000000C) for __rt_entry_postli_1
    rtentry.o(.ARM.Collect$$rtentry$$00000000) refers (Special) to rtentry2.o(.ARM.Collect$$rtentry$$00000009) for __rt_entry_postsh_1
    rtentry.o(.ARM.Collect$$rtentry$$00000000) refers (Special) to rtentry2.o(.ARM.Collect$$rtentry$$00000002) for __rt_entry_presh_1
    rtentry.o(.ARM.Collect$$rtentry$$00000000) refers (Special) to rtentry4.o(.ARM.Collect$$rtentry$$00000004) for __rt_entry_sh
    rtentry2.o(.ARM.Collect$$rtentry$$00000008) refers to boardinit2.o(.text) for _platform_post_stackheap_init
    rtentry2.o(.ARM.Collect$$rtentry$$0000000A) refers to libinit.o(.ARM.Collect$$libinit$$00000000) for __rt_lib_init
    rtentry2.o(.ARM.Collect$$rtentry$$0000000B) refers to boardinit3.o(.text) for _platform_post_lib_init
    rtentry2.o(.ARM.Collect$$rtentry$$0000000D) refers to main.o(.text) for main
    rtentry2.o(.ARM.Collect$$rtentry$$0000000D) refers to exit.o(.text) for exit
    rtentry2.o(.ARM.exidx) refers to rtentry2.o(.ARM.Collect$$rtentry$$00000001) for .ARM.Collect$$rtentry$$00000001
    rtentry2.o(.ARM.exidx) refers to rtentry2.o(.ARM.Collect$$rtentry$$00000008) for .ARM.Collect$$rtentry$$00000008
    rtentry2.o(.ARM.exidx) refers to rtentry2.o(.ARM.Collect$$rtentry$$0000000A) for .ARM.Collect$$rtentry$$0000000A
    rtentry2.o(.ARM.exidx) refers to rtentry2.o(.ARM.Collect$$rtentry$$0000000B) for .ARM.Collect$$rtentry$$0000000B
    rtentry2.o(.ARM.exidx) refers to rtentry2.o(.ARM.Collect$$rtentry$$0000000D) for .ARM.Collect$$rtentry$$0000000D
    rtentry4.o(.ARM.Collect$$rtentry$$00000004) refers to sys_stackheap_outer.o(.text) for __user_setup_stackheap
    rtentry4.o(.ARM.exidx) refers to rtentry4.o(.ARM.Collect$$rtentry$$00000004) for .ARM.Collect$$rtentry$$00000004
    sys_stackheap_outer.o(.text) refers to libspace.o(.text) for __user_perproc_libspace
    sys_stackheap_outer.o(.text) refers to startup_mk60dz10.o(.text) for __user_initial_stackheap
    exit.o(.text) refers to rtexit.o(.ARM.Collect$$rtexit$$00000000) for __rt_exit
    libinit.o(.ARM.Collect$$libinit$$00000000) refers (Special) to libinit2.o(.ARM.Collect$$libinit$$0000002C) for __rt_lib_init_alloca_1
    libinit.o(.ARM.Collect$$libinit$$00000000) refers (Special) to libinit2.o(.ARM.Collect$$libinit$$0000002A) for __rt_lib_init_argv_1
    libinit.o(.ARM.Collect$$libinit$$00000000) refers (Special) to libinit2.o(.ARM.Collect$$libinit$$00000019) for __rt_lib_init_atexit_1
    libinit.o(.ARM.Collect$$libinit$$00000000) refers (Special) to libinit2.o(.ARM.Collect$$libinit$$0000001F) for __rt_lib_init_clock_1
    libinit.o(.ARM.Collect$$libinit$$00000000) refers (Special) to libinit2.o(.ARM.Collect$$libinit$$00000030) for __rt_lib_init_cpp_1
    libinit.o(.ARM.Collect$$libinit$$00000000) refers (Special) to libinit2.o(.ARM.Collect$$libinit$$0000002E) for __rt_lib_init_exceptions_1
    libinit.o(.ARM.Collect$$libinit$$00000000) refers (Special) to libinit2.o(.ARM.Collect$$libinit$$00000002) for __rt_lib_init_fp_1
    libinit.o(.ARM.Collect$$libinit$$00000000) refers (Special) to libinit2.o(.ARM.Collect$$libinit$$0000001D) for __rt_lib_init_fp_trap_1
    libinit.o(.ARM.Collect$$libinit$$00000000) refers (Special) to libinit2.o(.ARM.Collect$$libinit$$00000021) for __rt_lib_init_getenv_1
    libinit.o(.ARM.Collect$$libinit$$00000000) refers (Special) to libinit2.o(.ARM.Collect$$libinit$$00000008) for __rt_lib_init_heap_1
    libinit.o(.ARM.Collect$$libinit$$00000000) refers (Special) to libinit2.o(.ARM.Collect$$libinit$$0000000F) for __rt_lib_init_lc_collate_1
    libinit.o(.ARM.Collect$$libinit$$00000000) refers (Special) to libinit2.o(.ARM.Collect$$libinit$$00000011) for __rt_lib_init_lc_ctype_1
    libinit.o(.ARM.Collect$$libinit$$00000000) refers (Special) to libinit2.o(.ARM.Collect$$libinit$$00000013) for __rt_lib_init_lc_monetary_1
    libinit.o(.ARM.Collect$$libinit$$00000000) refers (Special) to libinit2.o(.ARM.Collect$$libinit$$00000015) for __rt_lib_init_lc_numeric_1
    libinit.o(.ARM.Collect$$libinit$$00000000) refers (Special) to libinit2.o(.ARM.Collect$$libinit$$00000017) for __rt_lib_init_lc_time_1
    libinit.o(.ARM.Collect$$libinit$$00000000) refers (Special) to libinit2.o(.ARM.Collect$$libinit$$0000000C) for __rt_lib_init_rand_1
    libinit.o(.ARM.Collect$$libinit$$00000000) refers (Special) to libinit2.o(.ARM.Collect$$libinit$$00000031) for __rt_lib_init_return
    libinit.o(.ARM.Collect$$libinit$$00000000) refers (Special) to libinit2.o(.ARM.Collect$$libinit$$0000001B) for __rt_lib_init_signal_1
    libinit.o(.ARM.Collect$$libinit$$00000000) refers (Special) to libinit2.o(.ARM.Collect$$libinit$$00000023) for __rt_lib_init_stdio_1
    libinit.o(.ARM.Collect$$libinit$$00000000) refers (Special) to libinit2.o(.ARM.Collect$$libinit$$0000000A) for __rt_lib_init_user_alloc_1
    libspace.o(.text) refers to libspace.o(.bss) for __libspace_start
    rtexit.o(.ARM.Collect$$rtexit$$00000000) refers (Special) to rtexit2.o(.ARM.Collect$$rtexit$$00000004) for __rt_exit_exit
    rtexit.o(.ARM.Collect$$rtexit$$00000000) refers (Special) to rtexit2.o(.ARM.Collect$$rtexit$$00000003) for __rt_exit_ls
    rtexit.o(.ARM.Collect$$rtexit$$00000000) refers (Special) to rtexit2.o(.ARM.Collect$$rtexit$$00000002) for __rt_exit_prels_1
    rtexit.o(.ARM.exidx) refers (Special) to rtexit2.o(.ARM.Collect$$rtexit$$00000004) for __rt_exit_exit
    rtexit.o(.ARM.exidx) refers (Special) to rtexit2.o(.ARM.Collect$$rtexit$$00000003) for __rt_exit_ls
    rtexit.o(.ARM.exidx) refers (Special) to rtexit2.o(.ARM.Collect$$rtexit$$00000002) for __rt_exit_prels_1
    rtexit.o(.ARM.exidx) refers to rtexit.o(.ARM.Collect$$rtexit$$00000000) for .ARM.Collect$$rtexit$$00000000
    libinit2.o(.ARM.Collect$$libinit$$0000000E) refers to libinit2.o(.ARM.Collect$$libinit$$0000000D) for .ARM.Collect$$libinit$$0000000D
    libinit2.o(.ARM.Collect$$libinit$$00000010) refers to libinit2.o(.ARM.Collect$$libinit$$0000000D) for .ARM.Collect$$libinit$$0000000D
    libinit2.o(.ARM.Collect$$libinit$$00000012) refers to libinit2.o(.ARM.Collect$$libinit$$0000000D) for .ARM.Collect$$libinit$$0000000D
    libinit2.o(.ARM.Collect$$libinit$$00000014) refers to libinit2.o(.ARM.Collect$$libinit$$0000000D) for .ARM.Collect$$libinit$$0000000D
    libinit2.o(.ARM.Collect$$libinit$$00000016) refers to libinit2.o(.ARM.Collect$$libinit$$0000000D) for .ARM.Collect$$libinit$$0000000D
    libinit2.o(.ARM.Collect$$libinit$$00000024) refers to argv_veneer.o(.emb_text) for __ARM_argv_veneer
    libinit2.o(.ARM.Collect$$libinit$$00000025) refers to argv_veneer.o(.emb_text) for __ARM_argv_veneer
    rtexit2.o(.ARM.Collect$$rtexit$$00000003) refers to libshutdown.o(.ARM.Collect$$libshutdown$$00000000) for __rt_lib_shutdown
    rtexit2.o(.ARM.Collect$$rtexit$$00000004) refers to sys_exit.o(.text) for _sys_exit
    rtexit2.o(.ARM.exidx) refers to rtexit2.o(.ARM.Collect$$rtexit$$00000001) for .ARM.Collect$$rtexit$$00000001
    rtexit2.o(.ARM.exidx) refers to rtexit2.o(.ARM.Collect$$rtexit$$00000003) for .ARM.Collect$$rtexit$$00000003
    rtexit2.o(.ARM.exidx) refers to rtexit2.o(.ARM.Collect$$rtexit$$00000004) for .ARM.Collect$$rtexit$$00000004
    argv_veneer.o(.emb_text) refers to no_argv.o(.text) for __ARM_get_argv
    sys_exit.o(.text) refers (Special) to use_no_semi.o(.text) for __I$use$semihosting
    sys_exit.o(.text) refers (Special) to indicate_semi.o(.text) for __semihosting_library_function
    _get_argv_nomalloc.o(.text) refers (Special) to hrguard.o(.text) for __heap_region$guard
    _get_argv_nomalloc.o(.text) refers to defsig_rtmem_outer.o(.text) for __rt_SIGRTMEM
    _get_argv_nomalloc.o(.text) refers to sys_command.o(.text) for _sys_command_string
    libshutdown.o(.ARM.Collect$$libshutdown$$00000000) refers (Special) to libshutdown2.o(.ARM.Collect$$libshutdown$$00000006) for __rt_lib_shutdown_fp_trap_1
    libshutdown.o(.ARM.Collect$$libshutdown$$00000000) refers (Special) to libshutdown2.o(.ARM.Collect$$libshutdown$$0000000E) for __rt_lib_shutdown_heap_1
    libshutdown.o(.ARM.Collect$$libshutdown$$00000000) refers (Special) to libshutdown2.o(.ARM.Collect$$libshutdown$$0000000F) for __rt_lib_shutdown_return
    libshutdown.o(.ARM.Collect$$libshutdown$$00000000) refers (Special) to libshutdown2.o(.ARM.Collect$$libshutdown$$00000009) for __rt_lib_shutdown_signal_1
    libshutdown.o(.ARM.Collect$$libshutdown$$00000000) refers (Special) to libshutdown2.o(.ARM.Collect$$libshutdown$$00000003) for __rt_lib_shutdown_stdio_1
    libshutdown.o(.ARM.Collect$$libshutdown$$00000000) refers (Special) to libshutdown2.o(.ARM.Collect$$libshutdown$$0000000B) for __rt_lib_shutdown_user_alloc_1
    sys_command.o(.text) refers (Special) to use_no_semi.o(.text) for __I$use$semihosting
    sys_command.o(.text) refers (Special) to indicate_semi.o(.text) for __semihosting_library_function
    defsig_rtmem_outer.o(.text) refers to defsig_rtmem_inner.o(.text) for __rt_SIGRTMEM_inner
    defsig_rtmem_outer.o(.text) refers to defsig_exit.o(.text) for __sig_exit
    defsig_rtmem_formal.o(.text) refers to rt_raise.o(.text) for __rt_raise
    rt_raise.o(.text) refers to __raise.o(.text) for __raise
    rt_raise.o(.text) refers to sys_exit.o(.text) for _sys_exit
    defsig_exit.o(.text) refers to sys_exit.o(.text) for _sys_exit
    defsig_rtmem_inner.o(.text) refers to defsig_general.o(.text) for __default_signal_display
    __raise.o(.text) refers to defsig.o(CL$$defsig) for __default_signal_handler
    defsig_general.o(.text) refers to sys_wrch.o(.text) for _ttywrch
    sys_wrch.o(.text) refers (Special) to use_no_semi.o(.text) for __I$use$semihosting
    sys_wrch.o(.text) refers (Special) to indicate_semi.o(.text) for __semihosting_library_function
    defsig.o(CL$$defsig) refers to defsig_rtmem_inner.o(.text) for __rt_SIGRTMEM_inner
    defsig_abrt_inner.o(.text) refers to defsig_general.o(.text) for __default_signal_display
    defsig_fpe_inner.o(.text) refers to defsig_general.o(.text) for __default_signal_display
    defsig_rtred_inner.o(.text) refers to defsig_general.o(.text) for __default_signal_display
    defsig_stak_inner.o(.text) refers to defsig_general.o(.text) for __default_signal_display
    defsig_pvfn_inner.o(.text) refers to defsig_general.o(.text) for __default_signal_display
    defsig_cppl_inner.o(.text) refers to defsig_general.o(.text) for __default_signal_display
    defsig_segv_inner.o(.text) refers to defsig_general.o(.text) for __default_signal_display
    defsig_other.o(.text) refers to defsig_general.o(.text) for __default_signal_display
    spilcd.o(i.SPILCD_SetWindow) refers to spilcd.o(.text) for SPILCD_WR_REG
    spilcd.o(i.SPILCD_WriteRAM_Prepare) refers to spilcd.o(.text) for SPILCD_WR_REG


==============================================================================

Removing Unused input sections from the image.

    Removing system_mk60dz10.o(.rev16_text), (4 bytes).
    Removing system_mk60dz10.o(.revsh_text), (4 bytes).
    Removing main.o(.rev16_text), (4 bytes).
    Removing main.o(.revsh_text), (4 bytes).
    Removing main.o(.bss), (32 bytes).
    Removing isr.o(.rev16_text), (4 bytes).
    Removing isr.o(.revsh_text), (4 bytes).
    Removing sys.o(.rev16_text), (4 bytes).
    Removing sys.o(.revsh_text), (4 bytes).
    Removing delay.o(.rev16_text), (4 bytes).
    Removing delay.o(.revsh_text), (4 bytes).
    Removing dma.o(.rev16_text), (4 bytes).
    Removing dma.o(.revsh_text), (4 bytes).
    Removing dma.o(.text), (884 bytes).
    Removing ftm.o(.rev16_text), (4 bytes).
    Removing ftm.o(.revsh_text), (4 bytes).
    Removing ftm.o(.text), (2580 bytes).
    Removing gpio.o(.rev16_text), (4 bytes).
    Removing gpio.o(.revsh_text), (4 bytes).
    Removing lptm.o(.rev16_text), (4 bytes).
    Removing lptm.o(.revsh_text), (4 bytes).
    Removing lptm.o(.text), (672 bytes).
    Removing pit.o(.rev16_text), (4 bytes).
    Removing pit.o(.revsh_text), (4 bytes).
    Removing rtc.o(.rev16_text), (4 bytes).
    Removing rtc.o(.revsh_text), (4 bytes).
    Removing rtc.o(.text), (1024 bytes).
    Removing rtc.o(.constdata), (24 bytes).
    Removing rtc.o(.data), (2 bytes).
    Removing wdog.o(.rev16_text), (4 bytes).
    Removing wdog.o(.revsh_text), (4 bytes).
    Removing wdog.o(.text), (136 bytes).
    Removing adc.o(.rev16_text), (4 bytes).
    Removing adc.o(.revsh_text), (4 bytes).
    Removing adc.o(.text), (1224 bytes).
    Removing pdb.o(.rev16_text), (4 bytes).
    Removing pdb.o(.revsh_text), (4 bytes).
    Removing pdb.o(.text), (976 bytes).
    Removing dac.o(.rev16_text), (4 bytes).
    Removing dac.o(.revsh_text), (4 bytes).
    Removing dac.o(.text), (1164 bytes).
    Removing spi.o(.rev16_text), (4 bytes).
    Removing spi.o(.revsh_text), (4 bytes).
    Removing i2c.o(.rev16_text), (4 bytes).
    Removing i2c.o(.revsh_text), (4 bytes).
    Removing i2c.o(.text), (1660 bytes).
    Removing can.o(.rev16_text), (4 bytes).
    Removing can.o(.revsh_text), (4 bytes).
    Removing can.o(.text), (2040 bytes).
    Removing flash.o(.rev16_text), (4 bytes).
    Removing flash.o(.revsh_text), (4 bytes).
    Removing flash.o(.text), (356 bytes).
    Removing sd.o(.rev16_text), (4 bytes).
    Removing sd.o(.revsh_text), (4 bytes).
    Removing sd.o(.text), (2072 bytes).
    Removing sd.o(.data), (8 bytes).
    Removing tsi.o(.rev16_text), (4 bytes).
    Removing tsi.o(.revsh_text), (4 bytes).
    Removing enet.o(.rev16_text), (4 bytes).
    Removing uart.o(.rev16_text), (4 bytes).
    Removing uart.o(.revsh_text), (4 bytes).
    Removing led.o(.rev16_text), (4 bytes).
    Removing led.o(.revsh_text), (4 bytes).
    Removing spilcd.o(.rev16_text), (4 bytes).
    Removing spilcd.o(.revsh_text), (4 bytes).
    Removing key.o(.rev16_text), (4 bytes).
    Removing key.o(.revsh_text), (4 bytes).
    Removing nrf2401.o(.rev16_text), (4 bytes).
    Removing nrf2401.o(.revsh_text), (4 bytes).
    Removing mma845x.o(.rev16_text), (4 bytes).
    Removing mma845x.o(.revsh_text), (4 bytes).
    Removing mma845x.o(.text), (280 bytes).
    Removing oled.o(.rev16_text), (4 bytes).
    Removing oled.o(.revsh_text), (4 bytes).

74 unused section(s) (total 15362 bytes) removed from the image.

==============================================================================

Image Symbol Table

    Local Symbols

    Symbol Name                              Value     Ov Type        Size  Object(Section)

    RESET                                    0x00000000   Section     1024  startup_mk60dz10.o(RESET)
    ../clib/angel/boardlib.s                 0x00000000   Number         0  boardinit1.o ABSOLUTE
    ../clib/angel/boardlib.s                 0x00000000   Number         0  boardinit2.o ABSOLUTE
    ../clib/angel/boardlib.s                 0x00000000   Number         0  boardinit3.o ABSOLUTE
    ../clib/angel/boardlib.s                 0x00000000   Number         0  boardshut.o ABSOLUTE
    ../clib/angel/handlers.s                 0x00000000   Number         0  __scatter_copy.o ABSOLUTE
    ../clib/angel/handlers.s                 0x00000000   Number         0  __scatter_zi.o ABSOLUTE
    ../clib/angel/kernel.s                   0x00000000   Number         0  rtentry.o ABSOLUTE
    ../clib/angel/kernel.s                   0x00000000   Number         0  rtexit2.o ABSOLUTE
    ../clib/angel/kernel.s                   0x00000000   Number         0  rtentry2.o ABSOLUTE
    ../clib/angel/kernel.s                   0x00000000   Number         0  rtentry4.o ABSOLUTE
    ../clib/angel/kernel.s                   0x00000000   Number         0  rtexit.o ABSOLUTE
    ../clib/angel/rt.s                       0x00000000   Number         0  rt_raise.o ABSOLUTE
    ../clib/angel/scatter.s                  0x00000000   Number         0  __scatter.o ABSOLUTE
    ../clib/angel/startup.s                  0x00000000   Number         0  __main.o ABSOLUTE
    ../clib/angel/sys.s                      0x00000000   Number         0  sys_stackheap_outer.o ABSOLUTE
    ../clib/angel/sys.s                      0x00000000   Number         0  libspace.o ABSOLUTE
    ../clib/angel/sys.s                      0x00000000   Number         0  indicate_semi.o ABSOLUTE
    ../clib/angel/sys.s                      0x00000000   Number         0  use_no_semi.o ABSOLUTE
    ../clib/angel/sysapp.c                   0x00000000   Number         0  sys_command.o ABSOLUTE
    ../clib/angel/sysapp.c                   0x00000000   Number         0  sys_exit.o ABSOLUTE
    ../clib/angel/sysapp.c                   0x00000000   Number         0  sys_wrch.o ABSOLUTE
    ../clib/armsys.c                         0x00000000   Number         0  no_argv.o ABSOLUTE
    ../clib/armsys.c                         0x00000000   Number         0  _get_argv_nomalloc.o ABSOLUTE
    ../clib/armsys.c                         0x00000000   Number         0  argv_veneer.o ABSOLUTE
    ../clib/armsys.c                         0x00000000   Number         0  argv_veneer.o ABSOLUTE
    ../clib/heapalloc.c                      0x00000000   Number         0  hrguard.o ABSOLUTE
    ../clib/heapaux.c                        0x00000000   Number         0  heapauxi.o ABSOLUTE
    ../clib/libinit.s                        0x00000000   Number         0  libshutdown.o ABSOLUTE
    ../clib/libinit.s                        0x00000000   Number         0  libinit.o ABSOLUTE
    ../clib/libinit.s                        0x00000000   Number         0  libinit2.o ABSOLUTE
    ../clib/libinit.s                        0x00000000   Number         0  libshutdown2.o ABSOLUTE
    ../clib/memcpset.s                       0x00000000   Number         0  rt_memcpy_v6.o ABSOLUTE
    ../clib/memcpset.s                       0x00000000   Number         0  rt_memcpy_w.o ABSOLUTE
    ../clib/signal.c                         0x00000000   Number         0  defsig_general.o ABSOLUTE
    ../clib/signal.c                         0x00000000   Number         0  defsig_rtmem_inner.o ABSOLUTE
    ../clib/signal.c                         0x00000000   Number         0  defsig_abrt_inner.o ABSOLUTE
    ../clib/signal.c                         0x00000000   Number         0  defsig_fpe_inner.o ABSOLUTE
    ../clib/signal.c                         0x00000000   Number         0  defsig_rtred_inner.o ABSOLUTE
    ../clib/signal.c                         0x00000000   Number         0  defsig_stak_inner.o ABSOLUTE
    ../clib/signal.c                         0x00000000   Number         0  defsig_other.o ABSOLUTE
    ../clib/signal.c                         0x00000000   Number         0  defsig_pvfn_inner.o ABSOLUTE
    ../clib/signal.c                         0x00000000   Number         0  defsig_cppl_inner.o ABSOLUTE
    ../clib/signal.c                         0x00000000   Number         0  defsig_segv_inner.o ABSOLUTE
    ../clib/signal.c                         0x00000000   Number         0  defsig_exit.o ABSOLUTE
    ../clib/signal.c                         0x00000000   Number         0  defsig_rtmem_formal.o ABSOLUTE
    ../clib/signal.c                         0x00000000   Number         0  defsig_rtmem_outer.o ABSOLUTE
    ../clib/signal.c                         0x00000000   Number         0  __raise.o ABSOLUTE
    ../clib/signal.s                         0x00000000   Number         0  defsig.o ABSOLUTE
    ../clib/stdlib.c                         0x00000000   Number         0  exit.o ABSOLUTE
    ../fplib/fpinit.s                        0x00000000   Number         0  fpinit.o ABSOLUTE
    ..\SRC\FWLIB\ADC\adc.c                   0x00000000   Number         0  adc.o ABSOLUTE
    ..\SRC\FWLIB\CAN\can.c                   0x00000000   Number         0  can.o ABSOLUTE
    ..\SRC\FWLIB\DAC\dac.c                   0x00000000   Number         0  dac.o ABSOLUTE
    ..\SRC\FWLIB\DELAY\delay.c               0x00000000   Number         0  delay.o ABSOLUTE
    ..\SRC\FWLIB\DMA\dma.c                   0x00000000   Number         0  dma.o ABSOLUTE
    ..\SRC\FWLIB\ENET\enet.c                 0x00000000   Number         0  enet.o ABSOLUTE
    ..\SRC\FWLIB\FLASH\flash.c               0x00000000   Number         0  flash.o ABSOLUTE
    ..\SRC\FWLIB\FTM\ftm.c                   0x00000000   Number         0  ftm.o ABSOLUTE
    ..\SRC\FWLIB\GPIO\gpio.c                 0x00000000   Number         0  gpio.o ABSOLUTE
    ..\SRC\FWLIB\I2C\i2c.c                   0x00000000   Number         0  i2c.o ABSOLUTE
    ..\SRC\FWLIB\LPTM\lptm.c                 0x00000000   Number         0  lptm.o ABSOLUTE
    ..\SRC\FWLIB\PDB\pdb.c                   0x00000000   Number         0  pdb.o ABSOLUTE
    ..\SRC\FWLIB\PIT\pit.c                   0x00000000   Number         0  pit.o ABSOLUTE
    ..\SRC\FWLIB\RTC\rtc.c                   0x00000000   Number         0  rtc.o ABSOLUTE
    ..\SRC\FWLIB\SD\sd.c                     0x00000000   Number         0  sd.o ABSOLUTE
    ..\SRC\FWLIB\SPI\spi.c                   0x00000000   Number         0  spi.o ABSOLUTE
    ..\SRC\FWLIB\SYS\sys.c                   0x00000000   Number         0  sys.o ABSOLUTE
    ..\SRC\FWLIB\TSI\tsi.c                   0x00000000   Number         0  tsi.o ABSOLUTE
    ..\SRC\FWLIB\UART\uart.c                 0x00000000   Number         0  uart.o ABSOLUTE
    ..\SRC\FWLIB\WDOG\wdog.c                 0x00000000   Number         0  wdog.o ABSOLUTE
    ..\SRC\HARDWARE\KEY\key.c                0x00000000   Number         0  key.o ABSOLUTE
    ..\SRC\HARDWARE\LED\led.c                0x00000000   Number         0  led.o ABSOLUTE
    ..\SRC\HARDWARE\MMA845x\mma845x.c        0x00000000   Number         0  mma845x.o ABSOLUTE
    ..\SRC\HARDWARE\NRF2401\nrf2401.c        0x00000000   Number         0  nrf2401.o ABSOLUTE
    ..\SRC\HARDWARE\SPILCD\spilcd.c          0x00000000   Number         0  spilcd.o ABSOLUTE
    ..\SRC\HARDWARE\oled\oled.c              0x00000000   Number         0  oled.o ABSOLUTE
    ..\SRC\STARTUP\startup_MK60DZ10.s        0x00000000   Number         0  startup_mk60dz10.o ABSOLUTE
    ..\SRC\STARTUP\system_MK60DZ10.c         0x00000000   Number         0  system_mk60dz10.o ABSOLUTE
    ..\SRC\USER\isr.c                        0x00000000   Number         0  isr.o ABSOLUTE
    ..\SRC\USER\main.c                       0x00000000   Number         0  main.o ABSOLUTE
    ..\\SRC\\FWLIB\\ADC\\adc.c               0x00000000   Number         0  adc.o ABSOLUTE
    ..\\SRC\\FWLIB\\CAN\\can.c               0x00000000   Number         0  can.o ABSOLUTE
    ..\\SRC\\FWLIB\\DAC\\dac.c               0x00000000   Number         0  dac.o ABSOLUTE
    ..\\SRC\\FWLIB\\DELAY\\delay.c           0x00000000   Number         0  delay.o ABSOLUTE
    ..\\SRC\\FWLIB\\DMA\\dma.c               0x00000000   Number         0  dma.o ABSOLUTE
    ..\\SRC\\FWLIB\\ENET\\enet.c             0x00000000   Number         0  enet.o ABSOLUTE
    ..\\SRC\\FWLIB\\FLASH\\flash.c           0x00000000   Number         0  flash.o ABSOLUTE
    ..\\SRC\\FWLIB\\FTM\\ftm.c               0x00000000   Number         0  ftm.o ABSOLUTE
    ..\\SRC\\FWLIB\\GPIO\\gpio.c             0x00000000   Number         0  gpio.o ABSOLUTE
    ..\\SRC\\FWLIB\\I2C\\i2c.c               0x00000000   Number         0  i2c.o ABSOLUTE
    ..\\SRC\\FWLIB\\LPTM\\lptm.c             0x00000000   Number         0  lptm.o ABSOLUTE
    ..\\SRC\\FWLIB\\PDB\\pdb.c               0x00000000   Number         0  pdb.o ABSOLUTE
    ..\\SRC\\FWLIB\\PIT\\pit.c               0x00000000   Number         0  pit.o ABSOLUTE
    ..\\SRC\\FWLIB\\RTC\\rtc.c               0x00000000   Number         0  rtc.o ABSOLUTE
    ..\\SRC\\FWLIB\\SD\\sd.c                 0x00000000   Number         0  sd.o ABSOLUTE
    ..\\SRC\\FWLIB\\SPI\\spi.c               0x00000000   Number         0  spi.o ABSOLUTE
    ..\\SRC\\FWLIB\\SYS\\sys.c               0x00000000   Number         0  sys.o ABSOLUTE
    ..\\SRC\\FWLIB\\TSI\\tsi.c               0x00000000   Number         0  tsi.o ABSOLUTE
    ..\\SRC\\FWLIB\\UART\\uart.c             0x00000000   Number         0  uart.o ABSOLUTE
    ..\\SRC\\FWLIB\\WDOG\\wdog.c             0x00000000   Number         0  wdog.o ABSOLUTE
    ..\\SRC\\HARDWARE\\KEY\\key.c            0x00000000   Number         0  key.o ABSOLUTE
    ..\\SRC\\HARDWARE\\LED\\led.c            0x00000000   Number         0  led.o ABSOLUTE
    ..\\SRC\\HARDWARE\\MMA845x\\mma845x.c    0x00000000   Number         0  mma845x.o ABSOLUTE
    ..\\SRC\\HARDWARE\\NRF2401\\nrf2401.c    0x00000000   Number         0  nrf2401.o ABSOLUTE
    ..\\SRC\\HARDWARE\\SPILCD\\spilcd.c      0x00000000   Number         0  spilcd.o ABSOLUTE
    ..\\SRC\\HARDWARE\\oled\\oled.c          0x00000000   Number         0  oled.o ABSOLUTE
    ..\\SRC\\STARTUP\\system_MK60DZ10.c      0x00000000   Number         0  system_mk60dz10.o ABSOLUTE
    ..\\SRC\\USER\\isr.c                     0x00000000   Number         0  isr.o ABSOLUTE
    ..\\SRC\\USER\\main.c                    0x00000000   Number         0  main.o ABSOLUTE
    dc.s                                     0x00000000   Number         0  dc.o ABSOLUTE
    .ARM.__at_0x400                          0x00000400   Section       16  startup_mk60dz10.o(.ARM.__at_0x400)
    !!!main                                  0x00000410   Section        8  __main.o(!!!main)
    !!!scatter                               0x00000418   Section       52  __scatter.o(!!!scatter)
    !!handler_copy                           0x0000044c   Section       26  __scatter_copy.o(!!handler_copy)
    !!handler_zi                             0x00000468   Section       28  __scatter_zi.o(!!handler_zi)
    .ARM.Collect$$libinit$$00000000          0x00000484   Section        2  libinit.o(.ARM.Collect$$libinit$$00000000)
    .ARM.Collect$$libinit$$00000002          0x00000486   Section        0  libinit2.o(.ARM.Collect$$libinit$$00000002)
    .ARM.Collect$$libinit$$00000008          0x00000486   Section        0  libinit2.o(.ARM.Collect$$libinit$$00000008)
    .ARM.Collect$$libinit$$0000000A          0x00000486   Section        0  libinit2.o(.ARM.Collect$$libinit$$0000000A)
    .ARM.Collect$$libinit$$0000000C          0x00000486   Section        0  libinit2.o(.ARM.Collect$$libinit$$0000000C)
    .ARM.Collect$$libinit$$0000000F          0x00000486   Section        0  libinit2.o(.ARM.Collect$$libinit$$0000000F)
    .ARM.Collect$$libinit$$00000011          0x00000486   Section        0  libinit2.o(.ARM.Collect$$libinit$$00000011)
    .ARM.Collect$$libinit$$00000013          0x00000486   Section        0  libinit2.o(.ARM.Collect$$libinit$$00000013)
    .ARM.Collect$$libinit$$00000015          0x00000486   Section        0  libinit2.o(.ARM.Collect$$libinit$$00000015)
    .ARM.Collect$$libinit$$00000017          0x00000486   Section        0  libinit2.o(.ARM.Collect$$libinit$$00000017)
    .ARM.Collect$$libinit$$00000019          0x00000486   Section        0  libinit2.o(.ARM.Collect$$libinit$$00000019)
    .ARM.Collect$$libinit$$0000001B          0x00000486   Section        0  libinit2.o(.ARM.Collect$$libinit$$0000001B)
    .ARM.Collect$$libinit$$0000001D          0x00000486   Section        0  libinit2.o(.ARM.Collect$$libinit$$0000001D)
    .ARM.Collect$$libinit$$0000001F          0x00000486   Section        0  libinit2.o(.ARM.Collect$$libinit$$0000001F)
    .ARM.Collect$$libinit$$00000021          0x00000486   Section        0  libinit2.o(.ARM.Collect$$libinit$$00000021)
    .ARM.Collect$$libinit$$00000023          0x00000486   Section        0  libinit2.o(.ARM.Collect$$libinit$$00000023)
    .ARM.Collect$$libinit$$0000002A          0x00000486   Section        0  libinit2.o(.ARM.Collect$$libinit$$0000002A)
    .ARM.Collect$$libinit$$0000002C          0x00000486   Section        0  libinit2.o(.ARM.Collect$$libinit$$0000002C)
    .ARM.Collect$$libinit$$0000002E          0x00000486   Section        0  libinit2.o(.ARM.Collect$$libinit$$0000002E)
    .ARM.Collect$$libinit$$00000030          0x00000486   Section        0  libinit2.o(.ARM.Collect$$libinit$$00000030)
    .ARM.Collect$$libinit$$00000031          0x00000486   Section        2  libinit2.o(.ARM.Collect$$libinit$$00000031)
    .ARM.Collect$$libshutdown$$00000000      0x00000488   Section        2  libshutdown.o(.ARM.Collect$$libshutdown$$00000000)
    .ARM.Collect$$libshutdown$$00000003      0x0000048a   Section        0  libshutdown2.o(.ARM.Collect$$libshutdown$$00000003)
    .ARM.Collect$$libshutdown$$00000006      0x0000048a   Section        0  libshutdown2.o(.ARM.Collect$$libshutdown$$00000006)
    .ARM.Collect$$libshutdown$$00000009      0x0000048a   Section        0  libshutdown2.o(.ARM.Collect$$libshutdown$$00000009)
    .ARM.Collect$$libshutdown$$0000000B      0x0000048a   Section        0  libshutdown2.o(.ARM.Collect$$libshutdown$$0000000B)
    .ARM.Collect$$libshutdown$$0000000E      0x0000048a   Section        0  libshutdown2.o(.ARM.Collect$$libshutdown$$0000000E)
    .ARM.Collect$$libshutdown$$0000000F      0x0000048a   Section        2  libshutdown2.o(.ARM.Collect$$libshutdown$$0000000F)
    .ARM.Collect$$rtentry$$00000000          0x0000048c   Section        0  rtentry.o(.ARM.Collect$$rtentry$$00000000)
    .ARM.Collect$$rtentry$$00000002          0x0000048c   Section        0  rtentry2.o(.ARM.Collect$$rtentry$$00000002)
    .ARM.Collect$$rtentry$$00000004          0x0000048c   Section        6  rtentry4.o(.ARM.Collect$$rtentry$$00000004)
    .ARM.Collect$$rtentry$$00000009          0x00000492   Section        0  rtentry2.o(.ARM.Collect$$rtentry$$00000009)
    .ARM.Collect$$rtentry$$0000000A          0x00000492   Section        4  rtentry2.o(.ARM.Collect$$rtentry$$0000000A)
    .ARM.Collect$$rtentry$$0000000C          0x00000496   Section        0  rtentry2.o(.ARM.Collect$$rtentry$$0000000C)
    .ARM.Collect$$rtentry$$0000000D          0x00000496   Section        8  rtentry2.o(.ARM.Collect$$rtentry$$0000000D)
    .ARM.Collect$$rtexit$$00000000           0x0000049e   Section        2  rtexit.o(.ARM.Collect$$rtexit$$00000000)
    .ARM.Collect$$rtexit$$00000002           0x000004a0   Section        0  rtexit2.o(.ARM.Collect$$rtexit$$00000002)
    .ARM.Collect$$rtexit$$00000003           0x000004a0   Section        4  rtexit2.o(.ARM.Collect$$rtexit$$00000003)
    .ARM.Collect$$rtexit$$00000004           0x000004a4   Section        6  rtexit2.o(.ARM.Collect$$rtexit$$00000004)
    .revsh_text                              0x000004ac   Section        4  enet.o(.revsh_text)
    .text                                    0x000004b0   Section        0  system_mk60dz10.o(.text)
    .text                                    0x00000650   Section       60  startup_mk60dz10.o(.text)
    .text                                    0x0000068c   Section        0  main.o(.text)
    .text                                    0x000007cc   Section        0  isr.o(.text)
    .text                                    0x00000880   Section        0  sys.o(.text)
    .text                                    0x00000fac   Section        0  delay.o(.text)
    .text                                    0x00001088   Section        0  gpio.o(.text)
    .text                                    0x0000171c   Section        0  pit.o(.text)
    .text                                    0x000019ac   Section        0  spi.o(.text)
    .text                                    0x00002200   Section        0  tsi.o(.text)
    .text                                    0x000025fc   Section        0  enet.o(.text)
    ENET_BDInit                              0x000025fd   Thumb Code   176  enet.o(.text)
    NVIC_EnableIRQ                           0x00002cd7   Thumb Code    22  enet.o(.text)
    .text                                    0x00002d30   Section        0  uart.o(.text)
    UART_puts                                0x00003335   Thumb Code    26  uart.o(.text)
    printn                                   0x0000334f   Thumb Code    48  uart.o(.text)
    .text                                    0x0000378c   Section        0  led.o(.text)
    .text                                    0x00003818   Section        0  spilcd.o(.text)
    .text                                    0x00003fa0   Section        0  key.o(.text)
    SKEY_Driver                              0x00003fcd   Thumb Code   122  key.o(.text)
    .text                                    0x000040bc   Section        0  nrf2401.o(.text)
    NRF2401_ReadWriteByte                    0x000040bd   Thumb Code    24  nrf2401.o(.text)
    NRF2401_ReadWriteReg                     0x000040d5   Thumb Code    36  nrf2401.o(.text)
    NRF2401_WriteBuffer                      0x000040f9   Thumb Code    56  nrf2401.o(.text)
    NRF2401_ReadBuffer                       0x00004131   Thumb Code    56  nrf2401.o(.text)
    NRF24L01_Check                           0x00004169   Thumb Code    58  nrf2401.o(.text)
    .text                                    0x00004398   Section        0  oled.o(.text)
    .text                                    0x000048e0   Section      138  rt_memcpy_v6.o(.text)
    .text                                    0x0000496a   Section        0  heapauxi.o(.text)
    .text                                    0x00004970   Section      100  rt_memcpy_w.o(.text)
    .text                                    0x000049d4   Section       74  sys_stackheap_outer.o(.text)
    .text                                    0x00004a1e   Section        0  exit.o(.text)
    .text                                    0x00004a2c   Section        8  libspace.o(.text)
    .text                                    0x00004a34   Section        0  sys_exit.o(.text)
    .text                                    0x00004a40   Section        2  use_no_semi.o(.text)
    .text                                    0x00004a42   Section        0  indicate_semi.o(.text)
    i.SPILCD_SetWindow                       0x00004a42   Section        0  spilcd.o(i.SPILCD_SetWindow)
    i.SPILCD_WriteRAM_Prepare                0x00004a8e   Section        0  spilcd.o(i.SPILCD_WriteRAM_Prepare)
    .constdata                               0x00004a98   Section     4183  spilcd.o(.constdata)
    .constdata                               0x00005aef   Section       10  nrf2401.o(.constdata)
    .constdata                               0x00005af9   Section     1680  oled.o(.constdata)
    .conststring                             0x0000618c   Section       17  uart.o(.conststring)
    .data                                    0x1fff8000   Section        4  system_mk60dz10.o(.data)
    .data                                    0x1fff8004   Section       33  main.o(.data)
    .data                                    0x1fff8026   Section        2  isr.o(.data)
    .data                                    0x1fff8028   Section        8  delay.o(.data)
    fac_us                                   0x1fff8028   Data           1  delay.o(.data)
    fac_ms                                   0x1fff802c   Data           4  delay.o(.data)
    .data                                    0x1fff8030   Section       12  enet.o(.data)
    pxENETTxDescriptor                       0x1fff8030   Data           4  enet.o(.data)
    pxENETRxDescriptors                      0x1fff8034   Data           4  enet.o(.data)
    uxNextRxBuffer                           0x1fff8038   Data           4  enet.o(.data)
    .data                                    0x1fff803c   Section        8  uart.o(.data)
    ntab                                     0x1fff8040   Data           4  uart.o(.data)
    .data                                    0x1fff8044   Section        4  spilcd.o(.data)
    .data                                    0x1fff8048   Section        4  key.o(.data)
    key_time                                 0x1fff8048   Data           1  key.o(.data)
    key_state                                0x1fff8049   Data           1  key.o(.data)
    key_time                                 0x1fff804a   Data           1  key.o(.data)
    key_state                                0x1fff804b   Data           1  key.o(.data)
    .bss                                     0x1fff804c   Section       36  sys.o(.bss)
    .bss                                     0x1fff8070   Section    12496  enet.o(.bss)
    xENETTxDescriptors_unaligned             0x1fff8070   Data          48  enet.o(.bss)
    pxENETRxDescriptors_unaligned            0x1fff80a0   Data         272  enet.o(.bss)
    ucENETRxBuffers                          0x1fff81b0   Data       12176  enet.o(.bss)
    .bss                                     0x1fffb140   Section      134  uart.o(.bss)
    .bss                                     0x1fffb1c8   Section       96  libspace.o(.bss)
    HEAP                                     0x1fffb228   Section        0  startup_mk60dz10.o(HEAP)
    STACK                                    0x1fffb228   Section     1024  startup_mk60dz10.o(STACK)
    Heap_Mem                                 0x1fffb228   Data           0  startup_mk60dz10.o(HEAP)
    Stack_Mem                                0x1fffb228   Data        1024  startup_mk60dz10.o(STACK)
    __initial_sp                             0x1fffb628   Data           0  startup_mk60dz10.o(STACK)

    Global Symbols

    Symbol Name                              Value     Ov Type        Size  Object(Section)

    BuildAttributes$$THM_ISAv4$E$P$D$K$B$S$7EM$PE$A:L22UL41UL21$X:L11$S22US41US21$IEEE1$IW$USESV6$~STKCKD$USESV7$~SHL$OSPACE$ROPI$EBA8$UX$STANDARDLIB$REQ8$PRES8$EABIv2 0x00000000   Number         0  anon$$obj.o ABSOLUTE
    __ARM_use_no_argv                        0x00000000   Number         0  main.o ABSOLUTE
    __Vectors                                0x00000000   Data           4  startup_mk60dz10.o(RESET)
    __ARM_exceptions_init                     - Undefined Weak Reference
    __alloca_initialize                       - Undefined Weak Reference
    __cpp_initialize__aeabi_                  - Undefined Weak Reference
    __cxa_finalize                            - Undefined Weak Reference
    __rt_locale                               - Undefined Weak Reference
    __sigvec_lookup                           - Undefined Weak Reference
    _atexit_init                              - Undefined Weak Reference
    _call_atexit_fns                          - Undefined Weak Reference
    _clock_init                               - Undefined Weak Reference
    _fp_trap_init                             - Undefined Weak Reference
    _fp_trap_shutdown                         - Undefined Weak Reference
    _get_lc_collate                           - Undefined Weak Reference
    _get_lc_ctype                             - Undefined Weak Reference
    _get_lc_monetary                          - Undefined Weak Reference
    _get_lc_numeric                           - Undefined Weak Reference
    _get_lc_time                              - Undefined Weak Reference
    _getenv_init                              - Undefined Weak Reference
    _handle_redirection                       - Undefined Weak Reference
    _init_alloc                               - Undefined Weak Reference
    _init_user_alloc                          - Undefined Weak Reference
    _initio                                   - Undefined Weak Reference
    _rand_init                                - Undefined Weak Reference
    _signal_finish                            - Undefined Weak Reference
    _signal_init                              - Undefined Weak Reference
    _terminate_alloc                          - Undefined Weak Reference
    _terminate_user_alloc                     - Undefined Weak Reference
    _terminateio                              - Undefined Weak Reference
    __Vectors_End                            0x00000400   Data           0  startup_mk60dz10.o(RESET)
    __Vectors_Size                           0x00000400   Number         0  startup_mk60dz10.o ABSOLUTE
    __main                                   0x00000411   Thumb Code     8  __main.o(!!!main)
    __scatterload                            0x00000419   Thumb Code     0  __scatter.o(!!!scatter)
    __scatterload_rt2                        0x00000419   Thumb Code    44  __scatter.o(!!!scatter)
    __scatterload_rt2_thumb_only             0x00000419   Thumb Code     0  __scatter.o(!!!scatter)
    __scatterload_null                       0x00000427   Thumb Code     0  __scatter.o(!!!scatter)
    __scatterload_copy                       0x0000044d   Thumb Code    26  __scatter_copy.o(!!handler_copy)
    __scatterload_zeroinit                   0x00000469   Thumb Code    28  __scatter_zi.o(!!handler_zi)
    __rt_lib_init                            0x00000485   Thumb Code     0  libinit.o(.ARM.Collect$$libinit$$00000000)
    __rt_lib_init_alloca_1                   0x00000487   Thumb Code     0  libinit2.o(.ARM.Collect$$libinit$$0000002C)
    __rt_lib_init_argv_1                     0x00000487   Thumb Code     0  libinit2.o(.ARM.Collect$$libinit$$0000002A)
    __rt_lib_init_atexit_1                   0x00000487   Thumb Code     0  libinit2.o(.ARM.Collect$$libinit$$00000019)
    __rt_lib_init_clock_1                    0x00000487   Thumb Code     0  libinit2.o(.ARM.Collect$$libinit$$0000001F)
    __rt_lib_init_cpp_1                      0x00000487   Thumb Code     0  libinit2.o(.ARM.Collect$$libinit$$00000030)
    __rt_lib_init_exceptions_1               0x00000487   Thumb Code     0  libinit2.o(.ARM.Collect$$libinit$$0000002E)
    __rt_lib_init_fp_1                       0x00000487   Thumb Code     0  libinit2.o(.ARM.Collect$$libinit$$00000002)
    __rt_lib_init_fp_trap_1                  0x00000487   Thumb Code     0  libinit2.o(.ARM.Collect$$libinit$$0000001D)
    __rt_lib_init_getenv_1                   0x00000487   Thumb Code     0  libinit2.o(.ARM.Collect$$libinit$$00000021)
    __rt_lib_init_heap_1                     0x00000487   Thumb Code     0  libinit2.o(.ARM.Collect$$libinit$$00000008)
    __rt_lib_init_lc_collate_1               0x00000487   Thumb Code     0  libinit2.o(.ARM.Collect$$libinit$$0000000F)
    __rt_lib_init_lc_ctype_1                 0x00000487   Thumb Code     0  libinit2.o(.ARM.Collect$$libinit$$00000011)
    __rt_lib_init_lc_monetary_1              0x00000487   Thumb Code     0  libinit2.o(.ARM.Collect$$libinit$$00000013)
    __rt_lib_init_lc_numeric_1               0x00000487   Thumb Code     0  libinit2.o(.ARM.Collect$$libinit$$00000015)
    __rt_lib_init_lc_time_1                  0x00000487   Thumb Code     0  libinit2.o(.ARM.Collect$$libinit$$00000017)
    __rt_lib_init_rand_1                     0x00000487   Thumb Code     0  libinit2.o(.ARM.Collect$$libinit$$0000000C)
    __rt_lib_init_return                     0x00000487   Thumb Code     0  libinit2.o(.ARM.Collect$$libinit$$00000031)
    __rt_lib_init_signal_1                   0x00000487   Thumb Code     0  libinit2.o(.ARM.Collect$$libinit$$0000001B)
    __rt_lib_init_stdio_1                    0x00000487   Thumb Code     0  libinit2.o(.ARM.Collect$$libinit$$00000023)
    __rt_lib_init_user_alloc_1               0x00000487   Thumb Code     0  libinit2.o(.ARM.Collect$$libinit$$0000000A)
    __rt_lib_shutdown                        0x00000489   Thumb Code     0  libshutdown.o(.ARM.Collect$$libshutdown$$00000000)
    __rt_lib_shutdown_fp_trap_1              0x0000048b   Thumb Code     0  libshutdown2.o(.ARM.Collect$$libshutdown$$00000006)
    __rt_lib_shutdown_heap_1                 0x0000048b   Thumb Code     0  libshutdown2.o(.ARM.Collect$$libshutdown$$0000000E)
    __rt_lib_shutdown_return                 0x0000048b   Thumb Code     0  libshutdown2.o(.ARM.Collect$$libshutdown$$0000000F)
    __rt_lib_shutdown_signal_1               0x0000048b   Thumb Code     0  libshutdown2.o(.ARM.Collect$$libshutdown$$00000009)
    __rt_lib_shutdown_stdio_1                0x0000048b   Thumb Code     0  libshutdown2.o(.ARM.Collect$$libshutdown$$00000003)
    __rt_lib_shutdown_user_alloc_1           0x0000048b   Thumb Code     0  libshutdown2.o(.ARM.Collect$$libshutdown$$0000000B)
    __rt_entry                               0x0000048d   Thumb Code     0  rtentry.o(.ARM.Collect$$rtentry$$00000000)
    __rt_entry_presh_1                       0x0000048d   Thumb Code     0  rtentry2.o(.ARM.Collect$$rtentry$$00000002)
    __rt_entry_sh                            0x0000048d   Thumb Code     0  rtentry4.o(.ARM.Collect$$rtentry$$00000004)
    __rt_entry_li                            0x00000493   Thumb Code     0  rtentry2.o(.ARM.Collect$$rtentry$$0000000A)
    __rt_entry_postsh_1                      0x00000493   Thumb Code     0  rtentry2.o(.ARM.Collect$$rtentry$$00000009)
    __rt_entry_main                          0x00000497   Thumb Code     0  rtentry2.o(.ARM.Collect$$rtentry$$0000000D)
    __rt_entry_postli_1                      0x00000497   Thumb Code     0  rtentry2.o(.ARM.Collect$$rtentry$$0000000C)
    __rt_exit                                0x0000049f   Thumb Code     0  rtexit.o(.ARM.Collect$$rtexit$$00000000)
    __rt_exit_ls                             0x000004a1   Thumb Code     0  rtexit2.o(.ARM.Collect$$rtexit$$00000003)
    __rt_exit_prels_1                        0x000004a1   Thumb Code     0  rtexit2.o(.ARM.Collect$$rtexit$$00000002)
    __rt_exit_exit                           0x000004a5   Thumb Code     0  rtexit2.o(.ARM.Collect$$rtexit$$00000004)
    __asm___6_enet_c_1ac3582e____REVSH       0x000004ad   Thumb Code     4  enet.o(.revsh_text)
    SystemInit                               0x000004b1   Thumb Code    88  system_mk60dz10.o(.text)
    SystemCoreClockUpdate                    0x00000509   Thumb Code   308  system_mk60dz10.o(.text)
    Reset_Handler                            0x00000651   Thumb Code     8  startup_mk60dz10.o(.text)
    NMI_Handler                              0x00000659   Thumb Code     2  startup_mk60dz10.o(.text)
    HardFault_Handler                        0x0000065b   Thumb Code     2  startup_mk60dz10.o(.text)
    MemManage_Handler                        0x0000065d   Thumb Code     2  startup_mk60dz10.o(.text)
    BusFault_Handler                         0x0000065f   Thumb Code     2  startup_mk60dz10.o(.text)
    UsageFault_Handler                       0x00000661   Thumb Code     2  startup_mk60dz10.o(.text)
    SVC_Handler                              0x00000663   Thumb Code     2  startup_mk60dz10.o(.text)
    DebugMon_Handler                         0x00000665   Thumb Code     2  startup_mk60dz10.o(.text)
    PendSV_Handler                           0x00000667   Thumb Code     2  startup_mk60dz10.o(.text)
    SysTick_Handler                          0x00000669   Thumb Code     2  startup_mk60dz10.o(.text)
    ADC0_IRQHandler                          0x0000066b   Thumb Code     0  startup_mk60dz10.o(.text)
    ADC1_IRQHandler                          0x0000066b   Thumb Code     0  startup_mk60dz10.o(.text)
    CAN0_Bus_Off_IRQHandler                  0x0000066b   Thumb Code     0  startup_mk60dz10.o(.text)
    CAN0_Error_IRQHandler                    0x0000066b   Thumb Code     0  startup_mk60dz10.o(.text)
    CAN0_ORed_Message_buffer_IRQHandler      0x0000066b   Thumb Code     0  startup_mk60dz10.o(.text)
    CAN0_Rx_Warning_IRQHandler               0x0000066b   Thumb Code     0  startup_mk60dz10.o(.text)
    CAN0_Tx_Warning_IRQHandler               0x0000066b   Thumb Code     0  startup_mk60dz10.o(.text)
    CAN0_Wake_Up_IRQHandler                  0x0000066b   Thumb Code     0  startup_mk60dz10.o(.text)
    CAN1_Bus_Off_IRQHandler                  0x0000066b   Thumb Code     0  startup_mk60dz10.o(.text)
    CAN1_Error_IRQHandler                    0x0000066b   Thumb Code     0  startup_mk60dz10.o(.text)
    CAN1_ORed_Message_buffer_IRQHandler      0x0000066b   Thumb Code     0  startup_mk60dz10.o(.text)
    CAN1_Rx_Warning_IRQHandler               0x0000066b   Thumb Code     0  startup_mk60dz10.o(.text)
    CAN1_Tx_Warning_IRQHandler               0x0000066b   Thumb Code     0  startup_mk60dz10.o(.text)
    CAN1_Wake_Up_IRQHandler                  0x0000066b   Thumb Code     0  startup_mk60dz10.o(.text)
    CMP0_IRQHandler                          0x0000066b   Thumb Code     0  startup_mk60dz10.o(.text)
    CMP1_IRQHandler                          0x0000066b   Thumb Code     0  startup_mk60dz10.o(.text)
    CMP2_IRQHandler                          0x0000066b   Thumb Code     0  startup_mk60dz10.o(.text)
    CMT_IRQHandler                           0x0000066b   Thumb Code     0  startup_mk60dz10.o(.text)
    DAC0_IRQHandler                          0x0000066b   Thumb Code     0  startup_mk60dz10.o(.text)
    DAC1_IRQHandler                          0x0000066b   Thumb Code     0  startup_mk60dz10.o(.text)
    DMA0_IRQHandler                          0x0000066b   Thumb Code     0  startup_mk60dz10.o(.text)
    DMA10_IRQHandler                         0x0000066b   Thumb Code     0  startup_mk60dz10.o(.text)
    DMA11_IRQHandler                         0x0000066b   Thumb Code     0  startup_mk60dz10.o(.text)
    DMA12_IRQHandler                         0x0000066b   Thumb Code     0  startup_mk60dz10.o(.text)
    DMA13_IRQHandler                         0x0000066b   Thumb Code     0  startup_mk60dz10.o(.text)
    DMA14_IRQHandler                         0x0000066b   Thumb Code     0  startup_mk60dz10.o(.text)
    DMA15_IRQHandler                         0x0000066b   Thumb Code     0  startup_mk60dz10.o(.text)
    DMA1_IRQHandler                          0x0000066b   Thumb Code     0  startup_mk60dz10.o(.text)
    DMA2_IRQHandler                          0x0000066b   Thumb Code     0  startup_mk60dz10.o(.text)
    DMA3_IRQHandler                          0x0000066b   Thumb Code     0  startup_mk60dz10.o(.text)
    DMA4_IRQHandler                          0x0000066b   Thumb Code     0  startup_mk60dz10.o(.text)
    DMA5_IRQHandler                          0x0000066b   Thumb Code     0  startup_mk60dz10.o(.text)
    DMA6_IRQHandler                          0x0000066b   Thumb Code     0  startup_mk60dz10.o(.text)
    DMA7_IRQHandler                          0x0000066b   Thumb Code     0  startup_mk60dz10.o(.text)
    DMA8_IRQHandler                          0x0000066b   Thumb Code     0  startup_mk60dz10.o(.text)
    DMA9_IRQHandler                          0x0000066b   Thumb Code     0  startup_mk60dz10.o(.text)
    DMA_Error_IRQHandler                     0x0000066b   Thumb Code     0  startup_mk60dz10.o(.text)
    DefaultISR                               0x0000066b   Thumb Code     0  startup_mk60dz10.o(.text)
    ENET_1588_Timer_IRQHandler               0x0000066b   Thumb Code     0  startup_mk60dz10.o(.text)
    FTFL_IRQHandler                          0x0000066b   Thumb Code     0  startup_mk60dz10.o(.text)
    FTM0_IRQHandler                          0x0000066b   Thumb Code     0  startup_mk60dz10.o(.text)
    FTM1_IRQHandler                          0x0000066b   Thumb Code     0  startup_mk60dz10.o(.text)
    FTM2_IRQHandler                          0x0000066b   Thumb Code     0  startup_mk60dz10.o(.text)
    I2C0_IRQHandler                          0x0000066b   Thumb Code     0  startup_mk60dz10.o(.text)
    I2C1_IRQHandler                          0x0000066b   Thumb Code     0  startup_mk60dz10.o(.text)
    I2S0_IRQHandler                          0x0000066b   Thumb Code     0  startup_mk60dz10.o(.text)
    LLW_IRQHandler                           0x0000066b   Thumb Code     0  startup_mk60dz10.o(.text)
    LPTimer_IRQHandler                       0x0000066b   Thumb Code     0  startup_mk60dz10.o(.text)
    LVD_LVW_IRQHandler                       0x0000066b   Thumb Code     0  startup_mk60dz10.o(.text)
    MCG_IRQHandler                           0x0000066b   Thumb Code     0  startup_mk60dz10.o(.text)
    MCM_IRQHandler                           0x0000066b   Thumb Code     0  startup_mk60dz10.o(.text)
    PDB0_IRQHandler                          0x0000066b   Thumb Code     0  startup_mk60dz10.o(.text)
    PIT1_IRQHandler                          0x0000066b   Thumb Code     0  startup_mk60dz10.o(.text)
    PIT2_IRQHandler                          0x0000066b   Thumb Code     0  startup_mk60dz10.o(.text)
    PIT3_IRQHandler                          0x0000066b   Thumb Code     0  startup_mk60dz10.o(.text)
    PORTA_IRQHandler                         0x0000066b   Thumb Code     0  startup_mk60dz10.o(.text)
    PORTC_IRQHandler                         0x0000066b   Thumb Code     0  startup_mk60dz10.o(.text)
    PORTD_IRQHandler                         0x0000066b   Thumb Code     0  startup_mk60dz10.o(.text)
    PORTE_IRQHandler                         0x0000066b   Thumb Code     0  startup_mk60dz10.o(.text)
    RNG_IRQHandler                           0x0000066b   Thumb Code     0  startup_mk60dz10.o(.text)
    RTC_IRQHandler                           0x0000066b   Thumb Code     0  startup_mk60dz10.o(.text)
    Read_Collision_IRQHandler                0x0000066b   Thumb Code     0  startup_mk60dz10.o(.text)
    Reserved102_IRQHandler                   0x0000066b   Thumb Code     0  startup_mk60dz10.o(.text)
    Reserved108_IRQHandler                   0x0000066b   Thumb Code     0  startup_mk60dz10.o(.text)
    Reserved109_IRQHandler                   0x0000066b   Thumb Code     0  startup_mk60dz10.o(.text)
    Reserved110_IRQHandler                   0x0000066b   Thumb Code     0  startup_mk60dz10.o(.text)
    Reserved111_IRQHandler                   0x0000066b   Thumb Code     0  startup_mk60dz10.o(.text)
    Reserved112_IRQHandler                   0x0000066b   Thumb Code     0  startup_mk60dz10.o(.text)
    Reserved113_IRQHandler                   0x0000066b   Thumb Code     0  startup_mk60dz10.o(.text)
    Reserved114_IRQHandler                   0x0000066b   Thumb Code     0  startup_mk60dz10.o(.text)
    Reserved115_IRQHandler                   0x0000066b   Thumb Code     0  startup_mk60dz10.o(.text)
    Reserved116_IRQHandler                   0x0000066b   Thumb Code     0  startup_mk60dz10.o(.text)
    Reserved117_IRQHandler                   0x0000066b   Thumb Code     0  startup_mk60dz10.o(.text)
    Reserved118_IRQHandler                   0x0000066b   Thumb Code     0  startup_mk60dz10.o(.text)
    Reserved119_IRQHandler                   0x0000066b   Thumb Code     0  startup_mk60dz10.o(.text)
    Reserved51_IRQHandler                    0x0000066b   Thumb Code     0  startup_mk60dz10.o(.text)
    Reserved52_IRQHandler                    0x0000066b   Thumb Code     0  startup_mk60dz10.o(.text)
    Reserved59_IRQHandler                    0x0000066b   Thumb Code     0  startup_mk60dz10.o(.text)
    Reserved60_IRQHandler                    0x0000066b   Thumb Code     0  startup_mk60dz10.o(.text)
    Reserved83_IRQHandler                    0x0000066b   Thumb Code     0  startup_mk60dz10.o(.text)
    SDHC_IRQHandler                          0x0000066b   Thumb Code     0  startup_mk60dz10.o(.text)
    SPI0_IRQHandler                          0x0000066b   Thumb Code     0  startup_mk60dz10.o(.text)
    SPI1_IRQHandler                          0x0000066b   Thumb Code     0  startup_mk60dz10.o(.text)
    SPI2_IRQHandler                          0x0000066b   Thumb Code     0  startup_mk60dz10.o(.text)
    UART0_ERR_IRQHandler                     0x0000066b   Thumb Code     0  startup_mk60dz10.o(.text)
    UART0_RX_TX_IRQHandler                   0x0000066b   Thumb Code     0  startup_mk60dz10.o(.text)
    UART1_ERR_IRQHandler                     0x0000066b   Thumb Code     0  startup_mk60dz10.o(.text)
    UART1_RX_TX_IRQHandler                   0x0000066b   Thumb Code     0  startup_mk60dz10.o(.text)
    UART2_ERR_IRQHandler                     0x0000066b   Thumb Code     0  startup_mk60dz10.o(.text)
    UART2_RX_TX_IRQHandler                   0x0000066b   Thumb Code     0  startup_mk60dz10.o(.text)
    UART3_ERR_IRQHandler                     0x0000066b   Thumb Code     0  startup_mk60dz10.o(.text)
    UART3_RX_TX_IRQHandler                   0x0000066b   Thumb Code     0  startup_mk60dz10.o(.text)
    UART4_ERR_IRQHandler                     0x0000066b   Thumb Code     0  startup_mk60dz10.o(.text)
    UART5_ERR_IRQHandler                     0x0000066b   Thumb Code     0  startup_mk60dz10.o(.text)
    UART5_RX_TX_IRQHandler                   0x0000066b   Thumb Code     0  startup_mk60dz10.o(.text)
    USB0_IRQHandler                          0x0000066b   Thumb Code     0  startup_mk60dz10.o(.text)
    USBDCD_IRQHandler                        0x0000066b   Thumb Code     0  startup_mk60dz10.o(.text)
    Watchdog_IRQHandler                      0x0000066b   Thumb Code     0  startup_mk60dz10.o(.text)
    __user_initial_stackheap                 0x0000066d   Thumb Code     0  startup_mk60dz10.o(.text)
    main                                     0x0000068d   Thumb Code   194  main.o(.text)
    assert_failed                            0x0000074f   Thumb Code    18  main.o(.text)
    UART4_RX_TX_IRQHandler                   0x000007cd   Thumb Code    30  isr.o(.text)
    PIT0_IRQHandler                          0x000007eb   Thumb Code    18  isr.o(.text)
    PORTB_IRQHandler                         0x000007fd   Thumb Code    28  isr.o(.text)
    TSI0_IRQHandler                          0x00000819   Thumb Code    58  isr.o(.text)
    GetCPUInfo                               0x00000881   Thumb Code   736  sys.o(.text)
    SystemClockSetup                         0x00000b61   Thumb Code   714  sys.o(.text)
    NVIC_Init                                0x00000e2b   Thumb Code   250  sys.o(.text)
    SystemSoftReset                          0x00000f25   Thumb Code    34  sys.o(.text)
    EnableInterrupts                         0x00000f47   Thumb Code     4  sys.o(.text)
    DisableInterrupts                        0x00000f4b   Thumb Code     4  sys.o(.text)
    SetVectorTable                           0x00000f4f   Thumb Code    32  sys.o(.text)
    GetFWVersion                             0x00000f6f   Thumb Code     4  sys.o(.text)
    DelayInit                                0x00000fad   Thumb Code    54  delay.o(.text)
    DelayUs                                  0x00000fe3   Thumb Code    68  delay.o(.text)
    DelayMs                                  0x00001027   Thumb Code    80  delay.o(.text)
    GPIO_Init                                0x00001089   Thumb Code   648  gpio.o(.text)
    GPIO_GetITStates                         0x00001311   Thumb Code    84  gpio.o(.text)
    GPIO_ClearITPendingBit                   0x00001365   Thumb Code   138  gpio.o(.text)
    GPIO_StructInit                          0x000013ef   Thumb Code    10  gpio.o(.text)
    GPIO_WriteBit                            0x000013f9   Thumb Code   110  gpio.o(.text)
    GPIO_SetBits                             0x00001467   Thumb Code   148  gpio.o(.text)
    GPIO_ResetBits                           0x000014fb   Thumb Code    82  gpio.o(.text)
    GPIO_ToggleBit                           0x0000154d   Thumb Code    86  gpio.o(.text)
    GPIO_Write                               0x000015a3   Thumb Code    60  gpio.o(.text)
    GPIO_ReadOutputDataBit                   0x000015df   Thumb Code    96  gpio.o(.text)
    GPIO_ReadOutputData                      0x0000163f   Thumb Code    60  gpio.o(.text)
    GPIO_ReadInputDataBit                    0x0000167b   Thumb Code    96  gpio.o(.text)
    GPIO_ReadInputData                       0x000016db   Thumb Code    58  gpio.o(.text)
    PIT_Init                                 0x0000171d   Thumb Code   154  pit.o(.text)
    PIT_GetLoadValue                         0x000017b7   Thumb Code    38  pit.o(.text)
    PIT_GetCurrentValue                      0x000017dd   Thumb Code    38  pit.o(.text)
    PIT_SetLoadValue                         0x00001803   Thumb Code    40  pit.o(.text)
    PIT_Start                                0x0000182b   Thumb Code    50  pit.o(.text)
    PIT_Stop                                 0x0000185d   Thumb Code    50  pit.o(.text)
    PIT_ITConfig                             0x0000188f   Thumb Code   110  pit.o(.text)
    PIT_GetITStatus                          0x000018fd   Thumb Code    70  pit.o(.text)
    PIT_ClearITPendingBit                    0x00001943   Thumb Code    64  pit.o(.text)
    SPI_StructInit                           0x000019ad   Thumb Code    22  spi.o(.text)
    SPI_Init                                 0x000019c3   Thumb Code   998  spi.o(.text)
    SPI_ReadWriteByte                        0x00001da9   Thumb Code   364  spi.o(.text)
    SPI_ITConfig                             0x00001f15   Thumb Code   252  spi.o(.text)
    SPI_GetITStatus                          0x00002011   Thumb Code   190  spi.o(.text)
    SPI_ClearITPendingBit                    0x000020cf   Thumb Code   152  spi.o(.text)
    SPI_DMACmd                               0x00002167   Thumb Code   142  spi.o(.text)
    TSI_GetCounter                           0x00002201   Thumb Code   246  tsi.o(.text)
    TSI_SelfCalibration                      0x000022f7   Thumb Code    98  tsi.o(.text)
    TSI_Init                                 0x00002359   Thumb Code   350  tsi.o(.text)
    TSI_ITConfig                             0x000024b7   Thumb Code    74  tsi.o(.text)
    TSI_GetITStatus                          0x00002501   Thumb Code    90  tsi.o(.text)
    TSI_ClearITPendingBit                    0x0000255b   Thumb Code    62  tsi.o(.text)
    TSI_GetChannelOutOfRangleFlag            0x00002599   Thumb Code    26  tsi.o(.text)
    TSI_ClearAllITPendingFlag                0x000025b3   Thumb Code    40  tsi.o(.text)
    ENET_HashAddress                         0x000026ad   Thumb Code    58  enet.o(.text)
    ENET_SetAddress                          0x000026e7   Thumb Code   106  enet.o(.text)
    ENET_MiiRead                             0x00002751   Thumb Code   106  enet.o(.text)
    ENET_MiiWrite                            0x000027bb   Thumb Code   104  enet.o(.text)
    ENET_MiiInit                             0x00002823   Thumb Code    48  enet.o(.text)
    ENET_Init                                0x00002853   Thumb Code   870  enet.o(.text)
    ENET_MiiLinkState                        0x00002bb9   Thumb Code    34  enet.o(.text)
    ENET_MacSendData                         0x00002bdb   Thumb Code    76  enet.o(.text)
    ENET_MacRecData                          0x00002c27   Thumb Code   138  enet.o(.text)
    ENET_Transmit_IRQHandler                 0x00002cb1   Thumb Code    14  enet.o(.text)
    ENET_Receive_IRQHandler                  0x00002cbf   Thumb Code    14  enet.o(.text)
    ENET_Error_IRQHandler                    0x00002ccd   Thumb Code    10  enet.o(.text)
    UART_Init                                0x00002d31   Thumb Code   592  uart.o(.text)
    UART_DebugPortInit                       0x00002f81   Thumb Code    94  uart.o(.text)
    UART_ITConfig                            0x00002fdf   Thumb Code   206  uart.o(.text)
    UART_GetITStatus                         0x000030ad   Thumb Code   268  uart.o(.text)
    UART_SendData                            0x000031b9   Thumb Code    16  uart.o(.text)
    UART_SendDataInt                         0x000031c9   Thumb Code    98  uart.o(.text)
    UART_DMACmd                              0x0000322b   Thumb Code   162  uart.o(.text)
    UART_SendDataIntProcess                  0x000032cd   Thumb Code    82  uart.o(.text)
    UART_ReceiveData                         0x0000331f   Thumb Code    22  uart.o(.text)
    UART_printf                              0x0000337f   Thumb Code   106  uart.o(.text)
    DisplayCPUInfo                           0x000033e9   Thumb Code   336  uart.o(.text)
    LED_Init                                 0x0000378d   Thumb Code   134  led.o(.text)
    SPILCD_WR_REG                            0x00003819   Thumb Code    24  spilcd.o(.text)
    SPILCD_WR_DATA                           0x00003831   Thumb Code    24  spilcd.o(.text)
    SPILCD_WriteRAM                          0x00003849   Thumb Code    18  spilcd.o(.text)
    LCD_DisplayOn                            0x0000385b   Thumb Code    10  spilcd.o(.text)
    LCD_DisplayOff                           0x00003865   Thumb Code    10  spilcd.o(.text)
    LCD_InvDisplayOn                         0x0000386f   Thumb Code    10  spilcd.o(.text)
    LCD_InvDisplayOff                        0x00003879   Thumb Code    10  spilcd.o(.text)
    SPILCD_Clear                             0x00003883   Thumb Code    42  spilcd.o(.text)
    SPILCD_Init                              0x000038ad   Thumb Code   604  spilcd.o(.text)
    SPILCD_DrawPoint                         0x00003b09   Thumb Code    36  spilcd.o(.text)
    SPILCD_Fill                              0x00003b2d   Thumb Code    78  spilcd.o(.text)
    SPILCD_DrawLine                          0x00003b7b   Thumb Code   198  spilcd.o(.text)
    SPILCD_DrawRectangle                     0x00003c41   Thumb Code    64  spilcd.o(.text)
    SPIDraw_Circle                           0x00003c81   Thumb Code   176  spilcd.o(.text)
    SPILCD_ShowChar                          0x00003d31   Thumb Code   320  spilcd.o(.text)
    mypow                                    0x00003e71   Thumb Code    22  spilcd.o(.text)
    SPILCD_ShowNum                           0x00003e87   Thumb Code   154  spilcd.o(.text)
    LCD_ShowString                           0x00003f21   Thumb Code   104  spilcd.o(.text)
    KEY_Init                                 0x00003fa1   Thumb Code    36  key.o(.text)
    KEY_GetKeyValue                          0x00003fc5   Thumb Code     8  key.o(.text)
    KEY_Scan                                 0x00004047   Thumb Code    92  key.o(.text)
    NRF2401_Init                             0x000041a3   Thumb Code   172  nrf2401.o(.text)
    NRF2401_SetRXMode                        0x0000424f   Thumb Code    74  nrf2401.o(.text)
    NRF2401_SetTXMode                        0x00004299   Thumb Code    84  nrf2401.o(.text)
    NRF2401_SendData                         0x000042ed   Thumb Code    86  nrf2401.o(.text)
    NRF2401_RecData                          0x00004343   Thumb Code    54  nrf2401.o(.text)
    OLED_WrDat                               0x00004399   Thumb Code   114  oled.o(.text)
    OLED_WrCmd                               0x0000440b   Thumb Code   116  oled.o(.text)
    OLED_Set_XY                              0x0000447f   Thumb Code    40  oled.o(.text)
    OLED_Clear                               0x000044a7   Thumb Code    56  oled.o(.text)
    OLED_Delay_ms                            0x000044df   Thumb Code    28  oled.o(.text)
    OLED_Pin_Init                            0x000044fb   Thumb Code    38  oled.o(.text)
    OLED_Init                                0x00004521   Thumb Code   256  oled.o(.text)
    OLED_Write_Char                          0x00004621   Thumb Code   194  oled.o(.text)
    OLED_Write_String                        0x000046e3   Thumb Code    36  oled.o(.text)
    OLED_Write_Num3                          0x00004707   Thumb Code    82  oled.o(.text)
    OLED_Write_Num4                          0x00004759   Thumb Code   132  oled.o(.text)
    OLED_Write_Num5                          0x000047dd   Thumb Code   150  oled.o(.text)
    OLED_Write_Num2                          0x00004873   Thumb Code    62  oled.o(.text)
    OLED_Tupian                              0x000048b1   Thumb Code    44  oled.o(.text)
    __aeabi_memcpy                           0x000048e1   Thumb Code     0  rt_memcpy_v6.o(.text)
    __rt_memcpy                              0x000048e1   Thumb Code   138  rt_memcpy_v6.o(.text)
    _memcpy_lastbytes                        0x00004947   Thumb Code     0  rt_memcpy_v6.o(.text)
    __use_two_region_memory                  0x0000496b   Thumb Code     2  heapauxi.o(.text)
    __rt_heap_escrow$2region                 0x0000496d   Thumb Code     2  heapauxi.o(.text)
    __rt_heap_expand$2region                 0x0000496f   Thumb Code     2  heapauxi.o(.text)
    __aeabi_memcpy4                          0x00004971   Thumb Code     0  rt_memcpy_w.o(.text)
    __aeabi_memcpy8                          0x00004971   Thumb Code     0  rt_memcpy_w.o(.text)
    __rt_memcpy_w                            0x00004971   Thumb Code   100  rt_memcpy_w.o(.text)
    _memcpy_lastbytes_aligned                0x000049b9   Thumb Code     0  rt_memcpy_w.o(.text)
    __user_setup_stackheap                   0x000049d5   Thumb Code    74  sys_stackheap_outer.o(.text)
    exit                                     0x00004a1f   Thumb Code    12  exit.o(.text)
    __user_libspace                          0x00004a2d   Thumb Code     8  libspace.o(.text)
    __user_perproc_libspace                  0x00004a2d   Thumb Code     0  libspace.o(.text)
    __user_perthread_libspace                0x00004a2d   Thumb Code     0  libspace.o(.text)
    _sys_exit                                0x00004a35   Thumb Code     8  sys_exit.o(.text)
    __I$use$semihosting                      0x00004a41   Thumb Code     0  use_no_semi.o(.text)
    __use_no_semihosting_swi                 0x00004a41   Thumb Code     2  use_no_semi.o(.text)
    SPILCD_SetWindow                         0x00004a43   Thumb Code    76  spilcd.o(i.SPILCD_SetWindow)
    __semihosting_library_function           0x00004a43   Thumb Code     0  indicate_semi.o(.text)
    SPILCD_WriteRAM_Prepare                  0x00004a8f   Thumb Code    10  spilcd.o(i.SPILCD_WriteRAM_Prepare)
    fontsizetable                            0x00004a98   Data           3  spilcd.o(.constdata)
    asc2_1206                                0x00004a9b   Data        1140  spilcd.o(.constdata)
    asc2_1608                                0x00004f0f   Data        1520  spilcd.o(.constdata)
    asc2_1608c                               0x000054ff   Data        1520  spilcd.o(.constdata)
    TX_ADDRESS                               0x00005aef   Data           5  nrf2401.o(.constdata)
    RX_ADDRESS                               0x00005af4   Data           5  nrf2401.o(.constdata)
    LargeChars                               0x00005af9   Data        1152  oled.o(.constdata)
    gImage_Women2                            0x00005f79   Data         528  oled.o(.constdata)
    Region$$Table$$Base                      0x000061a0   Number         0  anon$$obj.o(Region$$Table)
    Region$$Table$$Limit                     0x000061c0   Number         0  anon$$obj.o(Region$$Table)
    SystemCoreClock                          0x1fff8000   Data           4  system_mk60dz10.o(.data)
    NRF2401TXBuffer                          0x1fff8004   Data          32  main.o(.data)
    ScanTimeFlag                             0x1fff8024   Data           1  main.o(.data)
    TSIStatues                               0x1fff8026   Data           2  isr.o(.data)
    UART_DebugPort                           0x1fff803c   Data           4  uart.o(.data)
    POINT_COLOR                              0x1fff8044   Data           2  spilcd.o(.data)
    BACK_COLOR                               0x1fff8046   Data           2  spilcd.o(.data)
    CPUInfo                                  0x1fff804c   Data          36  sys.o(.bss)
    UART_TxIntStruct1                        0x1fffb140   Data         134  uart.o(.bss)
    __libspace_start                         0x1fffb1c8   Data          96  libspace.o(.bss)
    __temporary_stack_top$libspace           0x1fffb228   Data           0  libspace.o(.bss)



==============================================================================

Memory Map of the image

  Image Entry point : 0x00000411

  Load Region LR_IROM1 (Base: 0x00000000, Size: 0x0000620c, Max: 0x00050000, ABSOLUTE)

    Execution Region ER_IROM1 (Base: 0x00000000, Size: 0x000061c0, Max: 0x00050000, ABSOLUTE)

    Base Addr    Size         Type   Attr      Idx    E Section Name        Object

    0x00000000   0x00000400   Data   RO           51    RESET               startup_mk60dz10.o
    0x00000400   0x00000010   Code   RO           52    .ARM.__at_0x400     startup_mk60dz10.o
    0x00000410   0x00000008   Code   RO          805  * !!!main             c_w.l(__main.o)
    0x00000418   0x00000034   Code   RO          961    !!!scatter          c_w.l(__scatter.o)
    0x0000044c   0x0000001a   Code   RO          963    !!handler_copy      c_w.l(__scatter_copy.o)
    0x00000466   0x00000002   PAD
    0x00000468   0x0000001c   Code   RO          965    !!handler_zi        c_w.l(__scatter_zi.o)
    0x00000484   0x00000002   Code   RO          834    .ARM.Collect$$libinit$$00000000  c_w.l(libinit.o)
    0x00000486   0x00000000   Code   RO          841    .ARM.Collect$$libinit$$00000002  c_w.l(libinit2.o)
    0x00000486   0x00000000   Code   RO          844    .ARM.Collect$$libinit$$00000008  c_w.l(libinit2.o)
    0x00000486   0x00000000   Code   RO          846    .ARM.Collect$$libinit$$0000000A  c_w.l(libinit2.o)
    0x00000486   0x00000000   Code   RO          848    .ARM.Collect$$libinit$$0000000C  c_w.l(libinit2.o)
    0x00000486   0x00000000   Code   RO          851    .ARM.Collect$$libinit$$0000000F  c_w.l(libinit2.o)
    0x00000486   0x00000000   Code   RO          853    .ARM.Collect$$libinit$$00000011  c_w.l(libinit2.o)
    0x00000486   0x00000000   Code   RO          855    .ARM.Collect$$libinit$$00000013  c_w.l(libinit2.o)
    0x00000486   0x00000000   Code   RO          857    .ARM.Collect$$libinit$$00000015  c_w.l(libinit2.o)
    0x00000486   0x00000000   Code   RO          859    .ARM.Collect$$libinit$$00000017  c_w.l(libinit2.o)
    0x00000486   0x00000000   Code   RO          861    .ARM.Collect$$libinit$$00000019  c_w.l(libinit2.o)
    0x00000486   0x00000000   Code   RO          863    .ARM.Collect$$libinit$$0000001B  c_w.l(libinit2.o)
    0x00000486   0x00000000   Code   RO          865    .ARM.Collect$$libinit$$0000001D  c_w.l(libinit2.o)
    0x00000486   0x00000000   Code   RO          867    .ARM.Collect$$libinit$$0000001F  c_w.l(libinit2.o)
    0x00000486   0x00000000   Code   RO          869    .ARM.Collect$$libinit$$00000021  c_w.l(libinit2.o)
    0x00000486   0x00000000   Code   RO          871    .ARM.Collect$$libinit$$00000023  c_w.l(libinit2.o)
    0x00000486   0x00000000   Code   RO          875    .ARM.Collect$$libinit$$0000002A  c_w.l(libinit2.o)
    0x00000486   0x00000000   Code   RO          877    .ARM.Collect$$libinit$$0000002C  c_w.l(libinit2.o)
    0x00000486   0x00000000   Code   RO          879    .ARM.Collect$$libinit$$0000002E  c_w.l(libinit2.o)
    0x00000486   0x00000000   Code   RO          881    .ARM.Collect$$libinit$$00000030  c_w.l(libinit2.o)
    0x00000486   0x00000002   Code   RO          882    .ARM.Collect$$libinit$$00000031  c_w.l(libinit2.o)
    0x00000488   0x00000002   Code   RO          902    .ARM.Collect$$libshutdown$$00000000  c_w.l(libshutdown.o)
    0x0000048a   0x00000000   Code   RO          916    .ARM.Collect$$libshutdown$$00000003  c_w.l(libshutdown2.o)
    0x0000048a   0x00000000   Code   RO          919    .ARM.Collect$$libshutdown$$00000006  c_w.l(libshutdown2.o)
    0x0000048a   0x00000000   Code   RO          922    .ARM.Collect$$libshutdown$$00000009  c_w.l(libshutdown2.o)
    0x0000048a   0x00000000   Code   RO          924    .ARM.Collect$$libshutdown$$0000000B  c_w.l(libshutdown2.o)
    0x0000048a   0x00000000   Code   RO          927    .ARM.Collect$$libshutdown$$0000000E  c_w.l(libshutdown2.o)
    0x0000048a   0x00000002   Code   RO          928    .ARM.Collect$$libshutdown$$0000000F  c_w.l(libshutdown2.o)
    0x0000048c   0x00000000   Code   RO          807    .ARM.Collect$$rtentry$$00000000  c_w.l(rtentry.o)
    0x0000048c   0x00000000   Code   RO          811    .ARM.Collect$$rtentry$$00000002  c_w.l(rtentry2.o)
    0x0000048c   0x00000006   Code   RO          823    .ARM.Collect$$rtentry$$00000004  c_w.l(rtentry4.o)
    0x00000492   0x00000000   Code   RO          813    .ARM.Collect$$rtentry$$00000009  c_w.l(rtentry2.o)
    0x00000492   0x00000004   Code   RO          814    .ARM.Collect$$rtentry$$0000000A  c_w.l(rtentry2.o)
    0x00000496   0x00000000   Code   RO          816    .ARM.Collect$$rtentry$$0000000C  c_w.l(rtentry2.o)
    0x00000496   0x00000008   Code   RO          817    .ARM.Collect$$rtentry$$0000000D  c_w.l(rtentry2.o)
    0x0000049e   0x00000002   Code   RO          838    .ARM.Collect$$rtexit$$00000000  c_w.l(rtexit.o)
    0x000004a0   0x00000000   Code   RO          884    .ARM.Collect$$rtexit$$00000002  c_w.l(rtexit2.o)
    0x000004a0   0x00000004   Code   RO          885    .ARM.Collect$$rtexit$$00000003  c_w.l(rtexit2.o)
    0x000004a4   0x00000006   Code   RO          886    .ARM.Collect$$rtexit$$00000004  c_w.l(rtexit2.o)
    0x000004aa   0x00000002   PAD
    0x000004ac   0x00000004   Code   RO          582    .revsh_text         enet.o
    0x000004b0   0x000001a0   Code   RO            3    .text               system_mk60dz10.o
    0x00000650   0x0000003c   Code   RO           53    .text               startup_mk60dz10.o
    0x0000068c   0x00000140   Code   RO           61    .text               main.o
    0x000007cc   0x000000b4   Code   RO          166    .text               isr.o
    0x00000880   0x0000072c   Code   RO          199    .text               sys.o
    0x00000fac   0x000000dc   Code   RO          229    .text               delay.o
    0x00001088   0x00000694   Code   RO          291    .text               gpio.o
    0x0000171c   0x00000290   Code   RO          331    .text               pit.o
    0x000019ac   0x00000854   Code   RO          460    .text               spi.o
    0x00002200   0x000003fc   Code   RO          563    .text               tsi.o
    0x000025fc   0x00000734   Code   RO          583    .text               enet.o
    0x00002d30   0x00000a5c   Code   RO          616    .text               uart.o
    0x0000378c   0x0000008c   Code   RO          644    .text               led.o
    0x00003818   0x00000788   Code   RO          664    .text               spilcd.o
    0x00003fa0   0x0000011c   Code   RO          708    .text               key.o
    0x000040bc   0x000002dc   Code   RO          729    .text               nrf2401.o
    0x00004398   0x00000548   Code   RO          775    .text               oled.o
    0x000048e0   0x0000008a   Code   RO          801    .text               c_w.l(rt_memcpy_v6.o)
    0x0000496a   0x00000006   Code   RO          803    .text               c_w.l(heapauxi.o)
    0x00004970   0x00000064   Code   RO          808    .text               c_w.l(rt_memcpy_w.o)
    0x000049d4   0x0000004a   Code   RO          825    .text               c_w.l(sys_stackheap_outer.o)
    0x00004a1e   0x0000000c   Code   RO          827    .text               c_w.l(exit.o)
    0x00004a2a   0x00000002   PAD
    0x00004a2c   0x00000008   Code   RO          835    .text               c_w.l(libspace.o)
    0x00004a34   0x0000000c   Code   RO          894    .text               c_w.l(sys_exit.o)
    0x00004a40   0x00000002   Code   RO          905    .text               c_w.l(use_no_semi.o)
    0x00004a42   0x00000000   Code   RO          907    .text               c_w.l(indicate_semi.o)
    0x00004a42   0x0000004c   Code   RO          683    i.SPILCD_SetWindow  spilcd.o
    0x00004a8e   0x0000000a   Code   RO          689    i.SPILCD_WriteRAM_Prepare  spilcd.o
    0x00004a98   0x00001057   Data   RO          665    .constdata          spilcd.o
    0x00005aef   0x0000000a   Data   RO          730    .constdata          nrf2401.o
    0x00005af9   0x00000690   Data   RO          776    .constdata          oled.o
    0x00006189   0x00000003   PAD
    0x0000618c   0x00000011   Data   RO          618    .conststring        uart.o
    0x0000619d   0x00000003   PAD
    0x000061a0   0x00000020   Data   RO          959    Region$$Table       anon$$obj.o


    Execution Region RW_IRAM1 (Base: 0x1fff8000, Size: 0x00003628, Max: 0x00008000, ABSOLUTE)

    Base Addr    Size         Type   Attr      Idx    E Section Name        Object

    0x1fff8000   0x00000004   Data   RW            4    .data               system_mk60dz10.o
    0x1fff8004   0x00000021   Data   RW           63    .data               main.o
    0x1fff8025   0x00000001   PAD
    0x1fff8026   0x00000002   Data   RW          167    .data               isr.o
    0x1fff8028   0x00000008   Data   RW          230    .data               delay.o
    0x1fff8030   0x0000000c   Data   RW          585    .data               enet.o
    0x1fff803c   0x00000008   Data   RW          619    .data               uart.o
    0x1fff8044   0x00000004   Data   RW          666    .data               spilcd.o
    0x1fff8048   0x00000004   Data   RW          709    .data               key.o
    0x1fff804c   0x00000024   Zero   RW          200    .bss                sys.o
    0x1fff8070   0x000030d0   Zero   RW          584    .bss                enet.o
    0x1fffb140   0x00000086   Zero   RW          617    .bss                uart.o
    0x1fffb1c6   0x00000002   PAD
    0x1fffb1c8   0x00000060   Zero   RW          836    .bss                c_w.l(libspace.o)
    0x1fffb228   0x00000000   Zero   RW           50    HEAP                startup_mk60dz10.o
    0x1fffb228   0x00000400   Zero   RW           49    STACK               startup_mk60dz10.o


==============================================================================

Image component sizes


      Code (inc. data)   RO Data    RW Data    ZI Data      Debug   Object Name

       220         18          0          8          0       1108   delay.o
      1848        276          0         12      12496       8891   enet.o
      1684         72          0          0          0       4296   gpio.o
       180         46          0          2          0       1135   isr.o
       284         26          0          4          0       1260   key.o
       140          6          0          0          0        567   led.o
       320        108          0         33          0      38101   main.o
       732         32         10          0          0       3524   nrf2401.o
      1352         18       1680          0          0       4322   oled.o
       656         42          0          0          0       2611   pit.o
      2132        134          0          0          0       3406   spi.o
      2014         44       4183          4          0       7840   spilcd.o
        76         38       1024          0       1024       1000   startup_mk60dz10.o
      1836        160          0          0         36      27880   sys.o
       416         28          0          4          0     239197   system_mk60dz10.o
      1020         56          0          0          0       3005   tsi.o
      2652        732         17          8        134       7260   uart.o

    ----------------------------------------------------------------------
     17562       1836       6952         76      13692     355403   Object Totals
         0          0         32          0          0          0   (incl. Generated)
         0          0          6          1          2          0   (incl. Padding)

    ----------------------------------------------------------------------

      Code (inc. data)   RO Data    RW Data    ZI Data      Debug   Library Member Name

         8          0          0          0          0         68   __main.o
        52          8          0          0          0          0   __scatter.o
        26          0          0          0          0          0   __scatter_copy.o
        28          0          0          0          0          0   __scatter_zi.o
        12          0          0          0          0         72   exit.o
         6          0          0          0          0        152   heapauxi.o
         0          0          0          0          0          0   indicate_semi.o
         2          0          0          0          0          0   libinit.o
         2          0          0          0          0          0   libinit2.o
         2          0          0          0          0          0   libshutdown.o
         2          0          0          0          0          0   libshutdown2.o
         8          4          0          0         96         68   libspace.o
       138          0          0          0          0         68   rt_memcpy_v6.o
       100          0          0          0          0         80   rt_memcpy_w.o
         0          0          0          0          0          0   rtentry.o
        12          0          0          0          0          0   rtentry2.o
         6          0          0          0          0          0   rtentry4.o
         2          0          0          0          0          0   rtexit.o
        10          0          0          0          0          0   rtexit2.o
        12          4          0          0          0         68   sys_exit.o
        74          0          0          0          0         80   sys_stackheap_outer.o
         2          0          0          0          0         68   use_no_semi.o

    ----------------------------------------------------------------------
       510         16          0          0         96        724   Library Totals
         6          0          0          0          0          0   (incl. Padding)

    ----------------------------------------------------------------------

      Code (inc. data)   RO Data    RW Data    ZI Data      Debug   Library Name

       504         16          0          0         96        724   c_w.l

    ----------------------------------------------------------------------
       510         16          0          0         96        724   Library Totals

    ----------------------------------------------------------------------

==============================================================================


      Code (inc. data)   RO Data    RW Data    ZI Data      Debug   

     18072       1852       6952         76      13788     354563   Grand Totals
     18072       1852       6952         76      13788     354563   ELF Image Totals
     18072       1852       6952         76          0          0   ROM Totals

==============================================================================

    Total RO  Size (Code + RO Data)                25024 (  24.44kB)
    Total RW  Size (RW Data + ZI Data)             13864 (  13.54kB)
    Total ROM Size (Code + RO Data + RW Data)      25100 (  24.51kB)

==============================================================================

