<html>
<body>
<pre>
<h1>µVision Build Log</h1>
<h2>Tool Versions:</h2>
IDE-Version: ¦ÌVision V5.14.0.0
Copyright (C) 2015 ARM Ltd and ARM Germany GmbH. All rights reserved.
License Information: s s, s, LIC=----
 
Tool Versions:
Toolchain:       MDK-Lite  Version: 5.14.0.0
Toolchain Path:  F:\apps\keil\ARM\ARMCC\Bin
C Compiler:      Armcc.exe V5.05 update 1 (build 106)
Assembler:       Armasm.exe V5.05 update 1 (build 106)
Linker/Locator:  ArmLink.exe V5.05 update 1 (build 106)
Library Manager: ArmAr.exe V5.05 update 1 (build 106)
Hex Converter:   FromElf.exe V5.05 update 1 (build 106)
CPU DLL:         SARMCM3.DLL V5.14.0.0
Dialog DLL:      DCM.DLL V1.13.1.0
Target DLL:      Segger\JL2CM3.dll V2.99.13.0
Dialog DLL:      TCM.DLL V1.14.4.0
 
<h2>Project:</h2>
C:\Users\oldjo\Desktop\2016.9.15-ÞÏÞÎ\PRJ\template.uvprojx
Project File Date:  09/15/2016

<h2>Output:</h2>
Build target 'Template'
compiling main.c...
compiling ccd.c...
compiling menu.c...
..\SRC\HARDWARE\menu\menu.c(19): warning:  #940-D: missing return statement at end of non-void function "yiwei"
  }
..\SRC\HARDWARE\menu\menu.c: 1 warning, 0 errors
compiling all.c...
linking...
Program Size: Code=24424 RO-data=2228 RW-data=84 ZI-data=15724  
"..\OBJ\template.axf" - 0 Error(s), 1 Warning(s).
</pre>
</body>
</html>
