<html>
<body>
<pre>
<h1>礦ision Build Log</h1>
<h2>Project:</h2>
D:\Keil\工程\27-NRF2401无线数据通讯实验1\PRJ\template.uvproj
Project File Date:  07/02/2016

<h2>Output:</h2>
Build target 'Template'
compiling main.c...
..\SRC\USER\main.c(46): warning:  #223-D: function "OLED_Clear" declared implicitly
        OLED_Clear();
..\SRC\USER\main.c(47): warning:  #223-D: function "OLED_Init" declared implicitly
        OLED_Init();
..\SRC\USER\main.c(61): warning:  #223-D: function "OLED_Write_Char" declared implicitly
                OLED_Write_Char(4,4,1);
..\SRC\USER\main.c(86): warning:  #223-D: function "OLED_Write_Char" declared implicitly
                                        OLED_Write_Char(6,6,3);
..\SRC\USER\main.c(31): warning:  #177-D: variable "key_res" was declared but never referenced
        uint8_t key_res = 0;
..\SRC\USER\main.c: 5 warnings, 0 errors
linking...
Program Size: Code=18072 RO-data=6952 RW-data=76 ZI-data=13788  
FromELF: creating hex file...
"..\OBJ\template.axf" - 0 Error(s), 5 Warning(s).
Load "..\\OBJ\\template.axf" 
Set JLink Project File to "D:\Keil\工程\27-NRF2401无线数据通讯实验1\PRJ\JLinkSettings.ini"
* JLink Info: Device "MK60DN256XXX10" selected (256 KB flash, 64 KB RAM).
 
JLink info:
------------
DLL: V4.80g, compiled Feb 13 2014 20:50:02
Firmware: J-Link ARM V8 compiled Nov 28 2014 13:44:46
Hardware: V8.00
Feature(s) : RDI,FlashDL,FlashBP,JFlash,GDBFULL 
 
* JLink Info: Found SWD-DP with ID 0x2BA01477
* JLink Info: Found SWD-DP with ID 0x2BA01477
* JLink Info: Found Cortex-M4 r0p0, Little endian.
* JLink Info: FPUnit: 6 code (BP) slots and 2 literal slots
* JLink Info: TPIU fitted.
* JLink Info: ETM fitted.
* JLink Info: ETB present.
* JLink Info: CSTF present.
ROMTableAddr = 0xE00FF003
 
Target info:
------------
Device: MK60DN256xxx10
VTarget = 3.274V
State of Pins: 
TCK: 0, TDI: 1, TDO: 0, TMS: 1, TRES: 1, TRST: 1
Hardware-Breakpoints: 6
Software-Breakpoints: 8192
Watchpoints:          4
JTAG speed: 4000 kHz
 
Erase Done.
Programming Done.
Verify OK.
Application running ...
</pre>
</body>
</html>
f" 
Set JLink Project File to "D:\Keil\工程\27-NRF2401无线数据通讯实验1\PRJ\JLinkSettings.ini"
* JLink Info: Device "MK60DN256XXX10" selected (256 KB flash, 64 KB RAM).
 
JLink info:
------------
DLL: V4.80g, compiled Feb 13 2014 20:50:02
Firmware: J-Link ARM V8 compiled Nov 28 2014 13:44:46
Hardware: V8.00
Feature(s) : RDI,FlashDL,FlashBP,JFlash,GDBFULL 
 
* JLink Info: Found SWD-DP with ID 0x2BA01477
* JLink Info: Found SWD-DP with ID 0x2BA01477
* JLink Info: Found Cortex-M4 r0p0, Little endian.
* JLink Info: FPUnit: 6 code (BP) slots and 2 literal slots
* JLink Info: TPIU fitted.
* JLink Info: ETM fitted.
* JLink Info: ETB present.
* JLink Info: CSTF present.
ROMTableAddr = 0xE00FF003
 
Target info:
------------
Device: MK60DN256xxx10
VTarget = 3.274V
State of Pins: 
TCK: 0, TDI: 1, TDO: 0, TMS: 1, TRES: 1, TRST: 1
Hardware-Breakpoints: 6
Software-Breakpoints: 8192
Watchpoints:          4
JTAG speed: 4000 kHz
 
Erase Done.
Programming Done.
Verify OK.
Application running ...
