<html>
<body>
<pre>
<h1>µVision Build Log</h1>
<h2>Tool Versions:</h2>
IDE-Version: ¦ÌVision V5.14.0.0
Copyright (C) 2015 ARM Ltd and ARM Germany GmbH. All rights reserved.
License Information: OLD JOHNH, OLDJOHNH, LIC=----
 
Tool Versions:
Toolchain:       MDK-Lite  Version: 5.14.0.0
Toolchain Path:  D:\Keil_v5\ARM\ARMCC\Bin
C Compiler:      Armcc.exe V5.05 update 1 (build 106)
Assembler:       Armasm.exe V5.05 update 1 (build 106)
Linker/Locator:  ArmLink.exe V5.05 update 1 (build 106)
Library Manager: ArmAr.exe V5.05 update 1 (build 106)
Hex Converter:   FromElf.exe V5.05 update 1 (build 106)
CPU DLL:         SARMCM3.DLL V5.14.0.0
Dialog DLL:      DCM.DLL V1.13.1.0
Target DLL:      Segger\JL2CM3.dll V2.99.13.0
Dialog DLL:      TCM.DLL V1.14.4.0
 
<h2>Project:</h2>
C:\Users\oldjo\Desktop\2016-7-1-´®¿Ú\PRJ\template.uvproj
Project File Date:  06/26/2016

<h2>Output:</h2>
Build target 'Template'
compiling system_MK60DZ10.c...
assembling startup_MK60DZ10.s...
compiling main.c...
..\SRC\USER\main.c(292): warning:  #223-D: function "UART_Send_String" declared implicitly
                UART_Send_String(UART0,"Please choose!");
..\SRC\USER\main.c(302): warning:  #223-D: function "OLED_Write_Picture" declared implicitly
                                OLED_Write_Picture(64,96,china);
..\SRC\USER\main.c(305): warning:  #223-D: function "OLED_Write_Picture" declared implicitly
                                OLED_Write_Picture(64,94,banama);
..\SRC\USER\main.c(308): warning:  #223-D: function "OLED_Write_Picture" declared implicitly
                                OLED_Write_Picture(64,96,gelujiya);
..\SRC\USER\main.c(311): warning:  #223-D: function "OLED_Write_Picture" declared implicitly
                                OLED_Write_Picture(64,88,yiselie);
..\SRC\USER\main.c(314): warning:  #223-D: function "OLED_Write_Picture" declared implicitly
                                OLED_Write_Picture(64,102,fenlan);
..\SRC\USER\main.c: 6 warnings, 0 errors
compiling isr.c...
..\SRC\USER\isr.c(13): warning:  #223-D: function "UART_Send_String" declared implicitly
                case 0x01:UART_Send_String(UART0,"A.USA");UART_SendData(UART0,13);UART_Send_String(UART0,"B.banama");UART_SendData(UART0,13);UART_Send_String(UART0,"C.hanguo");UART_SendData(UART0,13);i=1;break;
..\SRC\USER\isr.c(22): warning:  #223-D: function "UART_Send_String" declared implicitly
                case 0x02:UART_Send_String(UART0,"A.jianada");UART_SendData(UART0,13);UART_Send_String(UART0,"B.yiselie");UART_SendData(UART0,13);UART_Send_String(UART0,"C.gelujiya");UART_SendData(UART0,13);i=2;break;
..\SRC\USER\isr.c(31): warning:  #223-D: function "UART_Send_String" declared implicitly
                case 0x03:UART_Send_String(UART0,"Gongxi!!");break;
..\SRC\USER\isr.c: 3 warnings, 0 errors
compiling sys.c...
compiling delay.c...
compiling dma.c...
compiling ftm.c...
compiling gpio.c...
compiling lptm.c...
compiling pit.c...
compiling rtc.c...
compiling uart.c...
compiling wdog.c...
compiling adc.c...
compiling pdb.c...
compiling dac.c...
compiling spi.c...
compiling i2c.c...
compiling can.c...
compiling flash.c...
compiling sd.c...
compiling tsi.c...
compiling enet.c...
compiling led.c...
compiling spiflash.c...
compiling spilcd.c...
..\SRC\HARDWARE\SPILCD\spilcd.c(145): warning:  #177-D: variable "SPI_InitStruct1" was declared but never referenced
        SPI_InitTypeDef SPI_InitStruct1;
..\SRC\HARDWARE\SPILCD\spilcd.c: 1 warning, 0 errors
compiling mma845x.c...
..\SRC\HARDWARE\MMA845x\mma845x.c(29): warning:  #223-D: function "I2C_IsLineBusy" declared implicitly
        while(I2C_IsLineBusy(I2C1) == TRUE);
..\SRC\HARDWARE\MMA845x\mma845x.c(62): warning:  #177-D: variable "i" was declared but never referenced
        uint8_t i;
..\SRC\HARDWARE\MMA845x\mma845x.c: 2 warnings, 0 errors
compiling oled.c...
linking...
Program Size: Code=11734 RO-data=6038 RW-data=36 ZI-data=13788  
"..\OBJ\template.axf" - 0 Error(s), 12 Warning(s).
</pre>
</body>
</html>
