<html>
<body>
<pre>
<h1>礦ision Build Log</h1>
<h2>Tool Versions:</h2>
IDE-Version: μVision V5.14.0.0
Copyright (C) 2015 ARM Ltd and ARM Germany GmbH. All rights reserved.
License Information: OLD JOHNH, OLDJOHNH, LIC=----
 
Tool Versions:
Toolchain:       MDK-Lite  Version: 5.14.0.0
Toolchain Path:  D:\Keil_v5\ARM\ARMCC\Bin
C Compiler:      Armcc.exe V5.05 update 1 (build 106)
Assembler:       Armasm.exe V5.05 update 1 (build 106)
Linker/Locator:  ArmLink.exe V5.05 update 1 (build 106)
Library Manager: ArmAr.exe V5.05 update 1 (build 106)
Hex Converter:   FromElf.exe V5.05 update 1 (build 106)
CPU DLL:         SARMCM3.DLL V5.14.0.0
Dialog DLL:      DCM.DLL V1.13.1.0
Target DLL:      Segger\JL2CM3.dll V2.99.13.0
Dialog DLL:      TCM.DLL V1.14.4.0
 
<h2>Project:</h2>
C:\Users\oldjo\Desktop\car\小车7.9\小车7.9\PRJ\template.uvproj
Project File Date:  07/09/2016

<h2>Output:</h2>
Build target 'Template'
compiling main.c...
..\SRC\USER\main.c(27): warning:  #1295-D: Deprecated declaration key_scan - give arg types
  void key_scan();                                                              //按键检测
..\SRC\USER\main.c(133): warning:  #223-D: function "OLED_Init" declared implicitly
        OLED_Init();
..\SRC\USER\main.c(141): warning:  #223-D: function "OLED_Write_Char" declared implicitly
        OLED_Write_Char(0,0,43);
..\SRC\USER\main.c(142): warning:  #223-D: function "OLED_Write_String" declared implicitly
        OLED_Write_String(2,0,"Mode");
..\SRC\USER\main.c(229): warning:  #223-D: function "OLED_Write_Num5" declared implicitly
                        OLED_Write_Num5(8,2, FTMDuty_left);
..\SRC\USER\main.c(255): warning:  #223-D: function "OLED_Write_Char" declared implicitly
                                        OLED_Write_Char(0,2 * i,' ');
..\SRC\USER\main.c(268): warning:  #223-D: function "OLED_Write_Char" declared implicitly
                                                OLED_Write_Char(0,p * 2,' ');
..\SRC\USER\main.c(269): warning:  #223-D: function "OLED_Write_String" declared implicitly
                                                OLED_Write_String(0,4,"runing......");
..\SRC\USER\main.c(271): warning:  #223-D: function "OLED_Clear" declared implicitly
                                                OLED_Clear();
..\SRC\USER\main.c(290): warning:  #223-D: function "OLED_Clear" declared implicitly
                                        OLED_Clear();
..\SRC\USER\main.c(291): warning:  #223-D: function "OLED_Write_Char" declared implicitly
                                        OLED_Write_Char(0,2 * i,43);
..\SRC\USER\main.c(292): warning:  #223-D: function "OLED_Write_String" declared implicitly
                                        OLED_Write_String(2,0,"Mode");
..\SRC\USER\main.c(302): warning:  #223-D: function "OLED_Clear" declared implicitly
                                        OLED_Clear();
..\SRC\USER\main.c(303): warning:  #223-D: function "OLED_Write_String" declared implicitly
                                        OLED_Write_String(0,0,"sub:");
..\SRC\USER\main.c(304): warning:  #223-D: function "OLED_Write_Num3" declared implicitly
                                        OLED_Write_Num3(4,0,sub);
..\SRC\USER\main.c(313): warning:  #223-D: function "OLED_Clear" declared implicitly
                                        OLED_Clear();
..\SRC\USER\main.c(314): warning:  #223-D: function "OLED_Write_Char" declared implicitly
                                        OLED_Write_Char(0,2 * i,43);
..\SRC\USER\main.c(315): warning:  #223-D: function "OLED_Write_String" declared implicitly
                                        OLED_Write_String(2,0,"Mode");
..\SRC\USER\main.c(325): warning:  #223-D: function "OLED_Clear" declared implicitly
                                        OLED_Clear();
..\SRC\USER\main.c(326): warning:  #223-D: function "OLED_Write_Char" declared implicitly
                                        OLED_Write_Char(0,0,43);
..\SRC\USER\main.c(327): warning:  #223-D: function "OLED_Write_String" declared implicitly
                                        OLED_Write_String(2,0,"left:");
..\SRC\USER\main.c(328): warning:  #223-D: function "OLED_Write_Num5" declared implicitly
                                        OLED_Write_Num5(8,0, FTMDuty_left);
..\SRC\USER\main.c(355): warning:  #223-D: function "OLED_Write_Num5" declared implicitly
                                                OLED_Write_Num5(8,0, FTMDuty_left);
..\SRC\USER\main.c(366): warning:  #223-D: function "OLED_Write_Num5" declared implicitly
                                                OLED_Write_Num5(8,2, FTMDuty_right);
..\SRC\USER\main.c(373): warning:  #223-D: function "OLED_Clear" declared implicitly
                                OLED_Clear();
..\SRC\USER\main.c(374): warning:  #223-D: function "OLED_Write_String" declared implicitly
                                OLED_Write_String(0,0,"sub:");
..\SRC\USER\main.c(375): warning:  #223-D: function "OLED_Write_Num4" declared implicitly
                                OLED_Write_Num4(4,0,sub);
..\SRC\USER\main.c(391): warning:  #223-D: function "OLED_Write_Char" declared implicitly
                                        OLED_Write_Char(0,2 * ((p-1) % 2),' ');
..\SRC\USER\main.c: 28 warnings, 0 errors
linking...
Program Size: Code=16182 RO-data=3190 RW-data=64 ZI-data=13792  
"..\OBJ\template.axf" - 0 Error(s), 28 Warning(s).
</pre>
</body>
</html>
