<html>
<body>
<pre>
<h1>礦ision Build Log</h1>
<h2>Tool Versions:</h2>
IDE-Version: μVision V5.14.0.0
Copyright (C) 2015 ARM Ltd and ARM Germany GmbH. All rights reserved.
License Information: OLD JOHNH, OLDJOHNH, LIC=----
 
Tool Versions:
Toolchain:       MDK-Lite  Version: 5.14.0.0
Toolchain Path:  D:\Keil_v5\ARM\ARMCC\Bin
C Compiler:      Armcc.exe V5.05 update 1 (build 106)
Assembler:       Armasm.exe V5.05 update 1 (build 106)
Linker/Locator:  ArmLink.exe V5.05 update 1 (build 106)
Library Manager: ArmAr.exe V5.05 update 1 (build 106)
Hex Converter:   FromElf.exe V5.05 update 1 (build 106)
CPU DLL:         SARMCM3.DLL V5.14.0.0
Dialog DLL:      DCM.DLL V1.13.1.0
Target DLL:      Segger\JL2CM3.dll V2.99.13.0
Dialog DLL:      TCM.DLL V1.14.4.0
 
<h2>Project:</h2>
C:\Users\oldjo\Desktop\car\小车7.9\小车7.9\PRJ\template.uvproj
Project File Date:  07/09/2016

<h2>Output:</h2>
Build target 'Template'
compiling main.c...
..\SRC\USER\main.c(28): warning:  #1295-D: Deprecated declaration key_scan - give arg types
  void key_scan();                                                              //按键检测
..\SRC\USER\main.c(333): warning:  #128-D: loop is not reachable
        while(run == 2)
..\SRC\USER\main.c: 2 warnings, 0 errors
linking...
Program Size: Code=17066 RO-data=3190 RW-data=60 ZI-data=13788  
"..\OBJ\template.axf" - 0 Error(s), 2 Warning(s).
</pre>
</body>
</html>
