<html>
<body>
<pre>
<h1>礦ision Build Log</h1>
<h2>Tool Versions:</h2>
IDE-Version: μVision V5.14.0.0
Copyright (C) 2015 ARM Ltd and ARM Germany GmbH. All rights reserved.
License Information: OLD JOHNH, OLDJOHNH, LIC=----
 
Tool Versions:
Toolchain:       MDK-Lite  Version: 5.14.0.0
Toolchain Path:  D:\Keil_v5\ARM\ARMCC\Bin
C Compiler:      Armcc.exe V5.05 update 1 (build 106)
Assembler:       Armasm.exe V5.05 update 1 (build 106)
Linker/Locator:  ArmLink.exe V5.05 update 1 (build 106)
Library Manager: ArmAr.exe V5.05 update 1 (build 106)
Hex Converter:   FromElf.exe V5.05 update 1 (build 106)
CPU DLL:         SARMCM3.DLL V5.14.0.0
Dialog DLL:      DCM.DLL V1.13.1.0
Target DLL:      Segger\JL2CM3.dll V2.99.13.0
Dialog DLL:      TCM.DLL V1.14.4.0
 
<h2>Project:</h2>
C:\Users\oldjo\Desktop\2016-6-26-菜单 - 副本\PRJ\template.uvproj
Project File Date:  06/26/2016

<h2>Output:</h2>
Build target 'Template'
compiling main.c...
..\SRC\USER\main.c(292): warning:  #223-D: function "OLED_Write_Picture" declared implicitly
        OLED_Write_Picture(64,106,nokia);//开机界面
..\SRC\USER\main.c: 1 warning, 0 errors
linking...
Program Size: Code=13602 RO-data=6458 RW-data=36 ZI-data=13788  
"..\OBJ\template.axf" - 0 Error(s), 1 Warning(s).
</pre>
</body>
</html>
