<html>
<body>
<pre>
<h1>µVision Build Log</h1>
<h2>Tool Versions:</h2>
IDE-Version: ¶ÃVision V5.14.0.0
Copyright (C) 2015 ARM Ltd and ARM Germany GmbH. All rights reserved.
License Information: OLD JOHNH, OLDJOHNH, LIC=----
 
Tool Versions:
Toolchain:       MDK-Lite  Version: 5.14.0.0
Toolchain Path:  D:\Keil_v5\ARM\ARMCC\Bin
C Compiler:      Armcc.exe V5.05 update 1 (build 106)
Assembler:       Armasm.exe V5.05 update 1 (build 106)
Linker/Locator:  ArmLink.exe V5.05 update 1 (build 106)
Library Manager: ArmAr.exe V5.05 update 1 (build 106)
Hex Converter:   FromElf.exe V5.05 update 1 (build 106)
CPU DLL:         SARMCM3.DLL V5.14.0.0
Dialog DLL:      DCM.DLL V1.13.1.0
Target DLL:      Segger\JL2CM3.dll V2.99.13.0
Dialog DLL:      TCM.DLL V1.14.4.0
 
<h2>Project:</h2>
C:\Users\oldjo\Desktop\16-7-3 ’Œﬁœﬂ\PRJ\template.uvproj
Project File Date:  07/01/2016

<h2>Output:</h2>
Build target 'Template'
compiling main.c...
..\SRC\USER\main.c(87): warning:  #223-D: function "OLED_Write_Picture" declared implicitly
                OLED_Write_Picture(64,64,qipan3);
..\SRC\USER\main.c(142): warning:  #223-D: function "memset" declared implicitly
                                                memset(amd,0, 3*3*sizeof(int) );
..\SRC\USER\main.c: 2 warnings, 0 errors
linking...
Program Size: Code=19760 RO-data=7836 RW-data=80 ZI-data=13824  
FromELF: creating hex file...
"..\OBJ\template.axf" - 0 Error(s), 2 Warning(s).
</pre>
</body>
</html>
