Component: ARM Compiler 5.05 update 1 (build 106) Tool: armlink [4d0efa]

==============================================================================

Section Cross References

    system_mk60dz10.o(.text) refers to system_mk60dz10.o(.data) for SystemCoreClock
    startup_mk60dz10.o(STACK) refers (Special) to heapauxi.o(.text) for __use_two_region_memory
    startup_mk60dz10.o(HEAP) refers (Special) to heapauxi.o(.text) for __use_two_region_memory
    startup_mk60dz10.o(RESET) refers (Special) to heapauxi.o(.text) for __use_two_region_memory
    startup_mk60dz10.o(RESET) refers to startup_mk60dz10.o(STACK) for __initial_sp
    startup_mk60dz10.o(RESET) refers to startup_mk60dz10.o(.text) for Reset_Handler
    startup_mk60dz10.o(RESET) refers to isr.o(.text) for NMI_Handler
    startup_mk60dz10.o(RESET) refers to enet.o(.text) for ENET_Transmit_IRQHandler
    startup_mk60dz10.o(.ARM.__at_0x400) refers (Special) to heapauxi.o(.text) for __use_two_region_memory
    startup_mk60dz10.o(.text) refers (Special) to heapauxi.o(.text) for __use_two_region_memory
    startup_mk60dz10.o(.text) refers to system_mk60dz10.o(.text) for SystemInit
    startup_mk60dz10.o(.text) refers to __main.o(!!!main) for __main
    startup_mk60dz10.o(.text) refers to startup_mk60dz10.o(HEAP) for Heap_Mem
    startup_mk60dz10.o(.text) refers to startup_mk60dz10.o(STACK) for Stack_Mem
    main.o(.text) refers to sys.o(.text) for SystemClockSetup
    main.o(.text) refers to delay.o(.text) for DelayInit
    main.o(.text) refers to oled.o(.text) for OLED_Init
    main.o(.text) refers to data_sent.o(.text) for Sd_Init
    main.o(.text) refers to chuinit.o(.text) for chuinit_Init
    main.o(.text) refers to menu.o(.text) for Menu_Init
    main.o(.text) refers to ccd.o(.text) for ImageCapture
    main.o(.text) refers to pit.o(.text) for PIT_Start
    main.o(.text) refers to ftm.o(.text) for FTM_PWM_ChangeDuty
    main.o(.text) refers to uart.o(.text) for UART_printf
    main.o(.text) refers to main.o(.data) for TIME1flag_20ms
    main.o(.text) refers to main.o(.bss) for Pixel
    isr.o(.text) refers to pit.o(.text) for PIT_ClearITPendingBit
    isr.o(.text) refers to uart.o(.text) for UART_ReceiveData
    isr.o(.text) refers to oled.o(.text) for OLED_Clear
    isr.o(.text) refers to ftm.o(.text) for FTM_PWM_ChangeDuty
    isr.o(.text) refers to isr.o(.emb_text) for wait
    isr.o(.text) refers to isr.o(.data) for TimerCnt_20ms
    isr.o(.text) refers to main.o(.data) for TIME1flag_20ms
    sys.o(.text) refers to main.o(.text) for assert_failed
    sys.o(.text) refers to sys.o(.bss) for CPUInfo
    sys.o(.text) refers to system_mk60dz10.o(.data) for SystemCoreClock
    delay.o(.text) refers to sys.o(.text) for GetCPUInfo
    delay.o(.text) refers to sys.o(.bss) for CPUInfo
    delay.o(.text) refers to delay.o(.data) for fac_us
    dma.o(.text) refers to main.o(.text) for assert_failed
    ftm.o(.text) refers to main.o(.text) for assert_failed
    ftm.o(.text) refers to sys.o(.bss) for CPUInfo
    gpio.o(.text) refers to main.o(.text) for assert_failed
    lptm.o(.text) refers to main.o(.text) for assert_failed
    pit.o(.text) refers to main.o(.text) for assert_failed
    pit.o(.text) refers to sys.o(.text) for GetCPUInfo
    pit.o(.text) refers to sys.o(.bss) for CPUInfo
    rtc.o(.text) refers to main.o(.text) for assert_failed
    rtc.o(.text) refers to rtc.o(.constdata) for mon_table
    rtc.o(.text) refers to rtc.o(.data) for daycnt
    uart.o(.text) refers to main.o(.text) for assert_failed
    uart.o(.text) refers to sys.o(.text) for GetCPUInfo
    uart.o(.text) refers to sys.o(.bss) for CPUInfo
    uart.o(.text) refers to uart.o(.bss) for UART_TxIntStruct1
    uart.o(.text) refers to uart.o(.data) for UART_DebugPort
    uart.o(.text) refers to rt_memcpy_v6.o(.text) for __aeabi_memcpy
    uart.o(.data) refers to uart.o(.conststring) for .conststring
    wdog.o(.text) refers to sys.o(.bss) for CPUInfo
    adc.o(.text) refers to main.o(.text) for assert_failed
    pdb.o(.text) refers to main.o(.text) for assert_failed
    pdb.o(.text) refers to sys.o(.bss) for CPUInfo
    dac.o(.text) refers to main.o(.text) for assert_failed
    spi.o(.text) refers to main.o(.text) for assert_failed
    i2c.o(.text) refers to main.o(.text) for assert_failed
    i2c.o(.text) refers to sys.o(.bss) for CPUInfo
    can.o(.text) refers to main.o(.text) for assert_failed
    sd.o(.text) refers to sys.o(.text) for GetCPUInfo
    sd.o(.text) refers to sys.o(.bss) for CPUInfo
    sd.o(.text) refers to sd.o(.data) for SD_RCA
    enet.o(.text) refers to sys.o(.text) for GetCPUInfo
    enet.o(.text) refers to delay.o(.text) for DelayMs
    enet.o(.text) refers to uart.o(.text) for UART_printf
    enet.o(.text) refers to enet.o(.bss) for xENETTxDescriptors_unaligned
    enet.o(.text) refers to enet.o(.data) for pxENETTxDescriptor
    enet.o(.text) refers to sys.o(.bss) for CPUInfo
[...]
    ccd.o(.text) refers to oled.o(.text) for OLED_Set_XY
    ccd.o(.text) refers to main.o(.bss) for Pixel
    ccd.o(.text) refers to ccd.o(.data) for IntegrationTime
    ccd.o(.text) refers to main.o(.data) for Center
    ccd.o(.text) refers to ftm.o(.text) for FTM_PWM_ChangeDuty
    data_sent.o(.text) refers to fflt_clz.o(x$fpl$fflt) for __aeabi_i2f
    data_sent.o(.text) refers to dma.o(.text) for DMA_IsComplete
    data_sent.o(.text) refers to uart.o(.text) for UART_DebugPortInit
    data_sent.o(.text) refers to sd.o(.text) for SD_Init
    data_sent.o(.text) refers to data_sent.o(.data) for Sent_Data
    data_sent.o(.text) refers to main.o(.bss) for sendData
    data_sent.o(.text) refers to main.o(.data) for Left
    data_sent.o(.data) refers to data_sent.o(.bss) for DATA_ALL
    menu.o(.text) refers to oled.o(.text) for OLED_Clear
    menu.o(.text) refers to delay.o(.text) for DelayMs
    menu.o(.text) refers to pit.o(.text) for PIT_Start
    menu.o(.text) refers to strcpy.o(.text) for strcpy
    menu.o(.text) refers to main.o(.data) for hang
    menu.o(.text) refers to menu.o(.bss) for Menu_name
    chuinit.o(.text) refers to gpio.o(.text) for GPIO_Init
    chuinit.o(.text) refers to adc.o(.text) for ADC_Init
    chuinit.o(.text) refers to ftm.o(.text) for FTM_Init
    chuinit.o(.text) refers to pit.o(.text) for PIT_Init
    rt_memcpy_v6.o(.text) refers to rt_memcpy_w.o(.text) for __aeabi_memcpy4
    __main.o(!!!main) refers to __rtentry.o(.ARM.Collect$$rtentry$$00000000) for __rt_entry
    fflt_clz.o(x$fpl$ffltu) refers (Special) to usenofp.o(x$fpl$usenofp) for __I$use$fp
    fflt_clz.o(x$fpl$fflt) refers (Special) to usenofp.o(x$fpl$usenofp) for __I$use$fp
    fflt_clz.o(x$fpl$ffltn) refers (Special) to usenofp.o(x$fpl$usenofp) for __I$use$fp
    __rtentry.o(.ARM.Collect$$rtentry$$00000000) refers (Special) to __rtentry2.o(.ARM.Collect$$rtentry$$0000000A) for __rt_entry_li
    __rtentry.o(.ARM.Collect$$rtentry$$00000000) refers (Special) to __rtentry2.o(.ARM.Collect$$rtentry$$0000000D) for __rt_entry_main
    __rtentry.o(.ARM.Collect$$rtentry$$00000000) refers (Special) to __rtentry2.o(.ARM.Collect$$rtentry$$0000000C) for __rt_entry_postli_1
    __rtentry.o(.ARM.Collect$$rtentry$$00000000) refers (Special) to __rtentry2.o(.ARM.Collect$$rtentry$$00000009) for __rt_entry_postsh_1
    __rtentry.o(.ARM.Collect$$rtentry$$00000000) refers (Special) to __rtentry2.o(.ARM.Collect$$rtentry$$00000002) for __rt_entry_presh_1
    __rtentry.o(.ARM.Collect$$rtentry$$00000000) refers (Special) to __rtentry4.o(.ARM.Collect$$rtentry$$00000004) for __rt_entry_sh
    __rtentry2.o(.ARM.Collect$$rtentry$$00000008) refers to boardinit2.o(.text) for _platform_post_stackheap_init
    __rtentry2.o(.ARM.Collect$$rtentry$$0000000A) refers to libinit.o(.ARM.Collect$$libinit$$00000000) for __rt_lib_init
    __rtentry2.o(.ARM.Collect$$rtentry$$0000000B) refers to boardinit3.o(.text) for _platform_post_lib_init
    __rtentry2.o(.ARM.Collect$$rtentry$$0000000D) refers to main.o(.text) for main
    __rtentry2.o(.ARM.Collect$$rtentry$$0000000D) refers to exit.o(.text) for exit
    __rtentry2.o(.ARM.exidx) refers to __rtentry2.o(.ARM.Collect$$rtentry$$00000001) for .ARM.Collect$$rtentry$$00000001
    __rtentry2.o(.ARM.exidx) refers to __rtentry2.o(.ARM.Collect$$rtentry$$00000008) for .ARM.Collect$$rtentry$$00000008
    __rtentry2.o(.ARM.exidx) refers to __rtentry2.o(.ARM.Collect$$rtentry$$0000000A) for .ARM.Collect$$rtentry$$0000000A
    __rtentry2.o(.ARM.exidx) refers to __rtentry2.o(.ARM.Collect$$rtentry$$0000000B) for .ARM.Collect$$rtentry$$0000000B
    __rtentry2.o(.ARM.exidx) refers to __rtentry2.o(.ARM.Collect$$rtentry$$0000000D) for .ARM.Collect$$rtentry$$0000000D
    __rtentry4.o(.ARM.Collect$$rtentry$$00000004) refers to sys_stackheap_outer.o(.text) for __user_setup_stackheap
    __rtentry4.o(.ARM.exidx) refers to __rtentry4.o(.ARM.Collect$$rtentry$$00000004) for .ARM.Collect$$rtentry$$00000004
    sys_stackheap_outer.o(.text) refers to libspace.o(.text) for __user_perproc_libspace
    sys_stackheap_outer.o(.text) refers to startup_mk60dz10.o(.text) for __user_initial_stackheap
    exit.o(.text) refers to rtexit.o(.ARM.Collect$$rtexit$$00000000) for __rt_exit
    libinit.o(.ARM.Collect$$libinit$$00000000) refers (Special) to libinit2.o(.ARM.Collect$$libinit$$0000002E) for __rt_lib_init_alloca_1
    libinit.o(.ARM.Collect$$libinit$$00000000) refers (Special) to libinit2.o(.ARM.Collect$$libinit$$0000002C) for __rt_lib_init_argv_1
    libinit.o(.ARM.Collect$$libinit$$00000000) refers (Special) to libinit2.o(.ARM.Collect$$libinit$$0000001B) for __rt_lib_init_atexit_1
    libinit.o(.ARM.Collect$$libinit$$00000000) refers (Special) to libinit2.o(.ARM.Collect$$libinit$$00000021) for __rt_lib_init_clock_1
    libinit.o(.ARM.Collect$$libinit$$00000000) refers (Special) to libinit2.o(.ARM.Collect$$libinit$$00000032) for __rt_lib_init_cpp_1
    libinit.o(.ARM.Collect$$libinit$$00000000) refers (Special) to libinit2.o(.ARM.Collect$$libinit$$00000030) for __rt_lib_init_exceptions_1
    libinit.o(.ARM.Collect$$libinit$$00000000) refers (Special) to libinit2.o(.ARM.Collect$$libinit$$00000002) for __rt_lib_init_fp_1
    libinit.o(.ARM.Collect$$libinit$$00000000) refers (Special) to libinit2.o(.ARM.Collect$$libinit$$0000001F) for __rt_lib_init_fp_trap_1
    libinit.o(.ARM.Collect$$libinit$$00000000) refers (Special) to libinit2.o(.ARM.Collect$$libinit$$00000023) for __rt_lib_init_getenv_1
    libinit.o(.ARM.Collect$$libinit$$00000000) refers (Special) to libinit2.o(.ARM.Collect$$libinit$$0000000A) for __rt_lib_init_heap_1
    libinit.o(.ARM.Collect$$libinit$$00000000) refers (Special) to libinit2.o(.ARM.Collect$$libinit$$00000011) for __rt_lib_init_lc_collate_1
    libinit.o(.ARM.Collect$$libinit$$00000000) refers (Special) to libinit2.o(.ARM.Collect$$libinit$$00000013) for __rt_lib_init_lc_ctype_1
    libinit.o(.ARM.Collect$$libinit$$00000000) refers (Special) to libinit2.o(.ARM.Collect$$libinit$$00000015) for __rt_lib_init_lc_monetary_1
    libinit.o(.ARM.Collect$$libinit$$00000000) refers (Special) to libinit2.o(.ARM.Collect$$libinit$$00000017) for __rt_lib_init_lc_numeric_1
    libinit.o(.ARM.Collect$$libinit$$00000000) refers (Special) to libinit2.o(.ARM.Collect$$libinit$$00000019) for __rt_lib_init_lc_time_1
    libinit.o(.ARM.Collect$$libinit$$00000000) refers (Special) to libinit2.o(.ARM.Collect$$libinit$$00000004) for __rt_lib_init_preinit_1
    libinit.o(.ARM.Collect$$libinit$$00000000) refers (Special) to libinit2.o(.ARM.Collect$$libinit$$0000000E) for __rt_lib_init_rand_1
    libinit.o(.ARM.Collect$$libinit$$00000000) refers (Special) to libinit2.o(.ARM.Collect$$libinit$$00000033) for __rt_lib_init_return
    libinit.o(.ARM.Collect$$libinit$$00000000) refers (Special) to libinit2.o(.ARM.Collect$$libinit$$0000001D) for __rt_lib_init_signal_1
    libinit.o(.ARM.Collect$$libinit$$00000000) refers (Special) to libinit2.o(.ARM.Collect$$libinit$$00000025) for __rt_lib_init_stdio_1
    libinit.o(.ARM.Collect$$libinit$$00000000) refers (Special) to libinit2.o(.ARM.Collect$$libinit$$0000000C) for __rt_lib_init_user_alloc_1
    libspace.o(.text) refers to libspace.o(.bss) for __libspace_start
    rtexit.o(.ARM.Collect$$rtexit$$00000000) refers (Special) to rtexit2.o(.ARM.Collect$$rtexit$$00000004) for __rt_exit_exit
    rtexit.o(.ARM.Collect$$rtexit$$00000000) refers (Special) to rtexit2.o(.ARM.Collect$$rtexit$$00000003) for __rt_exit_ls
    rtexit.o(.ARM.Collect$$rtexit$$00000000) refers (Special) to rtexit2.o(.ARM.Collect$$rtexit$$00000002) for __rt_exit_prels_1
    rtexit.o(.ARM.exidx) refers (Special) to rtexit2.o(.ARM.Collect$$rtexit$$00000004) for __rt_exit_exit
    rtexit.o(.ARM.exidx) refers (Special) to rtexit2.o(.ARM.Collect$$rtexit$$00000003) for __rt_exit_ls
    rtexit.o(.ARM.exidx) refers (Special) to rtexit2.o(.ARM.Collect$$rtexit$$00000002) for __rt_exit_prels_1
    rtexit.o(.ARM.exidx) refers to rtexit.o(.ARM.Collect$$rtexit$$00000000) for .ARM.Collect$$rtexit$$00000000
    libinit2.o(.ARM.Collect$$libinit$$00000010) refers to libinit2.o(.ARM.Collect$$libinit$$0000000F) for .ARM.Collect$$libinit$$0000000F
    libinit2.o(.ARM.Collect$$libinit$$00000012) refers to libinit2.o(.ARM.Collect$$libinit$$0000000F) for .ARM.Collect$$libinit$$0000000F
    libinit2.o(.ARM.Collect$$libinit$$00000014) refers to libinit2.o(.ARM.Collect$$libinit$$0000000F) for .ARM.Collect$$libinit$$0000000F
    libinit2.o(.ARM.Collect$$libinit$$00000016) refers to libinit2.o(.ARM.Collect$$libinit$$0000000F) for .ARM.Collect$$libinit$$0000000F
    libinit2.o(.ARM.Collect$$libinit$$00000018) refers to libinit2.o(.ARM.Collect$$libinit$$0000000F) for .ARM.Collect$$libinit$$0000000F
    libinit2.o(.ARM.Collect$$libinit$$00000026) refers to argv_veneer.o(.emb_text) for __ARM_argv_veneer
    libinit2.o(.ARM.Collect$$libinit$$00000027) refers to argv_veneer.o(.emb_text) for __ARM_argv_veneer
    rtexit2.o(.ARM.Collect$$rtexit$$00000003) refers to libshutdown.o(.ARM.Collect$$libshutdown$$00000000) for __rt_lib_shutdown
    rtexit2.o(.ARM.Collect$$rtexit$$00000004) refers to sys_exit.o(.text) for _sys_exit
    rtexit2.o(.ARM.exidx) refers to rtexit2.o(.ARM.Collect$$rtexit$$00000001) for .ARM.Collect$$rtexit$$00000001
    rtexit2.o(.ARM.exidx) refers to rtexit2.o(.ARM.Collect$$rtexit$$00000003) for .ARM.Collect$$rtexit$$00000003
    rtexit2.o(.ARM.exidx) refers to rtexit2.o(.ARM.Collect$$rtexit$$00000004) for .ARM.Collect$$rtexit$$00000004
    argv_veneer.o(.emb_text) refers to no_argv.o(.text) for __ARM_get_argv
    sys_exit.o(.text) refers (Special) to use_no_semi.o(.text) for __I$use$semihosting
    sys_exit.o(.text) refers (Special) to indicate_semi.o(.text) for __semihosting_library_function
    _get_argv_nomalloc.o(.text) refers (Special) to hrguard.o(.text) for __heap_region$guard
    _get_argv_nomalloc.o(.text) refers to defsig_rtmem_outer.o(.text) for __rt_SIGRTMEM
    _get_argv_nomalloc.o(.text) refers to sys_command.o(.text) for _sys_command_string
    libshutdown.o(.ARM.Collect$$libshutdown$$00000000) refers (Special) to libshutdown2.o(.ARM.Collect$$libshutdown$$00000006) for __rt_lib_shutdown_fp_trap_1
    libshutdown.o(.ARM.Collect$$libshutdown$$00000000) refers (Special) to libshutdown2.o(.ARM.Collect$$libshutdown$$0000000E) for __rt_lib_shutdown_heap_1
    libshutdown.o(.ARM.Collect$$libshutdown$$00000000) refers (Special) to libshutdown2.o(.ARM.Collect$$libshutdown$$0000000F) for __rt_lib_shutdown_return
    libshutdown.o(.ARM.Collect$$libshutdown$$00000000) refers (Special) to libshutdown2.o(.ARM.Collect$$libshutdown$$00000009) for __rt_lib_shutdown_signal_1
    libshutdown.o(.ARM.Collect$$libshutdown$$00000000) refers (Special) to libshutdown2.o(.ARM.Collect$$libshutdown$$00000003) for __rt_lib_shutdown_stdio_1
    libshutdown.o(.ARM.Collect$$libshutdown$$00000000) refers (Special) to libshutdown2.o(.ARM.Collect$$libshutdown$$0000000B) for __rt_lib_shutdown_user_alloc_1
    sys_command.o(.text) refers (Special) to use_no_semi.o(.text) for __I$use$semihosting
    sys_command.o(.text) refers (Special) to indicate_semi.o(.text) for __semihosting_library_function
    defsig_rtmem_outer.o(.text) refers to defsig_rtmem_inner.o(.text) for __rt_SIGRTMEM_inner
    defsig_rtmem_outer.o(.text) refers to defsig_exit.o(.text) for __sig_exit
    defsig_rtmem_formal.o(.text) refers to rt_raise.o(.text) for __rt_raise
    rt_raise.o(.text) refers to __raise.o(.text) for __raise
    rt_raise.o(.text) refers to sys_exit.o(.text) for _sys_exit
    defsig_exit.o(.text) refers to sys_exit.o(.text) for _sys_exit
    defsig_rtmem_inner.o(.text) refers to defsig_general.o(.text) for __default_signal_display
    __raise.o(.text) refers to defsig.o(CL$$defsig) for __default_signal_handler
    defsig_general.o(.text) refers to sys_wrch.o(.text) for _ttywrch
    sys_wrch.o(.text) refers (Special) to use_no_semi.o(.text) for __I$use$semihosting
    sys_wrch.o(.text) refers (Special) to indicate_semi.o(.text) for __semihosting_library_function
    defsig.o(CL$$defsig) refers to defsig_rtmem_inner.o(.text) for __rt_SIGRTMEM_inner
    defsig_abrt_inner.o(.text) refers to defsig_general.o(.text) for __default_signal_display
    defsig_fpe_inner.o(.text) refers to defsig_general.o(.text) for __default_signal_display
    defsig_rtred_inner.o(.text) refers to defsig_general.o(.text) for __default_signal_display
    defsig_stak_inner.o(.text) refers to defsig_general.o(.text) for __default_signal_display
    defsig_pvfn_inner.o(.text) refers to defsig_general.o(.text) for __default_signal_display
    defsig_cppl_inner.o(.text) refers to defsig_general.o(.text) for __default_signal_display
    defsig_segv_inner.o(.text) refers to defsig_general.o(.text) for __default_signal_display
    defsig_other.o(.text) refers to defsig_general.o(.text) for __default_signal_display
    spilcd.o(i.SPILCD_SetWindow) refers to spilcd.o(.text) for SPILCD_WR_REG
    spilcd.o(i.SPILCD_WriteRAM_Prepare) refers to spilcd.o(.text) for SPILCD_WR_REG


==============================================================================

Removing Unused input sections from the image.

    Removing system_mk60dz10.o(.rev16_text), (4 bytes).
    Removing system_mk60dz10.o(.revsh_text), (4 bytes).
    Removing main.o(.rev16_text), (4 bytes).
    Removing main.o(.revsh_text), (4 bytes).
    Removing isr.o(.rev16_text), (4 bytes).
    Removing isr.o(.revsh_text), (4 bytes).
    Removing sys.o(.rev16_text), (4 bytes).
    Removing sys.o(.revsh_text), (4 bytes).
    Removing delay.o(.rev16_text), (4 bytes).
    Removing delay.o(.revsh_text), (4 bytes).
    Removing dma.o(.rev16_text), (4 bytes).
    Removing dma.o(.revsh_text), (4 bytes).
    Removing ftm.o(.rev16_text), (4 bytes).
    Removing ftm.o(.revsh_text), (4 bytes).
    Removing gpio.o(.rev16_text), (4 bytes).
    Removing gpio.o(.revsh_text), (4 bytes).
    Removing lptm.o(.rev16_text), (4 bytes).
    Removing lptm.o(.revsh_text), (4 bytes).
    Removing lptm.o(.text), (672 bytes).
    Removing pit.o(.rev16_text), (4 bytes).
    Removing pit.o(.revsh_text), (4 bytes).
    Removing rtc.o(.rev16_text), (4 bytes).
    Removing rtc.o(.revsh_text), (4 bytes).
    Removing rtc.o(.text), (1024 bytes).
    Removing rtc.o(.constdata), (24 bytes).
    Removing rtc.o(.data), (2 bytes).
    Removing uart.o(.rev16_text), (4 bytes).
    Removing uart.o(.revsh_text), (4 bytes).
    Removing wdog.o(.rev16_text), (4 bytes).
    Removing wdog.o(.revsh_text), (4 bytes).
    Removing wdog.o(.text), (136 bytes).
    Removing adc.o(.rev16_text), (4 bytes).
    Removing adc.o(.revsh_text), (4 bytes).
    Removing pdb.o(.rev16_text), (4 bytes).
    Removing pdb.o(.revsh_text), (4 bytes).
    Removing pdb.o(.text), (976 bytes).
    Removing dac.o(.rev16_text), (4 bytes).
    Removing dac.o(.revsh_text), (4 bytes).
    Removing dac.o(.text), (1164 bytes).
    Removing spi.o(.rev16_text), (4 bytes).
    Removing spi.o(.revsh_text), (4 bytes).
    Removing spi.o(.text), (2132 bytes).
    Removing i2c.o(.rev16_text), (4 bytes).
    Removing i2c.o(.revsh_text), (4 bytes).
    Removing i2c.o(.text), (1660 bytes).
    Removing can.o(.rev16_text), (4 bytes).
    Removing can.o(.revsh_text), (4 bytes).
    Removing can.o(.text), (2040 bytes).
    Removing flash.o(.rev16_text), (4 bytes).
    Removing flash.o(.revsh_text), (4 bytes).
    Removing flash.o(.text), (356 bytes).
    Removing sd.o(.rev16_text), (4 bytes).
    Removing sd.o(.revsh_text), (4 bytes).
    Removing tsi.o(.rev16_text), (4 bytes).
    Removing tsi.o(.revsh_text), (4 bytes).
    Removing tsi.o(.text), (1020 bytes).
    Removing enet.o(.rev16_text), (4 bytes).
    Removing led.o(.rev16_text), (4 bytes).
    Removing led.o(.revsh_text), (4 bytes).
    Removing led.o(.text), (2 bytes).
    Removing spiflash.o(.rev16_text), (4 bytes).
    Removing spiflash.o(.revsh_text), (4 bytes).
    Removing spiflash.o(.text), (940 bytes).
    Removing spiflash.o(.bss), (4096 bytes).
    Removing spilcd.o(.rev16_text), (4 bytes).
    Removing spilcd.o(.revsh_text), (4 bytes).
    Removing spilcd.o(.text), (1876 bytes).
    Removing spilcd.o(.constdata), (4183 bytes).
    Removing spilcd.o(.data), (4 bytes).
    Removing mma845x.o(.rev16_text), (4 bytes).
    Removing mma845x.o(.revsh_text), (4 bytes).
    Removing mma845x.o(.text), (248 bytes).
    Removing oled.o(.rev16_text), (4 bytes).
    Removing oled.o(.revsh_text), (4 bytes).
    Removing ccd.o(.rev16_text), (4 bytes).
    Removing ccd.o(.revsh_text), (4 bytes).
    Removing data_sent.o(.rev16_text), (4 bytes).
    Removing data_sent.o(.revsh_text), (4 bytes).
    Removing menu.o(.rev16_text), (4 bytes).
    Removing menu.o(.revsh_text), (4 bytes).
    Removing chuinit.o(.rev16_text), (4 bytes).
    Removing chuinit.o(.revsh_text), (4 bytes).
    Removing spilcd.o(i.SPILCD_SetWindow), (76 bytes).
    Removing spilcd.o(i.SPILCD_WriteRAM_Prepare), (10 bytes).

84 unused section(s) (total 22893 bytes) removed from the image.

==============================================================================

Image Symbol Table

    Local Symbols

    Symbol Name                              Value     Ov Type        Size  Object(Section)

    RESET                                    0x00000000   Section     1024  startup_mk60dz10.o(RESET)
    ../clib/angel/boardlib.s                 0x00000000   Number         0  boardinit1.o ABSOLUTE
    ../clib/angel/boardlib.s                 0x00000000   Number         0  boardinit3.o ABSOLUTE
    ../clib/angel/boardlib.s                 0x00000000   Number         0  boardinit2.o ABSOLUTE
    ../clib/angel/boardlib.s                 0x00000000   Number         0  boardshut.o ABSOLUTE
    ../clib/angel/handlers.s                 0x00000000   Number         0  __scatter_copy.o ABSOLUTE
    ../clib/angel/handlers.s                 0x00000000   Number         0  __scatter_zi.o ABSOLUTE
    ../clib/angel/kernel.s                   0x00000000   Number         0  rtexit.o ABSOLUTE
    ../clib/angel/kernel.s                   0x00000000   Number         0  __rtentry4.o ABSOLUTE
    ../clib/angel/kernel.s                   0x00000000   Number         0  __rtentry2.o ABSOLUTE
    ../clib/angel/kernel.s                   0x00000000   Number         0  __rtentry.o ABSOLUTE
    ../clib/angel/kernel.s                   0x00000000   Number         0  rtexit2.o ABSOLUTE
    ../clib/angel/rt.s                       0x00000000   Number         0  rt_raise.o ABSOLUTE
    ../clib/angel/scatter.s                  0x00000000   Number         0  __scatter.o ABSOLUTE
    ../clib/angel/startup.s                  0x00000000   Number         0  __main.o ABSOLUTE
    ../clib/angel/sys.s                      0x00000000   Number         0  indicate_semi.o ABSOLUTE
    ../clib/angel/sys.s                      0x00000000   Number         0  use_no_semi.o ABSOLUTE
    ../clib/angel/sys.s                      0x00000000   Number         0  libspace.o ABSOLUTE
    ../clib/angel/sys.s                      0x00000000   Number         0  sys_stackheap_outer.o ABSOLUTE
    ../clib/angel/sysapp.c                   0x00000000   Number         0  sys_exit.o ABSOLUTE
    ../clib/angel/sysapp.c                   0x00000000   Number         0  sys_command.o ABSOLUTE
    ../clib/angel/sysapp.c                   0x00000000   Number         0  sys_wrch.o ABSOLUTE
    ../clib/armsys.c                         0x00000000   Number         0  no_argv.o ABSOLUTE
    ../clib/armsys.c                         0x00000000   Number         0  _get_argv_nomalloc.o ABSOLUTE
    ../clib/armsys.c                         0x00000000   Number         0  argv_veneer.o ABSOLUTE
    ../clib/armsys.c                         0x00000000   Number         0  argv_veneer.o ABSOLUTE
    ../clib/heapalloc.c                      0x00000000   Number         0  hrguard.o ABSOLUTE
    ../clib/heapaux.c                        0x00000000   Number         0  heapauxi.o ABSOLUTE
    ../clib/libinit.s                        0x00000000   Number         0  libinit2.o ABSOLUTE
    ../clib/libinit.s                        0x00000000   Number         0  libshutdown2.o ABSOLUTE
    ../clib/libinit.s                        0x00000000   Number         0  libinit.o ABSOLUTE
    ../clib/libinit.s                        0x00000000   Number         0  libshutdown.o ABSOLUTE
    ../clib/memcpset.s                       0x00000000   Number         0  rt_memcpy_v6.o ABSOLUTE
    ../clib/memcpset.s                       0x00000000   Number         0  rt_memcpy_w.o ABSOLUTE
    ../clib/signal.c                         0x00000000   Number         0  defsig_segv_inner.o ABSOLUTE
    ../clib/signal.c                         0x00000000   Number         0  defsig_cppl_inner.o ABSOLUTE
    ../clib/signal.c                         0x00000000   Number         0  defsig_pvfn_inner.o ABSOLUTE
    ../clib/signal.c                         0x00000000   Number         0  defsig_rtred_inner.o ABSOLUTE
    ../clib/signal.c                         0x00000000   Number         0  defsig_rtmem_inner.o ABSOLUTE
    ../clib/signal.c                         0x00000000   Number         0  defsig_rtmem_formal.o ABSOLUTE
    ../clib/signal.c                         0x00000000   Number         0  defsig_exit.o ABSOLUTE
    ../clib/signal.c                         0x00000000   Number         0  defsig_rtmem_outer.o ABSOLUTE
    ../clib/signal.c                         0x00000000   Number         0  __raise.o ABSOLUTE
    ../clib/signal.c                         0x00000000   Number         0  defsig_general.o ABSOLUTE
    ../clib/signal.c                         0x00000000   Number         0  defsig_stak_inner.o ABSOLUTE
    ../clib/signal.c                         0x00000000   Number         0  defsig_abrt_inner.o ABSOLUTE
    ../clib/signal.c                         0x00000000   Number         0  defsig_fpe_inner.o ABSOLUTE
    ../clib/signal.c                         0x00000000   Number         0  defsig_other.o ABSOLUTE
    ../clib/signal.s                         0x00000000   Number         0  defsig.o ABSOLUTE
    ../clib/stdlib.c                         0x00000000   Number         0  exit.o ABSOLUTE
    ../clib/string.c                         0x00000000   Number         0  strcpy.o ABSOLUTE
    ../fplib/fflt.s                          0x00000000   Number         0  fflt_clz.o ABSOLUTE
    ../fplib/fpinit.s                        0x00000000   Number         0  fpinit.o ABSOLUTE
    ../fplib/usenofp.s                       0x00000000   Number         0  usenofp.o ABSOLUTE
    ..\SRC\FWLIB\ADC\adc.c                   0x00000000   Number         0  adc.o ABSOLUTE
    ..\SRC\FWLIB\CAN\can.c                   0x00000000   Number         0  can.o ABSOLUTE
    ..\SRC\FWLIB\DAC\dac.c                   0x00000000   Number         0  dac.o ABSOLUTE
    ..\SRC\FWLIB\DELAY\delay.c               0x00000000   Number         0  delay.o ABSOLUTE
    ..\SRC\FWLIB\DMA\dma.c                   0x00000000   Number         0  dma.o ABSOLUTE
    ..\SRC\FWLIB\ENET\enet.c                 0x00000000   Number         0  enet.o ABSOLUTE
    ..\SRC\FWLIB\FLASH\flash.c               0x00000000   Number         0  flash.o ABSOLUTE
    ..\SRC\FWLIB\FTM\ftm.c                   0x00000000   Number         0  ftm.o ABSOLUTE
    ..\SRC\FWLIB\GPIO\gpio.c                 0x00000000   Number         0  gpio.o ABSOLUTE
    ..\SRC\FWLIB\I2C\i2c.c                   0x00000000   Number         0  i2c.o ABSOLUTE
    ..\SRC\FWLIB\LPTM\lptm.c                 0x00000000   Number         0  lptm.o ABSOLUTE
    ..\SRC\FWLIB\PDB\pdb.c                   0x00000000   Number         0  pdb.o ABSOLUTE
    ..\SRC\FWLIB\PIT\pit.c                   0x00000000   Number         0  pit.o ABSOLUTE
    ..\SRC\FWLIB\RTC\rtc.c                   0x00000000   Number         0  rtc.o ABSOLUTE
    ..\SRC\FWLIB\SD\sd.c                     0x00000000   Number         0  sd.o ABSOLUTE
    ..\SRC\FWLIB\SPI\spi.c                   0x00000000   Number         0  spi.o ABSOLUTE
    ..\SRC\FWLIB\SYS\sys.c                   0x00000000   Number         0  sys.o ABSOLUTE
    ..\SRC\FWLIB\TSI\tsi.c                   0x00000000   Number         0  tsi.o ABSOLUTE
    ..\SRC\FWLIB\UART\uart.c                 0x00000000   Number         0  uart.o ABSOLUTE
    ..\SRC\FWLIB\WDOG\wdog.c                 0x00000000   Number         0  wdog.o ABSOLUTE
    ..\SRC\HARDWARE\CCD\ccd.c                0x00000000   Number         0  ccd.o ABSOLUTE
    ..\SRC\HARDWARE\CHUINIT\chuinit.c        0x00000000   Number         0  chuinit.o ABSOLUTE
    ..\SRC\HARDWARE\DATA_SENT\data_sent.c    0x00000000   Number         0  data_sent.o ABSOLUTE
    ..\SRC\HARDWARE\LED\led.c                0x00000000   Number         0  led.o ABSOLUTE
    ..\SRC\HARDWARE\MENU\menu.c              0x00000000   Number         0  menu.o ABSOLUTE
    ..\SRC\HARDWARE\MMA845x\mma845x.c        0x00000000   Number         0  mma845x.o ABSOLUTE
    ..\SRC\HARDWARE\SPIFLASH\spiflash.c      0x00000000   Number         0  spiflash.o ABSOLUTE
    ..\SRC\HARDWARE\SPILCD\spilcd.c          0x00000000   Number         0  spilcd.o ABSOLUTE
    ..\SRC\HARDWARE\oled\oled.c              0x00000000   Number         0  oled.o ABSOLUTE
    ..\SRC\STARTUP\startup_MK60DZ10.s        0x00000000   Number         0  startup_mk60dz10.o ABSOLUTE
    ..\SRC\STARTUP\system_MK60DZ10.c         0x00000000   Number         0  system_mk60dz10.o ABSOLUTE
    ..\SRC\USER\isr.c                        0x00000000   Number         0  isr.o ABSOLUTE
    ..\SRC\USER\main.c                       0x00000000   Number         0  main.o ABSOLUTE
    ..\\SRC\\FWLIB\\ADC\\adc.c               0x00000000   Number         0  adc.o ABSOLUTE
    ..\\SRC\\FWLIB\\CAN\\can.c               0x00000000   Number         0  can.o ABSOLUTE
    ..\\SRC\\FWLIB\\DAC\\dac.c               0x00000000   Number         0  dac.o ABSOLUTE
    ..\\SRC\\FWLIB\\DELAY\\delay.c           0x00000000   Number         0  delay.o ABSOLUTE
    ..\\SRC\\FWLIB\\DMA\\dma.c               0x00000000   Number         0  dma.o ABSOLUTE
    ..\\SRC\\FWLIB\\ENET\\enet.c             0x00000000   Number         0  enet.o ABSOLUTE
    ..\\SRC\\FWLIB\\FLASH\\flash.c           0x00000000   Number         0  flash.o ABSOLUTE
    ..\\SRC\\FWLIB\\FTM\\ftm.c               0x00000000   Number         0  ftm.o ABSOLUTE
    ..\\SRC\\FWLIB\\GPIO\\gpio.c             0x00000000   Number         0  gpio.o ABSOLUTE
    ..\\SRC\\FWLIB\\I2C\\i2c.c               0x00000000   Number         0  i2c.o ABSOLUTE
    ..\\SRC\\FWLIB\\LPTM\\lptm.c             0x00000000   Number         0  lptm.o ABSOLUTE
    ..\\SRC\\FWLIB\\PDB\\pdb.c               0x00000000   Number         0  pdb.o ABSOLUTE
    ..\\SRC\\FWLIB\\PIT\\pit.c               0x00000000   Number         0  pit.o ABSOLUTE
    ..\\SRC\\FWLIB\\RTC\\rtc.c               0x00000000   Number         0  rtc.o ABSOLUTE
    ..\\SRC\\FWLIB\\SD\\sd.c                 0x00000000   Number         0  sd.o ABSOLUTE
    ..\\SRC\\FWLIB\\SPI\\spi.c               0x00000000   Number         0  spi.o ABSOLUTE
    ..\\SRC\\FWLIB\\SYS\\sys.c               0x00000000   Number         0  sys.o ABSOLUTE
    ..\\SRC\\FWLIB\\TSI\\tsi.c               0x00000000   Number         0  tsi.o ABSOLUTE
    ..\\SRC\\FWLIB\\UART\\uart.c             0x00000000   Number         0  uart.o ABSOLUTE
    ..\\SRC\\FWLIB\\WDOG\\wdog.c             0x00000000   Number         0  wdog.o ABSOLUTE
    ..\\SRC\\HARDWARE\\CCD\\ccd.c            0x00000000   Number         0  ccd.o ABSOLUTE
    ..\\SRC\\HARDWARE\\CHUINIT\\chuinit.c    0x00000000   Number         0  chuinit.o ABSOLUTE
    ..\\SRC\\HARDWARE\\DATA_SENT\\data_sent.c 0x00000000   Number         0  data_sent.o ABSOLUTE
    ..\\SRC\\HARDWARE\\LED\\led.c            0x00000000   Number         0  led.o ABSOLUTE
    ..\\SRC\\HARDWARE\\MENU\\menu.c          0x00000000   Number         0  menu.o ABSOLUTE
    ..\\SRC\\HARDWARE\\MMA845x\\mma845x.c    0x00000000   Number         0  mma845x.o ABSOLUTE
    ..\\SRC\\HARDWARE\\SPIFLASH\\spiflash.c  0x00000000   Number         0  spiflash.o ABSOLUTE
    ..\\SRC\\HARDWARE\\SPILCD\\spilcd.c      0x00000000   Number         0  spilcd.o ABSOLUTE
    ..\\SRC\\HARDWARE\\oled\\oled.c          0x00000000   Number         0  oled.o ABSOLUTE
    ..\\SRC\\STARTUP\\system_MK60DZ10.c      0x00000000   Number         0  system_mk60dz10.o ABSOLUTE
    ..\\SRC\\USER\\isr.c                     0x00000000   Number         0  isr.o ABSOLUTE
    ..\\SRC\\USER\\main.c                    0x00000000   Number         0  main.o ABSOLUTE
    dc.s                                     0x00000000   Number         0  dc.o ABSOLUTE
    .ARM.__at_0x400                          0x00000400   Section       16  startup_mk60dz10.o(.ARM.__at_0x400)
    !!!main                                  0x00000410   Section        8  __main.o(!!!main)
    !!!scatter                               0x00000418   Section       52  __scatter.o(!!!scatter)
    !!handler_copy                           0x0000044c   Section       26  __scatter_copy.o(!!handler_copy)
    !!handler_zi                             0x00000468   Section       28  __scatter_zi.o(!!handler_zi)
    .ARM.Collect$$libinit$$00000000          0x00000484   Section        2  libinit.o(.ARM.Collect$$libinit$$00000000)
    .ARM.Collect$$libinit$$00000002          0x00000486   Section        0  libinit2.o(.ARM.Collect$$libinit$$00000002)
    .ARM.Collect$$libinit$$00000004          0x00000486   Section        0  libinit2.o(.ARM.Collect$$libinit$$00000004)
    .ARM.Collect$$libinit$$0000000A          0x00000486   Section        0  libinit2.o(.ARM.Collect$$libinit$$0000000A)
    .ARM.Collect$$libinit$$0000000C          0x00000486   Section        0  libinit2.o(.ARM.Collect$$libinit$$0000000C)
    .ARM.Collect$$libinit$$0000000E          0x00000486   Section        0  libinit2.o(.ARM.Collect$$libinit$$0000000E)
    .ARM.Collect$$libinit$$00000011          0x00000486   Section        0  libinit2.o(.ARM.Collect$$libinit$$00000011)
    .ARM.Collect$$libinit$$00000013          0x00000486   Section        0  libinit2.o(.ARM.Collect$$libinit$$00000013)
    .ARM.Collect$$libinit$$00000015          0x00000486   Section        0  libinit2.o(.ARM.Collect$$libinit$$00000015)
    .ARM.Collect$$libinit$$00000017          0x00000486   Section        0  libinit2.o(.ARM.Collect$$libinit$$00000017)
    .ARM.Collect$$libinit$$00000019          0x00000486   Section        0  libinit2.o(.ARM.Collect$$libinit$$00000019)
    .ARM.Collect$$libinit$$0000001B          0x00000486   Section        0  libinit2.o(.ARM.Collect$$libinit$$0000001B)
    .ARM.Collect$$libinit$$0000001D          0x00000486   Section        0  libinit2.o(.ARM.Collect$$libinit$$0000001D)
    .ARM.Collect$$libinit$$0000001F          0x00000486   Section        0  libinit2.o(.ARM.Collect$$libinit$$0000001F)
    .ARM.Collect$$libinit$$00000021          0x00000486   Section        0  libinit2.o(.ARM.Collect$$libinit$$00000021)
    .ARM.Collect$$libinit$$00000023          0x00000486   Section        0  libinit2.o(.ARM.Collect$$libinit$$00000023)
    .ARM.Collect$$libinit$$00000025          0x00000486   Section        0  libinit2.o(.ARM.Collect$$libinit$$00000025)
    .ARM.Collect$$libinit$$0000002C          0x00000486   Section        0  libinit2.o(.ARM.Collect$$libinit$$0000002C)
    .ARM.Collect$$libinit$$0000002E          0x00000486   Section        0  libinit2.o(.ARM.Collect$$libinit$$0000002E)
    .ARM.Collect$$libinit$$00000030          0x00000486   Section        0  libinit2.o(.ARM.Collect$$libinit$$00000030)
    .ARM.Collect$$libinit$$00000032          0x00000486   Section        0  libinit2.o(.ARM.Collect$$libinit$$00000032)
    .ARM.Collect$$libinit$$00000033          0x00000486   Section        2  libinit2.o(.ARM.Collect$$libinit$$00000033)
    .ARM.Collect$$libshutdown$$00000000      0x00000488   Section        2  libshutdown.o(.ARM.Collect$$libshutdown$$00000000)
    .ARM.Collect$$libshutdown$$00000003      0x0000048a   Section        0  libshutdown2.o(.ARM.Collect$$libshutdown$$00000003)
    .ARM.Collect$$libshutdown$$00000006      0x0000048a   Section        0  libshutdown2.o(.ARM.Collect$$libshutdown$$00000006)
    .ARM.Collect$$libshutdown$$00000009      0x0000048a   Section        0  libshutdown2.o(.ARM.Collect$$libshutdown$$00000009)
    .ARM.Collect$$libshutdown$$0000000B      0x0000048a   Section        0  libshutdown2.o(.ARM.Collect$$libshutdown$$0000000B)
    .ARM.Collect$$libshutdown$$0000000E      0x0000048a   Section        0  libshutdown2.o(.ARM.Collect$$libshutdown$$0000000E)
    .ARM.Collect$$libshutdown$$0000000F      0x0000048a   Section        2  libshutdown2.o(.ARM.Collect$$libshutdown$$0000000F)
    .ARM.Collect$$rtentry$$00000000          0x0000048c   Section        0  __rtentry.o(.ARM.Collect$$rtentry$$00000000)
    .ARM.Collect$$rtentry$$00000002          0x0000048c   Section        0  __rtentry2.o(.ARM.Collect$$rtentry$$00000002)
    .ARM.Collect$$rtentry$$00000004          0x0000048c   Section        6  __rtentry4.o(.ARM.Collect$$rtentry$$00000004)
    .ARM.Collect$$rtentry$$00000009          0x00000492   Section        0  __rtentry2.o(.ARM.Collect$$rtentry$$00000009)
    .ARM.Collect$$rtentry$$0000000A          0x00000492   Section        4  __rtentry2.o(.ARM.Collect$$rtentry$$0000000A)
    .ARM.Collect$$rtentry$$0000000C          0x00000496   Section        0  __rtentry2.o(.ARM.Collect$$rtentry$$0000000C)
    .ARM.Collect$$rtentry$$0000000D          0x00000496   Section        8  __rtentry2.o(.ARM.Collect$$rtentry$$0000000D)
    .ARM.Collect$$rtexit$$00000000           0x0000049e   Section        2  rtexit.o(.ARM.Collect$$rtexit$$00000000)
    .ARM.Collect$$rtexit$$00000002           0x000004a0   Section        0  rtexit2.o(.ARM.Collect$$rtexit$$00000002)
    .ARM.Collect$$rtexit$$00000003           0x000004a0   Section        4  rtexit2.o(.ARM.Collect$$rtexit$$00000003)
    .ARM.Collect$$rtexit$$00000004           0x000004a4   Section        6  rtexit2.o(.ARM.Collect$$rtexit$$00000004)
    .emb_text                                0x000004ac   Section        2  isr.o(.emb_text)
    .revsh_text                              0x000004b0   Section        4  enet.o(.revsh_text)
    .text                                    0x000004b4   Section        0  system_mk60dz10.o(.text)
    .text                                    0x00000654   Section       60  startup_mk60dz10.o(.text)
    .text                                    0x00000690   Section        0  main.o(.text)
    .text                                    0x00000898   Section        0  isr.o(.text)
    .text                                    0x00000a0c   Section        0  sys.o(.text)
    .text                                    0x00001138   Section        0  delay.o(.text)
    .text                                    0x00001214   Section        0  dma.o(.text)
    .text                                    0x00001588   Section        0  ftm.o(.text)
    FTM_PWM_SetMode                          0x00001589   Thumb Code  1076  ftm.o(.text)
    .text                                    0x00001fd8   Section        0  gpio.o(.text)
    .text                                    0x0000266c   Section        0  pit.o(.text)
    .text                                    0x000028fc   Section        0  uart.o(.text)
    UART_puts                                0x00002f53   Thumb Code    26  uart.o(.text)
    printn                                   0x00002f6d   Thumb Code    48  uart.o(.text)
    .text                                    0x000033b0   Section        0  adc.o(.text)
    ADC_Cal                                  0x000033b1   Thumb Code   172  adc.o(.text)
    .text                                    0x00003878   Section        0  sd.o(.text)
    .text                                    0x00004090   Section        0  enet.o(.text)
    ENET_BDInit                              0x00004091   Thumb Code   176  enet.o(.text)
    NVIC_EnableIRQ                           0x0000476b   Thumb Code    22  enet.o(.text)
    .text                                    0x000047c4   Section        0  oled.o(.text)
    .text                                    0x00004cf4   Section        0  ccd.o(.text)
    .text                                    0x000053ec   Section        0  data_sent.o(.text)
    .text                                    0x00005800   Section        0  menu.o(.text)
    .text                                    0x00005b2c   Section        0  chuinit.o(.text)
    .text                                    0x00005cc4   Section        0  strcpy.o(.text)
    .text                                    0x00005d0c   Section      138  rt_memcpy_v6.o(.text)
    .text                                    0x00005d96   Section        0  heapauxi.o(.text)
    .text                                    0x00005d9c   Section      100  rt_memcpy_w.o(.text)
    .text                                    0x00005e00   Section       74  sys_stackheap_outer.o(.text)
    .text                                    0x00005e4a   Section        0  exit.o(.text)
    .text                                    0x00005e58   Section        8  libspace.o(.text)
    .text                                    0x00005e60   Section        0  sys_exit.o(.text)
    .text                                    0x00005e6c   Section        2  use_no_semi.o(.text)
    .text                                    0x00005e6e   Section        0  indicate_semi.o(.text)
    x$fpl$fflt                               0x00005e70   Section       48  fflt_clz.o(x$fpl$fflt)
    .constdata                               0x00005ea0   Section     1152  oled.o(.constdata)
    x$fpl$usenofp                            0x00005ea0   Section        0  usenofp.o(x$fpl$usenofp)
    .conststring                             0x00006320   Section       17  uart.o(.conststring)
    .data                                    0x20000000   Section        4  system_mk60dz10.o(.data)
    .data                                    0x20000004   Section       50  main.o(.data)
    .data                                    0x20000036   Section        1  isr.o(.data)
    TimerCnt_20ms                            0x20000036   Data           1  isr.o(.data)
    .data                                    0x20000038   Section        8  delay.o(.data)
    fac_us                                   0x20000038   Data           1  delay.o(.data)
    fac_ms                                   0x2000003c   Data           4  delay.o(.data)
    .data                                    0x20000040   Section        8  uart.o(.data)
    ntab                                     0x20000044   Data           4  uart.o(.data)
    .data                                    0x20000048   Section        8  sd.o(.data)
    .data                                    0x20000050   Section       12  enet.o(.data)
    pxENETTxDescriptor                       0x20000050   Data           4  enet.o(.data)
    pxENETRxDescriptors                      0x20000054   Data           4  enet.o(.data)
    uxNextRxBuffer                           0x20000058   Data           4  enet.o(.data)
    .data                                    0x2000005c   Section        2  ccd.o(.data)
    .data                                    0x20000060   Section        4  data_sent.o(.data)
    .bss                                     0x20000064   Section     1782  main.o(.bss)
    .bss                                     0x2000075c   Section       36  sys.o(.bss)
    .bss                                     0x20000780   Section      134  uart.o(.bss)
    .bss                                     0x20000806   Section    12496  enet.o(.bss)
    xENETTxDescriptors_unaligned             0x20000806   Data          48  enet.o(.bss)
    pxENETRxDescriptors_unaligned            0x20000836   Data         272  enet.o(.bss)
    ucENETRxBuffers                          0x20000946   Data       12176  enet.o(.bss)
    .bss                                     0x200038d6   Section      446  data_sent.o(.bss)
    .bss                                     0x20003a94   Section       80  menu.o(.bss)
    .bss                                     0x20003ae4   Section       96  libspace.o(.bss)
    HEAP                                     0x20003b48   Section        0  startup_mk60dz10.o(HEAP)
    STACK                                    0x20003b48   Section     1024  startup_mk60dz10.o(STACK)
    Heap_Mem                                 0x20003b48   Data           0  startup_mk60dz10.o(HEAP)
    Stack_Mem                                0x20003b48   Data        1024  startup_mk60dz10.o(STACK)
    __initial_sp                             0x20003f48   Data           0  startup_mk60dz10.o(STACK)

    Global Symbols

    Symbol Name                              Value     Ov Type        Size  Object(Section)

    BuildAttributes$$THM_ISAv4$E$P$D$K$B$S$7EM$PE$A:L22UL41UL21$X:L11$S22US41US21$IEEE1$IW$USESV6$~STKCKD$USESV7$~SHL$OSPACE$ROPI$EBA8$UX$STANDARDLIB$REQ8$PRES8$EABIv2 0x00000000   Number         0  anon$$obj.o ABSOLUTE
    __ARM_use_no_argv                        0x00000000   Number         0  main.o ABSOLUTE
    __Vectors                                0x00000000   Data           4  startup_mk60dz10.o(RESET)
    __ARM_exceptions_init                     - Undefined Weak Reference
    __alloca_initialize                       - Undefined Weak Reference
    __arm_preinit_                            - Undefined Weak Reference
    __cpp_initialize__aeabi_                  - Undefined Weak Reference
    __cxa_finalize                            - Undefined Weak Reference
    __rt_locale                               - Undefined Weak Reference
    __sigvec_lookup                           - Undefined Weak Reference
    _atexit_init                              - Undefined Weak Reference
    _call_atexit_fns                          - Undefined Weak Reference
    _clock_init                               - Undefined Weak Reference
    _fp_trap_init                             - Undefined Weak Reference
    _fp_trap_shutdown                         - Undefined Weak Reference
    _get_lc_collate                           - Undefined Weak Reference
    _get_lc_ctype                             - Undefined Weak Reference
    _get_lc_monetary                          - Undefined Weak Reference
    _get_lc_numeric                           - Undefined Weak Reference
    _get_lc_time                              - Undefined Weak Reference
    _getenv_init                              - Undefined Weak Reference
    _handle_redirection                       - Undefined Weak Reference
    _init_alloc                               - Undefined Weak Reference
    _init_user_alloc                          - Undefined Weak Reference
    _initio                                   - Undefined Weak Reference
    _rand_init                                - Undefined Weak Reference
    _signal_finish                            - Undefined Weak Reference
    _signal_init                              - Undefined Weak Reference
    _terminate_alloc                          - Undefined Weak Reference
    _terminate_user_alloc                     - Undefined Weak Reference
    _terminateio                              - Undefined Weak Reference
    __Vectors_End                            0x00000400   Data           0  startup_mk60dz10.o(RESET)
    __Vectors_Size                           0x00000400   Number         0  startup_mk60dz10.o ABSOLUTE
    __main                                   0x00000411   Thumb Code     8  __main.o(!!!main)
    __scatterload                            0x00000419   Thumb Code     0  __scatter.o(!!!scatter)
    __scatterload_rt2                        0x00000419   Thumb Code    44  __scatter.o(!!!scatter)
    __scatterload_rt2_thumb_only             0x00000419   Thumb Code     0  __scatter.o(!!!scatter)
    __scatterload_null                       0x00000427   Thumb Code     0  __scatter.o(!!!scatter)
    __scatterload_copy                       0x0000044d   Thumb Code    26  __scatter_copy.o(!!handler_copy)
    __scatterload_zeroinit                   0x00000469   Thumb Code    28  __scatter_zi.o(!!handler_zi)
    __rt_lib_init                            0x00000485   Thumb Code     0  libinit.o(.ARM.Collect$$libinit$$00000000)
    __rt_lib_init_alloca_1                   0x00000487   Thumb Code     0  libinit2.o(.ARM.Collect$$libinit$$0000002E)
    __rt_lib_init_argv_1                     0x00000487   Thumb Code     0  libinit2.o(.ARM.Collect$$libinit$$0000002C)
    __rt_lib_init_atexit_1                   0x00000487   Thumb Code     0  libinit2.o(.ARM.Collect$$libinit$$0000001B)
    __rt_lib_init_clock_1                    0x00000487   Thumb Code     0  libinit2.o(.ARM.Collect$$libinit$$00000021)
    __rt_lib_init_cpp_1                      0x00000487   Thumb Code     0  libinit2.o(.ARM.Collect$$libinit$$00000032)
    __rt_lib_init_exceptions_1               0x00000487   Thumb Code     0  libinit2.o(.ARM.Collect$$libinit$$00000030)
    __rt_lib_init_fp_1                       0x00000487   Thumb Code     0  libinit2.o(.ARM.Collect$$libinit$$00000002)
    __rt_lib_init_fp_trap_1                  0x00000487   Thumb Code     0  libinit2.o(.ARM.Collect$$libinit$$0000001F)
    __rt_lib_init_getenv_1                   0x00000487   Thumb Code     0  libinit2.o(.ARM.Collect$$libinit$$00000023)
    __rt_lib_init_heap_1                     0x00000487   Thumb Code     0  libinit2.o(.ARM.Collect$$libinit$$0000000A)
    __rt_lib_init_lc_collate_1               0x00000487   Thumb Code     0  libinit2.o(.ARM.Collect$$libinit$$00000011)
    __rt_lib_init_lc_ctype_1                 0x00000487   Thumb Code     0  libinit2.o(.ARM.Collect$$libinit$$00000013)
    __rt_lib_init_lc_monetary_1              0x00000487   Thumb Code     0  libinit2.o(.ARM.Collect$$libinit$$00000015)
    __rt_lib_init_lc_numeric_1               0x00000487   Thumb Code     0  libinit2.o(.ARM.Collect$$libinit$$00000017)
    __rt_lib_init_lc_time_1                  0x00000487   Thumb Code     0  libinit2.o(.ARM.Collect$$libinit$$00000019)
    __rt_lib_init_preinit_1                  0x00000487   Thumb Code     0  libinit2.o(.ARM.Collect$$libinit$$00000004)
    __rt_lib_init_rand_1                     0x00000487   Thumb Code     0  libinit2.o(.ARM.Collect$$libinit$$0000000E)
    __rt_lib_init_return                     0x00000487   Thumb Code     0  libinit2.o(.ARM.Collect$$libinit$$00000033)
    __rt_lib_init_signal_1                   0x00000487   Thumb Code     0  libinit2.o(.ARM.Collect$$libinit$$0000001D)
    __rt_lib_init_stdio_1                    0x00000487   Thumb Code     0  libinit2.o(.ARM.Collect$$libinit$$00000025)
    __rt_lib_init_user_alloc_1               0x00000487   Thumb Code     0  libinit2.o(.ARM.Collect$$libinit$$0000000C)
    __rt_lib_shutdown                        0x00000489   Thumb Code     0  libshutdown.o(.ARM.Collect$$libshutdown$$00000000)
    __rt_lib_shutdown_fp_trap_1              0x0000048b   Thumb Code     0  libshutdown2.o(.ARM.Collect$$libshutdown$$00000006)
    __rt_lib_shutdown_heap_1                 0x0000048b   Thumb Code     0  libshutdown2.o(.ARM.Collect$$libshutdown$$0000000E)
    __rt_lib_shutdown_return                 0x0000048b   Thumb Code     0  libshutdown2.o(.ARM.Collect$$libshutdown$$0000000F)
    __rt_lib_shutdown_signal_1               0x0000048b   Thumb Code     0  libshutdown2.o(.ARM.Collect$$libshutdown$$00000009)
    __rt_lib_shutdown_stdio_1                0x0000048b   Thumb Code     0  libshutdown2.o(.ARM.Collect$$libshutdown$$00000003)
    __rt_lib_shutdown_user_alloc_1           0x0000048b   Thumb Code     0  libshutdown2.o(.ARM.Collect$$libshutdown$$0000000B)
    __rt_entry                               0x0000048d   Thumb Code     0  __rtentry.o(.ARM.Collect$$rtentry$$00000000)
    __rt_entry_presh_1                       0x0000048d   Thumb Code     0  __rtentry2.o(.ARM.Collect$$rtentry$$00000002)
    __rt_entry_sh                            0x0000048d   Thumb Code     0  __rtentry4.o(.ARM.Collect$$rtentry$$00000004)
    __rt_entry_li                            0x00000493   Thumb Code     0  __rtentry2.o(.ARM.Collect$$rtentry$$0000000A)
    __rt_entry_postsh_1                      0x00000493   Thumb Code     0  __rtentry2.o(.ARM.Collect$$rtentry$$00000009)
    __rt_entry_main                          0x00000497   Thumb Code     0  __rtentry2.o(.ARM.Collect$$rtentry$$0000000D)
    __rt_entry_postli_1                      0x00000497   Thumb Code     0  __rtentry2.o(.ARM.Collect$$rtentry$$0000000C)
    __rt_exit                                0x0000049f   Thumb Code     0  rtexit.o(.ARM.Collect$$rtexit$$00000000)
    __rt_exit_ls                             0x000004a1   Thumb Code     0  rtexit2.o(.ARM.Collect$$rtexit$$00000003)
    __rt_exit_prels_1                        0x000004a1   Thumb Code     0  rtexit2.o(.ARM.Collect$$rtexit$$00000002)
    __rt_exit_exit                           0x000004a5   Thumb Code     0  rtexit2.o(.ARM.Collect$$rtexit$$00000004)
    wait                                     0x000004ad   Thumb Code     2  isr.o(.emb_text)
    __asm___6_enet_c_1ac3582e____REVSH       0x000004b1   Thumb Code     4  enet.o(.revsh_text)
    SystemInit                               0x000004b5   Thumb Code    88  system_mk60dz10.o(.text)
    SystemCoreClockUpdate                    0x0000050d   Thumb Code   308  system_mk60dz10.o(.text)
    Reset_Handler                            0x00000655   Thumb Code     8  startup_mk60dz10.o(.text)
    SVC_Handler                              0x00000667   Thumb Code     2  startup_mk60dz10.o(.text)
    DebugMon_Handler                         0x00000669   Thumb Code     2  startup_mk60dz10.o(.text)
    PendSV_Handler                           0x0000066b   Thumb Code     2  startup_mk60dz10.o(.text)
    SysTick_Handler                          0x0000066d   Thumb Code     2  startup_mk60dz10.o(.text)
    ADC0_IRQHandler                          0x0000066f   Thumb Code     0  startup_mk60dz10.o(.text)
    ADC1_IRQHandler                          0x0000066f   Thumb Code     0  startup_mk60dz10.o(.text)
    CAN0_Bus_Off_IRQHandler                  0x0000066f   Thumb Code     0  startup_mk60dz10.o(.text)
    CAN0_Error_IRQHandler                    0x0000066f   Thumb Code     0  startup_mk60dz10.o(.text)
    CAN0_ORed_Message_buffer_IRQHandler      0x0000066f   Thumb Code     0  startup_mk60dz10.o(.text)
    CAN0_Rx_Warning_IRQHandler               0x0000066f   Thumb Code     0  startup_mk60dz10.o(.text)
    CAN0_Tx_Warning_IRQHandler               0x0000066f   Thumb Code     0  startup_mk60dz10.o(.text)
    CAN0_Wake_Up_IRQHandler                  0x0000066f   Thumb Code     0  startup_mk60dz10.o(.text)
    CAN1_Bus_Off_IRQHandler                  0x0000066f   Thumb Code     0  startup_mk60dz10.o(.text)
    CAN1_Error_IRQHandler                    0x0000066f   Thumb Code     0  startup_mk60dz10.o(.text)
    CAN1_ORed_Message_buffer_IRQHandler      0x0000066f   Thumb Code     0  startup_mk60dz10.o(.text)
    CAN1_Rx_Warning_IRQHandler               0x0000066f   Thumb Code     0  startup_mk60dz10.o(.text)
    CAN1_Tx_Warning_IRQHandler               0x0000066f   Thumb Code     0  startup_mk60dz10.o(.text)
    CAN1_Wake_Up_IRQHandler                  0x0000066f   Thumb Code     0  startup_mk60dz10.o(.text)
    CMP0_IRQHandler                          0x0000066f   Thumb Code     0  startup_mk60dz10.o(.text)
    CMP1_IRQHandler                          0x0000066f   Thumb Code     0  startup_mk60dz10.o(.text)
    CMP2_IRQHandler                          0x0000066f   Thumb Code     0  startup_mk60dz10.o(.text)
    CMT_IRQHandler                           0x0000066f   Thumb Code     0  startup_mk60dz10.o(.text)
    DAC0_IRQHandler                          0x0000066f   Thumb Code     0  startup_mk60dz10.o(.text)
    DAC1_IRQHandler                          0x0000066f   Thumb Code     0  startup_mk60dz10.o(.text)
    DMA0_IRQHandler                          0x0000066f   Thumb Code     0  startup_mk60dz10.o(.text)
    DMA10_IRQHandler                         0x0000066f   Thumb Code     0  startup_mk60dz10.o(.text)
    DMA11_IRQHandler                         0x0000066f   Thumb Code     0  startup_mk60dz10.o(.text)
    DMA12_IRQHandler                         0x0000066f   Thumb Code     0  startup_mk60dz10.o(.text)
    DMA13_IRQHandler                         0x0000066f   Thumb Code     0  startup_mk60dz10.o(.text)
    DMA14_IRQHandler                         0x0000066f   Thumb Code     0  startup_mk60dz10.o(.text)
    DMA15_IRQHandler                         0x0000066f   Thumb Code     0  startup_mk60dz10.o(.text)
    DMA1_IRQHandler                          0x0000066f   Thumb Code     0  startup_mk60dz10.o(.text)
    DMA2_IRQHandler                          0x0000066f   Thumb Code     0  startup_mk60dz10.o(.text)
    DMA3_IRQHandler                          0x0000066f   Thumb Code     0  startup_mk60dz10.o(.text)
    DMA4_IRQHandler                          0x0000066f   Thumb Code     0  startup_mk60dz10.o(.text)
    DMA5_IRQHandler                          0x0000066f   Thumb Code     0  startup_mk60dz10.o(.text)
    DMA6_IRQHandler                          0x0000066f   Thumb Code     0  startup_mk60dz10.o(.text)
    DMA7_IRQHandler                          0x0000066f   Thumb Code     0  startup_mk60dz10.o(.text)
    DMA8_IRQHandler                          0x0000066f   Thumb Code     0  startup_mk60dz10.o(.text)
    DMA9_IRQHandler                          0x0000066f   Thumb Code     0  startup_mk60dz10.o(.text)
    DMA_Error_IRQHandler                     0x0000066f   Thumb Code     0  startup_mk60dz10.o(.text)
    DefaultISR                               0x0000066f   Thumb Code     0  startup_mk60dz10.o(.text)
    ENET_1588_Timer_IRQHandler               0x0000066f   Thumb Code     0  startup_mk60dz10.o(.text)
    FTFL_IRQHandler                          0x0000066f   Thumb Code     0  startup_mk60dz10.o(.text)
    FTM0_IRQHandler                          0x0000066f   Thumb Code     0  startup_mk60dz10.o(.text)
    FTM1_IRQHandler                          0x0000066f   Thumb Code     0  startup_mk60dz10.o(.text)
    FTM2_IRQHandler                          0x0000066f   Thumb Code     0  startup_mk60dz10.o(.text)
    I2C0_IRQHandler                          0x0000066f   Thumb Code     0  startup_mk60dz10.o(.text)
    I2C1_IRQHandler                          0x0000066f   Thumb Code     0  startup_mk60dz10.o(.text)
    I2S0_IRQHandler                          0x0000066f   Thumb Code     0  startup_mk60dz10.o(.text)
    LLW_IRQHandler                           0x0000066f   Thumb Code     0  startup_mk60dz10.o(.text)
    LPTimer_IRQHandler                       0x0000066f   Thumb Code     0  startup_mk60dz10.o(.text)
    LVD_LVW_IRQHandler                       0x0000066f   Thumb Code     0  startup_mk60dz10.o(.text)
    MCG_IRQHandler                           0x0000066f   Thumb Code     0  startup_mk60dz10.o(.text)
    MCM_IRQHandler                           0x0000066f   Thumb Code     0  startup_mk60dz10.o(.text)
    PDB0_IRQHandler                          0x0000066f   Thumb Code     0  startup_mk60dz10.o(.text)
    PIT2_IRQHandler                          0x0000066f   Thumb Code     0  startup_mk60dz10.o(.text)
    PIT3_IRQHandler                          0x0000066f   Thumb Code     0  startup_mk60dz10.o(.text)
    PORTA_IRQHandler                         0x0000066f   Thumb Code     0  startup_mk60dz10.o(.text)
    PORTB_IRQHandler                         0x0000066f   Thumb Code     0  startup_mk60dz10.o(.text)
    PORTC_IRQHandler                         0x0000066f   Thumb Code     0  startup_mk60dz10.o(.text)
    PORTD_IRQHandler                         0x0000066f   Thumb Code     0  startup_mk60dz10.o(.text)
    PORTE_IRQHandler                         0x0000066f   Thumb Code     0  startup_mk60dz10.o(.text)
    RNG_IRQHandler                           0x0000066f   Thumb Code     0  startup_mk60dz10.o(.text)
    RTC_IRQHandler                           0x0000066f   Thumb Code     0  startup_mk60dz10.o(.text)
    Read_Collision_IRQHandler                0x0000066f   Thumb Code     0  startup_mk60dz10.o(.text)
    Reserved102_IRQHandler                   0x0000066f   Thumb Code     0  startup_mk60dz10.o(.text)
    Reserved108_IRQHandler                   0x0000066f   Thumb Code     0  startup_mk60dz10.o(.text)
    Reserved109_IRQHandler                   0x0000066f   Thumb Code     0  startup_mk60dz10.o(.text)
    Reserved110_IRQHandler                   0x0000066f   Thumb Code     0  startup_mk60dz10.o(.text)
    Reserved111_IRQHandler                   0x0000066f   Thumb Code     0  startup_mk60dz10.o(.text)
    Reserved112_IRQHandler                   0x0000066f   Thumb Code     0  startup_mk60dz10.o(.text)
    Reserved113_IRQHandler                   0x0000066f   Thumb Code     0  startup_mk60dz10.o(.text)
    Reserved114_IRQHandler                   0x0000066f   Thumb Code     0  startup_mk60dz10.o(.text)
    Reserved115_IRQHandler                   0x0000066f   Thumb Code     0  startup_mk60dz10.o(.text)
    Reserved116_IRQHandler                   0x0000066f   Thumb Code     0  startup_mk60dz10.o(.text)
    Reserved117_IRQHandler                   0x0000066f   Thumb Code     0  startup_mk60dz10.o(.text)
    Reserved118_IRQHandler                   0x0000066f   Thumb Code     0  startup_mk60dz10.o(.text)
    Reserved119_IRQHandler                   0x0000066f   Thumb Code     0  startup_mk60dz10.o(.text)
    Reserved51_IRQHandler                    0x0000066f   Thumb Code     0  startup_mk60dz10.o(.text)
    Reserved52_IRQHandler                    0x0000066f   Thumb Code     0  startup_mk60dz10.o(.text)
    Reserved59_IRQHandler                    0x0000066f   Thumb Code     0  startup_mk60dz10.o(.text)
    Reserved60_IRQHandler                    0x0000066f   Thumb Code     0  startup_mk60dz10.o(.text)
    Reserved83_IRQHandler                    0x0000066f   Thumb Code     0  startup_mk60dz10.o(.text)
    SDHC_IRQHandler                          0x0000066f   Thumb Code     0  startup_mk60dz10.o(.text)
    SPI0_IRQHandler                          0x0000066f   Thumb Code     0  startup_mk60dz10.o(.text)
    SPI1_IRQHandler                          0x0000066f   Thumb Code     0  startup_mk60dz10.o(.text)
    SPI2_IRQHandler                          0x0000066f   Thumb Code     0  startup_mk60dz10.o(.text)
    TSI0_IRQHandler                          0x0000066f   Thumb Code     0  startup_mk60dz10.o(.text)
    UART0_ERR_IRQHandler                     0x0000066f   Thumb Code     0  startup_mk60dz10.o(.text)
    UART0_RX_TX_IRQHandler                   0x0000066f   Thumb Code     0  startup_mk60dz10.o(.text)
    UART1_ERR_IRQHandler                     0x0000066f   Thumb Code     0  startup_mk60dz10.o(.text)
    UART1_RX_TX_IRQHandler                   0x0000066f   Thumb Code     0  startup_mk60dz10.o(.text)
    UART2_ERR_IRQHandler                     0x0000066f   Thumb Code     0  startup_mk60dz10.o(.text)
    UART2_RX_TX_IRQHandler                   0x0000066f   Thumb Code     0  startup_mk60dz10.o(.text)
    UART3_ERR_IRQHandler                     0x0000066f   Thumb Code     0  startup_mk60dz10.o(.text)
    UART3_RX_TX_IRQHandler                   0x0000066f   Thumb Code     0  startup_mk60dz10.o(.text)
    UART4_ERR_IRQHandler                     0x0000066f   Thumb Code     0  startup_mk60dz10.o(.text)
    UART5_ERR_IRQHandler                     0x0000066f   Thumb Code     0  startup_mk60dz10.o(.text)
    UART5_RX_TX_IRQHandler                   0x0000066f   Thumb Code     0  startup_mk60dz10.o(.text)
    USB0_IRQHandler                          0x0000066f   Thumb Code     0  startup_mk60dz10.o(.text)
    USBDCD_IRQHandler                        0x0000066f   Thumb Code     0  startup_mk60dz10.o(.text)
    Watchdog_IRQHandler                      0x0000066f   Thumb Code     0  startup_mk60dz10.o(.text)
    __user_initial_stackheap                 0x00000671   Thumb Code     0  startup_mk60dz10.o(.text)
    main                                     0x00000691   Thumb Code   422  main.o(.text)
    assert_failed                            0x00000837   Thumb Code    18  main.o(.text)
    PIT0_IRQHandler                          0x00000899   Thumb Code    12  isr.o(.text)
    PIT1_IRQHandler                          0x000008a5   Thumb Code    50  isr.o(.text)
    UART4_RX_TX_IRQHandler                   0x000008d7   Thumb Code    28  isr.o(.text)
    HardFault_Handler                        0x000008f3   Thumb Code    58  isr.o(.text)
    NMI_Handler                              0x0000092d   Thumb Code    58  isr.o(.text)
    MemManage_Handler                        0x00000967   Thumb Code    24  isr.o(.text)
    BusFault_Handler                         0x0000097f   Thumb Code    24  isr.o(.text)
    UsageFault_Handler                       0x00000997   Thumb Code    24  isr.o(.text)
    GetCPUInfo                               0x00000a0d   Thumb Code   736  sys.o(.text)
    SystemClockSetup                         0x00000ced   Thumb Code   714  sys.o(.text)
    NVIC_Init                                0x00000fb7   Thumb Code   250  sys.o(.text)
    SystemSoftReset                          0x000010b1   Thumb Code    34  sys.o(.text)
    EnableInterrupts                         0x000010d3   Thumb Code     4  sys.o(.text)
    DisableInterrupts                        0x000010d7   Thumb Code     4  sys.o(.text)
    SetVectorTable                           0x000010db   Thumb Code    32  sys.o(.text)
    GetFWVersion                             0x000010fb   Thumb Code     4  sys.o(.text)
    DelayInit                                0x00001139   Thumb Code    54  delay.o(.text)
    DelayUs                                  0x0000116f   Thumb Code    68  delay.o(.text)
    DelayMs                                  0x000011b3   Thumb Code    80  delay.o(.text)
    DMA_StructInit                           0x00001215   Thumb Code    28  dma.o(.text)
    DMA_SetEnableReq                         0x00001231   Thumb Code    72  dma.o(.text)
    DMA_Init                                 0x00001279   Thumb Code   434  dma.o(.text)
    DMA_IsComplete                           0x0000142b   Thumb Code    40  dma.o(.text)
    DMA_SetCurrDataCounter                   0x00001453   Thumb Code    52  dma.o(.text)
    DMA_GetCurrDataCounter                   0x00001487   Thumb Code    32  dma.o(.text)
    DMA_ITConfig                             0x000014a7   Thumb Code   112  dma.o(.text)
    DMA_GetITStatus                          0x00001517   Thumb Code    44  dma.o(.text)
    DMA_ClearITPendingBit                    0x00001543   Thumb Code    30  dma.o(.text)
    FTM_PWM_ChangeDuty                       0x000019bd   Thumb Code   292  ftm.o(.text)
    FTM_Init                                 0x00001ae1   Thumb Code   622  ftm.o(.text)
    FTM_ITConfig                             0x00001d4f   Thumb Code   326  ftm.o(.text)
    FTM_GetITStatus                          0x00001e95   Thumb Code   166  ftm.o(.text)
    FTM_ClearITPendingBit                    0x00001f3b   Thumb Code   144  ftm.o(.text)
    GPIO_Init                                0x00001fd9   Thumb Code   648  gpio.o(.text)
    GPIO_GetITStates                         0x00002261   Thumb Code    84  gpio.o(.text)
    GPIO_ClearITPendingBit                   0x000022b5   Thumb Code   138  gpio.o(.text)
    GPIO_StructInit                          0x0000233f   Thumb Code    10  gpio.o(.text)
    GPIO_WriteBit                            0x00002349   Thumb Code   110  gpio.o(.text)
    GPIO_SetBits                             0x000023b7   Thumb Code   148  gpio.o(.text)
    GPIO_ResetBits                           0x0000244b   Thumb Code    82  gpio.o(.text)
    GPIO_ToggleBit                           0x0000249d   Thumb Code    86  gpio.o(.text)
    GPIO_Write                               0x000024f3   Thumb Code    60  gpio.o(.text)
    GPIO_ReadOutputDataBit                   0x0000252f   Thumb Code    96  gpio.o(.text)
    GPIO_ReadOutputData                      0x0000258f   Thumb Code    60  gpio.o(.text)
    GPIO_ReadInputDataBit                    0x000025cb   Thumb Code    96  gpio.o(.text)
    GPIO_ReadInputData                       0x0000262b   Thumb Code    58  gpio.o(.text)
    PIT_Init                                 0x0000266d   Thumb Code   154  pit.o(.text)
    PIT_GetLoadValue                         0x00002707   Thumb Code    38  pit.o(.text)
    PIT_GetCurrentValue                      0x0000272d   Thumb Code    38  pit.o(.text)
    PIT_SetLoadValue                         0x00002753   Thumb Code    40  pit.o(.text)
    PIT_Start                                0x0000277b   Thumb Code    50  pit.o(.text)
    PIT_Stop                                 0x000027ad   Thumb Code    50  pit.o(.text)
    PIT_ITConfig                             0x000027df   Thumb Code   110  pit.o(.text)
    PIT_GetITStatus                          0x0000284d   Thumb Code    70  pit.o(.text)
    PIT_ClearITPendingBit                    0x00002893   Thumb Code    64  pit.o(.text)
    UART_Init                                0x000028fd   Thumb Code   632  uart.o(.text)
    UART_DebugPortInit                       0x00002b75   Thumb Code   102  uart.o(.text)
    UART_ITConfig                            0x00002bdb   Thumb Code   212  uart.o(.text)
    UART_GetITStatus                         0x00002caf   Thumb Code   284  uart.o(.text)
    UART_SendData                            0x00002dcb   Thumb Code    16  uart.o(.text)
    UART_SendDataInt                         0x00002ddb   Thumb Code   104  uart.o(.text)
    UART_DMACmd                              0x00002e43   Thumb Code   168  uart.o(.text)
    UART_SendDataIntProcess                  0x00002eeb   Thumb Code    82  uart.o(.text)
    UART_ReceiveData                         0x00002f3d   Thumb Code    22  uart.o(.text)
    UART_printf                              0x00002f9d   Thumb Code   106  uart.o(.text)
    DisplayCPUInfo                           0x00003007   Thumb Code   336  uart.o(.text)
    ADC_Init                                 0x0000345d   Thumb Code   594  adc.o(.text)
    ADC_GetConversionValue                   0x000036af   Thumb Code   118  adc.o(.text)
    ADC_ITConfig                             0x00003725   Thumb Code   104  adc.o(.text)
    ADC_GetITStatus                          0x0000378d   Thumb Code    90  adc.o(.text)
    ADC_DMACmd                               0x000037e7   Thumb Code    90  adc.o(.text)
    SD_SetBaudRate                           0x00003879   Thumb Code   170  sd.o(.text)
    SDHC_is_running                          0x00003923   Thumb Code    20  sd.o(.text)
    SD_GetCapacity                           0x00003937   Thumb Code    98  sd.o(.text)
    SD_StatusWait                            0x00003999   Thumb Code    18  sd.o(.text)
    SD_SendCommand                           0x000039ab   Thumb Code   242  sd.o(.text)
    SD_Init                                  0x00003a9d   Thumb Code   674  sd.o(.text)
    SD_ReadSingleBlock                       0x00003d3f   Thumb Code   136  sd.o(.text)
    SD_WriteSingleBlock                      0x00003dc7   Thumb Code   138  sd.o(.text)
    SD_ReadMultiBlock                        0x00003e51   Thumb Code   266  sd.o(.text)
    SD_WriteMultiBlock                       0x00003f5b   Thumb Code   256  sd.o(.text)
    ENET_HashAddress                         0x00004141   Thumb Code    58  enet.o(.text)
    ENET_SetAddress                          0x0000417b   Thumb Code   106  enet.o(.text)
    ENET_MiiRead                             0x000041e5   Thumb Code   106  enet.o(.text)
    ENET_MiiWrite                            0x0000424f   Thumb Code   104  enet.o(.text)
    ENET_MiiInit                             0x000042b7   Thumb Code    48  enet.o(.text)
    ENET_Init                                0x000042e7   Thumb Code   870  enet.o(.text)
    ENET_MiiLinkState                        0x0000464d   Thumb Code    34  enet.o(.text)
    ENET_MacSendData                         0x0000466f   Thumb Code    76  enet.o(.text)
    ENET_MacRecData                          0x000046bb   Thumb Code   138  enet.o(.text)
    ENET_Transmit_IRQHandler                 0x00004745   Thumb Code    14  enet.o(.text)
    ENET_Receive_IRQHandler                  0x00004753   Thumb Code    14  enet.o(.text)
    ENET_Error_IRQHandler                    0x00004761   Thumb Code    10  enet.o(.text)
    OLED_WrDat                               0x000047c5   Thumb Code   114  oled.o(.text)
    OLED_WrCmd                               0x00004837   Thumb Code   116  oled.o(.text)
    OLED_Set_XY                              0x000048ab   Thumb Code    40  oled.o(.text)
    OLED_Clear                               0x000048d3   Thumb Code    56  oled.o(.text)
    OLED_Delay_ms                            0x0000490b   Thumb Code    28  oled.o(.text)
    OLED_Pin_Init                            0x00004927   Thumb Code    38  oled.o(.text)
    OLED_Init                                0x0000494d   Thumb Code   256  oled.o(.text)
    OLED_Write_Char                          0x00004a4d   Thumb Code   194  oled.o(.text)
    OLED_Write_String                        0x00004b0f   Thumb Code    44  oled.o(.text)
    OLED_Write_Num3                          0x00004b3b   Thumb Code    82  oled.o(.text)
    OLED_Write_Num4                          0x00004b8d   Thumb Code   138  oled.o(.text)
    OLED_Write_Num5                          0x00004c17   Thumb Code   150  oled.o(.text)
    OLED_Write_Num2                          0x00004cad   Thumb Code    70  oled.o(.text)
    DelayNs                                  0x00004cf5   Thumb Code    18  ccd.o(.text)
    PixelAverage                             0x00004d07   Thumb Code    32  ccd.o(.text)
    StartIntegration                         0x00004d27   Thumb Code   120  ccd.o(.text)
    ImageCapture                             0x00004d9f   Thumb Code   148  ccd.o(.text)
    CalculateIntegrationTime                 0x00004e33   Thumb Code   104  ccd.o(.text)
    oled_collect                             0x00004e9b   Thumb Code   118  ccd.o(.text)
    oled_show                                0x00004f11   Thumb Code    48  ccd.o(.text)
    DT                                       0x00004f41   Thumb Code     8  ccd.o(.text)
    erzhi                                    0x00004f49   Thumb Code    46  ccd.o(.text)
    LB                                       0x00004f77   Thumb Code   220  ccd.o(.text)
    CCD_HeiXian                              0x00005053   Thumb Code   814  ccd.o(.text)
    OLED_ZhongXian                           0x00005381   Thumb Code    60  ccd.o(.text)
    Set_DataToCon                            0x000053ed   Thumb Code   412  data_sent.o(.text)
    Set_Uart_DMA_Enable                      0x00005589   Thumb Code    32  data_sent.o(.text)
    Set_Uart_DMA_DAddr                       0x000055a9   Thumb Code     8  data_sent.o(.text)
    UART_Send_Con                            0x000055b1   Thumb Code    34  data_sent.o(.text)
    Data_UpLoad                              0x000055d3   Thumb Code    30  data_sent.o(.text)
    DataInit                                 0x000055f1   Thumb Code    74  data_sent.o(.text)
    NrfDataInit                              0x0000563b   Thumb Code     8  data_sent.o(.text)
    Data_Uart_Init                           0x00005643   Thumb Code   114  data_sent.o(.text)
    DMA_Uart_ClearITPendingBit               0x000056b5   Thumb Code    14  data_sent.o(.text)
    Sd_Init                                  0x000056c3   Thumb Code    24  data_sent.o(.text)
    Sd_X                                     0x000056db   Thumb Code    94  data_sent.o(.text)
    Sd_D                                     0x00005739   Thumb Code   138  data_sent.o(.text)
    anjian_menu                              0x00005801   Thumb Code   470  menu.o(.text)
    Menu_Init                                0x000059d7   Thumb Code   246  menu.o(.text)
    chuinit_Init                             0x00005b2d   Thumb Code   386  chuinit.o(.text)
    strcpy                                   0x00005cc5   Thumb Code    72  strcpy.o(.text)
    __aeabi_memcpy                           0x00005d0d   Thumb Code     0  rt_memcpy_v6.o(.text)
    __rt_memcpy                              0x00005d0d   Thumb Code   138  rt_memcpy_v6.o(.text)
    _memcpy_lastbytes                        0x00005d73   Thumb Code     0  rt_memcpy_v6.o(.text)
    __use_two_region_memory                  0x00005d97   Thumb Code     2  heapauxi.o(.text)
    __rt_heap_escrow$2region                 0x00005d99   Thumb Code     2  heapauxi.o(.text)
    __rt_heap_expand$2region                 0x00005d9b   Thumb Code     2  heapauxi.o(.text)
    __aeabi_memcpy4                          0x00005d9d   Thumb Code     0  rt_memcpy_w.o(.text)
    __aeabi_memcpy8                          0x00005d9d   Thumb Code     0  rt_memcpy_w.o(.text)
    __rt_memcpy_w                            0x00005d9d   Thumb Code   100  rt_memcpy_w.o(.text)
    _memcpy_lastbytes_aligned                0x00005de5   Thumb Code     0  rt_memcpy_w.o(.text)
    __user_setup_stackheap                   0x00005e01   Thumb Code    74  sys_stackheap_outer.o(.text)
    exit                                     0x00005e4b   Thumb Code    12  exit.o(.text)
    __user_libspace                          0x00005e59   Thumb Code     8  libspace.o(.text)
    __user_perproc_libspace                  0x00005e59   Thumb Code     0  libspace.o(.text)
    __user_perthread_libspace                0x00005e59   Thumb Code     0  libspace.o(.text)
    _sys_exit                                0x00005e61   Thumb Code     8  sys_exit.o(.text)
    __I$use$semihosting                      0x00005e6d   Thumb Code     0  use_no_semi.o(.text)
    __use_no_semihosting_swi                 0x00005e6d   Thumb Code     2  use_no_semi.o(.text)
    __semihosting_library_function           0x00005e6f   Thumb Code     0  indicate_semi.o(.text)
    __aeabi_i2f                              0x00005e71   Thumb Code     0  fflt_clz.o(x$fpl$fflt)
    _fflt                                    0x00005e71   Thumb Code    48  fflt_clz.o(x$fpl$fflt)
    LargeChars                               0x00005ea0   Data        1152  oled.o(.constdata)
    __I$use$fp                               0x00005ea0   Number         0  usenofp.o(x$fpl$usenofp)
    Region$$Table$$Base                      0x00006334   Number         0  anon$$obj.o(Region$$Table)
    Region$$Table$$Limit                     0x00006354   Number         0  anon$$obj.o(Region$$Table)
    SystemCoreClock                          0x20000000   Data           4  system_mk60dz10.o(.data)
    a1                                       0x20000004   Data           2  main.o(.data)
    a2                                       0x20000006   Data           2  main.o(.data)
    a3                                       0x20000008   Data           2  main.o(.data)
    a4                                       0x2000000a   Data           2  main.o(.data)
    a5                                       0x2000000c   Data           2  main.o(.data)
    a6                                       0x2000000e   Data           2  main.o(.data)
    a7                                       0x20000010   Data           2  main.o(.data)
    a8                                       0x20000012   Data           2  main.o(.data)
    a9                                       0x20000014   Data           2  main.o(.data)
    FTMDuty                                  0x20000016   Data           2  main.o(.data)
    FTMDuty_1                                0x20000018   Data           2  main.o(.data)
    FTMDuty_2                                0x2000001a   Data           2  main.o(.data)
    Left                                     0x2000001c   Data           2  main.o(.data)
    Center                                   0x2000001e   Data           2  main.o(.data)
    Right                                    0x20000020   Data           2  main.o(.data)
    Budao                                    0x20000022   Data           2  main.o(.data)
    hang                                     0x20000024   Data           2  main.o(.data)
    SD_X                                     0x20000028   Data           4  main.o(.data)
    SD_D                                     0x2000002c   Data           4  main.o(.data)
    Flag                                     0x20000030   Data           1  main.o(.data)
    SD_Flag                                  0x20000031   Data           1  main.o(.data)
    TIME1flag_20ms                           0x20000032   Data           1  main.o(.data)
    jiansuflag                               0x20000034   Data           2  main.o(.data)
    UART_DebugPort                           0x20000040   Data           4  uart.o(.data)
    SD_CardType                              0x20000048   Data           1  sd.o(.data)
    SD_RCA                                   0x2000004c   Data           4  sd.o(.data)
    AverageValue                             0x2000005c   Data           1  ccd.o(.data)
    IntegrationTime                          0x2000005d   Data           1  ccd.o(.data)
    Sent_Data                                0x20000060   Data           4  data_sent.o(.data)
    LeftLast                                 0x20000064   Data          10  main.o(.bss)
    CenterLast                               0x2000006e   Data          10  main.o(.bss)
    RightLast                                0x20000078   Data          10  main.o(.bss)
    Pixel                                    0x20000082   Data         128  main.o(.bss)
    oled_data                                0x20000102   Data        1024  main.o(.bss)
    Send_Data                                0x20000502   Data         200  main.o(.bss)
    sendData                                 0x200005ca   Data         400  main.o(.bss)
    CPUInfo                                  0x2000075c   Data          36  sys.o(.bss)
    UART_TxIntStruct1                        0x20000780   Data         134  uart.o(.bss)
    DATA_ALL                                 0x200038d6   Data         446  data_sent.o(.bss)
    Menu_name                                0x20003a94   Data          80  menu.o(.bss)
    __libspace_start                         0x20003ae4   Data          96  libspace.o(.bss)
    __temporary_stack_top$libspace           0x20003b44   Data           0  libspace.o(.bss)



==============================================================================

Memory Map of the image

  Image Entry point : 0x00000411

  Load Region LR_IROM1 (Base: 0x00000000, Size: 0x000063b8, Max: 0x00080000, ABSOLUTE)

    Execution Region ER_IROM1 (Base: 0x00000000, Size: 0x00006354, Max: 0x00080000, ABSOLUTE)

    Base Addr    Size         Type   Attr      Idx    E Section Name        Object

    0x00000000   0x00000400   Data   RO           51    RESET               startup_mk60dz10.o
    0x00000400   0x00000010   Code   RO           52    .ARM.__at_0x400     startup_mk60dz10.o
    0x00000410   0x00000008   Code   RO          980  * !!!main             c_w.l(__main.o)
    0x00000418   0x00000034   Code   RO         1145    !!!scatter          c_w.l(__scatter.o)
    0x0000044c   0x0000001a   Code   RO         1147    !!handler_copy      c_w.l(__scatter_copy.o)
    0x00000466   0x00000002   PAD
    0x00000468   0x0000001c   Code   RO         1149    !!handler_zi        c_w.l(__scatter_zi.o)
    0x00000484   0x00000002   Code   RO         1016    .ARM.Collect$$libinit$$00000000  c_w.l(libinit.o)
    0x00000486   0x00000000   Code   RO         1023    .ARM.Collect$$libinit$$00000002  c_w.l(libinit2.o)
    0x00000486   0x00000000   Code   RO         1025    .ARM.Collect$$libinit$$00000004  c_w.l(libinit2.o)
    0x00000486   0x00000000   Code   RO         1028    .ARM.Collect$$libinit$$0000000A  c_w.l(libinit2.o)
    0x00000486   0x00000000   Code   RO         1030    .ARM.Collect$$libinit$$0000000C  c_w.l(libinit2.o)
    0x00000486   0x00000000   Code   RO         1032    .ARM.Collect$$libinit$$0000000E  c_w.l(libinit2.o)
    0x00000486   0x00000000   Code   RO         1035    .ARM.Collect$$libinit$$00000011  c_w.l(libinit2.o)
    0x00000486   0x00000000   Code   RO         1037    .ARM.Collect$$libinit$$00000013  c_w.l(libinit2.o)
    0x00000486   0x00000000   Code   RO         1039    .ARM.Collect$$libinit$$00000015  c_w.l(libinit2.o)
    0x00000486   0x00000000   Code   RO         1041    .ARM.Collect$$libinit$$00000017  c_w.l(libinit2.o)
    0x00000486   0x00000000   Code   RO         1043    .ARM.Collect$$libinit$$00000019  c_w.l(libinit2.o)
    0x00000486   0x00000000   Code   RO         1045    .ARM.Collect$$libinit$$0000001B  c_w.l(libinit2.o)
    0x00000486   0x00000000   Code   RO         1047    .ARM.Collect$$libinit$$0000001D  c_w.l(libinit2.o)
    0x00000486   0x00000000   Code   RO         1049    .ARM.Collect$$libinit$$0000001F  c_w.l(libinit2.o)
    0x00000486   0x00000000   Code   RO         1051    .ARM.Collect$$libinit$$00000021  c_w.l(libinit2.o)
    0x00000486   0x00000000   Code   RO         1053    .ARM.Collect$$libinit$$00000023  c_w.l(libinit2.o)
    0x00000486   0x00000000   Code   RO         1055    .ARM.Collect$$libinit$$00000025  c_w.l(libinit2.o)
    0x00000486   0x00000000   Code   RO         1059    .ARM.Collect$$libinit$$0000002C  c_w.l(libinit2.o)
    0x00000486   0x00000000   Code   RO         1061    .ARM.Collect$$libinit$$0000002E  c_w.l(libinit2.o)
    0x00000486   0x00000000   Code   RO         1063    .ARM.Collect$$libinit$$00000030  c_w.l(libinit2.o)
    0x00000486   0x00000000   Code   RO         1065    .ARM.Collect$$libinit$$00000032  c_w.l(libinit2.o)
    0x00000486   0x00000002   Code   RO         1066    .ARM.Collect$$libinit$$00000033  c_w.l(libinit2.o)
    0x00000488   0x00000002   Code   RO         1086    .ARM.Collect$$libshutdown$$00000000  c_w.l(libshutdown.o)
    0x0000048a   0x00000000   Code   RO         1100    .ARM.Collect$$libshutdown$$00000003  c_w.l(libshutdown2.o)
    0x0000048a   0x00000000   Code   RO         1103    .ARM.Collect$$libshutdown$$00000006  c_w.l(libshutdown2.o)
    0x0000048a   0x00000000   Code   RO         1106    .ARM.Collect$$libshutdown$$00000009  c_w.l(libshutdown2.o)
    0x0000048a   0x00000000   Code   RO         1108    .ARM.Collect$$libshutdown$$0000000B  c_w.l(libshutdown2.o)
    0x0000048a   0x00000000   Code   RO         1111    .ARM.Collect$$libshutdown$$0000000E  c_w.l(libshutdown2.o)
    0x0000048a   0x00000002   Code   RO         1112    .ARM.Collect$$libshutdown$$0000000F  c_w.l(libshutdown2.o)
    0x0000048c   0x00000000   Code   RO          988    .ARM.Collect$$rtentry$$00000000  c_w.l(__rtentry.o)
    0x0000048c   0x00000000   Code   RO          993    .ARM.Collect$$rtentry$$00000002  c_w.l(__rtentry2.o)
    0x0000048c   0x00000006   Code   RO         1005    .ARM.Collect$$rtentry$$00000004  c_w.l(__rtentry4.o)
    0x00000492   0x00000000   Code   RO          995    .ARM.Collect$$rtentry$$00000009  c_w.l(__rtentry2.o)
    0x00000492   0x00000004   Code   RO          996    .ARM.Collect$$rtentry$$0000000A  c_w.l(__rtentry2.o)
    0x00000496   0x00000000   Code   RO          998    .ARM.Collect$$rtentry$$0000000C  c_w.l(__rtentry2.o)
    0x00000496   0x00000008   Code   RO          999    .ARM.Collect$$rtentry$$0000000D  c_w.l(__rtentry2.o)
    0x0000049e   0x00000002   Code   RO         1020    .ARM.Collect$$rtexit$$00000000  c_w.l(rtexit.o)
    0x000004a0   0x00000000   Code   RO         1068    .ARM.Collect$$rtexit$$00000002  c_w.l(rtexit2.o)
    0x000004a0   0x00000004   Code   RO         1069    .ARM.Collect$$rtexit$$00000003  c_w.l(rtexit2.o)
    0x000004a4   0x00000006   Code   RO         1070    .ARM.Collect$$rtexit$$00000004  c_w.l(rtexit2.o)
    0x000004aa   0x00000002   PAD
    0x000004ac   0x00000002   Code   RO          198    .emb_text           isr.o
    0x000004ae   0x00000002   PAD
    0x000004b0   0x00000004   Code   RO          698    .revsh_text         enet.o
    0x000004b4   0x000001a0   Code   RO            3    .text               system_mk60dz10.o
    0x00000654   0x0000003c   Code   RO           53    .text               startup_mk60dz10.o
    0x00000690   0x00000208   Code   RO           61    .text               main.o
    0x00000898   0x00000174   Code   RO          199    .text               isr.o
    0x00000a0c   0x0000072c   Code   RO          234    .text               sys.o
    0x00001138   0x000000dc   Code   RO          268    .text               delay.o
    0x00001214   0x00000374   Code   RO          297    .text               dma.o
    0x00001588   0x00000a50   Code   RO          320    .text               ftm.o
    0x00001fd8   0x00000694   Code   RO          343    .text               gpio.o
    0x0000266c   0x00000290   Code   RO          389    .text               pit.o
    0x000028fc   0x00000ab4   Code   RO          438    .text               uart.o
    0x000033b0   0x000004c8   Code   RO          489    .text               adc.o
    0x00003878   0x00000818   Code   RO          650    .text               sd.o
    0x00004090   0x00000734   Code   RO          699    .text               enet.o
    0x000047c4   0x0000052e   Code   RO          849    .text               oled.o
    0x00004cf2   0x00000002   PAD
    0x00004cf4   0x000006f8   Code   RO          875    .text               ccd.o
    0x000053ec   0x00000414   Code   RO          899    .text               data_sent.o
    0x00005800   0x0000032c   Code   RO          927    .text               menu.o
    0x00005b2c   0x00000198   Code   RO          950    .text               chuinit.o
    0x00005cc4   0x00000048   Code   RO          974    .text               c_w.l(strcpy.o)
    0x00005d0c   0x0000008a   Code   RO          976    .text               c_w.l(rt_memcpy_v6.o)
    0x00005d96   0x00000006   Code   RO          978    .text               c_w.l(heapauxi.o)
    0x00005d9c   0x00000064   Code   RO          989    .text               c_w.l(rt_memcpy_w.o)
    0x00005e00   0x0000004a   Code   RO         1007    .text               c_w.l(sys_stackheap_outer.o)
    0x00005e4a   0x0000000c   Code   RO         1009    .text               c_w.l(exit.o)
    0x00005e56   0x00000002   PAD
    0x00005e58   0x00000008   Code   RO         1017    .text               c_w.l(libspace.o)
    0x00005e60   0x0000000c   Code   RO         1078    .text               c_w.l(sys_exit.o)
    0x00005e6c   0x00000002   Code   RO         1089    .text               c_w.l(use_no_semi.o)
    0x00005e6e   0x00000000   Code   RO         1091    .text               c_w.l(indicate_semi.o)
    0x00005e6e   0x00000002   PAD
    0x00005e70   0x00000030   Code   RO          983    x$fpl$fflt          fz_ws.l(fflt_clz.o)
    0x00005ea0   0x00000000   Code   RO          991    x$fpl$usenofp       fz_ws.l(usenofp.o)
    0x00005ea0   0x00000480   Data   RO          850    .constdata          oled.o
    0x00006320   0x00000011   Data   RO          440    .conststring        uart.o
    0x00006331   0x00000003   PAD
    0x00006334   0x00000020   Data   RO         1143    Region$$Table       anon$$obj.o


    Execution Region RW_IRAM1 (Base: 0x20000000, Size: 0x00003f48, Max: 0x00010000, ABSOLUTE)

    Base Addr    Size         Type   Attr      Idx    E Section Name        Object

    0x20000000   0x00000004   Data   RW            4    .data               system_mk60dz10.o
    0x20000004   0x00000032   Data   RW           63    .data               main.o
    0x20000036   0x00000001   Data   RW          200    .data               isr.o
    0x20000037   0x00000001   PAD
    0x20000038   0x00000008   Data   RW          269    .data               delay.o
    0x20000040   0x00000008   Data   RW          441    .data               uart.o
    0x20000048   0x00000008   Data   RW          651    .data               sd.o
    0x20000050   0x0000000c   Data   RW          701    .data               enet.o
    0x2000005c   0x00000002   Data   RW          876    .data               ccd.o
    0x2000005e   0x00000002   PAD
    0x20000060   0x00000004   Data   RW          901    .data               data_sent.o
    0x20000064   0x000006f6   Zero   RW           62    .bss                main.o
    0x2000075a   0x00000002   PAD
    0x2000075c   0x00000024   Zero   RW          235    .bss                sys.o
    0x20000780   0x00000086   Zero   RW          439    .bss                uart.o
    0x20000806   0x000030d0   Zero   RW          700    .bss                enet.o
    0x200038d6   0x000001be   Zero   RW          900    .bss                data_sent.o
    0x20003a94   0x00000050   Zero   RW          928    .bss                menu.o
    0x20003ae4   0x00000060   Zero   RW         1018    .bss                c_w.l(libspace.o)
    0x20003b44   0x00000004   PAD
    0x20003b48   0x00000000   Zero   RW           50    HEAP                startup_mk60dz10.o
    0x20003b48   0x00000400   Zero   RW           49    STACK               startup_mk60dz10.o


==============================================================================

Image component sizes


      Code (inc. data)   RO Data    RW Data    ZI Data      Debug   Object Name

      1224         62          0          0          0       7330   adc.o
      1784         96          0          2          0       4515   ccd.o
       408         22          0          0          0      23118   chuinit.o
      1044         62          0          4        446       3243   data_sent.o
       220         18          0          8          0       3206   delay.o
       884         40          0          0          0       5691   dma.o
      1848        276          0         12      12496      30886   enet.o
      2640        256          0          0          0       6133   ftm.o
      1684         72          0          0          0       8004   gpio.o
       374         94          0          1          0       4676   isr.o
       520         80          0         50       1782     267819   main.o
       812         96          0          0         80       1816   menu.o
      1326         12       1152          0          0       4032   oled.o
       656         42          0          0          0       3119   pit.o
      2072        130          0          8          0      14118   sd.o
        76         38       1024          0       1024       1016   startup_mk60dz10.o
      1836        160          0          0         36      27752   sys.o
       416         28          0          4          0     239337   system_mk60dz10.o
      2740        748         17          8        134       7284   uart.o

    ----------------------------------------------------------------------
     22568       2332       2228        100      16000     663095   Object Totals
         0          0         32          0          0          0   (incl. Generated)
         4          0          3          3          2          0   (incl. Padding)

    ----------------------------------------------------------------------

      Code (inc. data)   RO Data    RW Data    ZI Data      Debug   Library Member Name

         8          0          0          0          0         68   __main.o
         0          0          0          0          0          0   __rtentry.o
        12          0          0          0          0          0   __rtentry2.o
         6          0          0          0          0          0   __rtentry4.o
        52          8          0          0          0          0   __scatter.o
        26          0          0          0          0          0   __scatter_copy.o
        28          0          0          0          0          0   __scatter_zi.o
        12          0          0          0          0         72   exit.o
         6          0          0          0          0        152   heapauxi.o
         0          0          0          0          0          0   indicate_semi.o
         2          0          0          0          0          0   libinit.o
         2          0          0          0          0          0   libinit2.o
         2          0          0          0          0          0   libshutdown.o
         2          0          0          0          0          0   libshutdown2.o
         8          4          0          0         96         68   libspace.o
       138          0          0          0          0         68   rt_memcpy_v6.o
       100          0          0          0          0         80   rt_memcpy_w.o
         2          0          0          0          0          0   rtexit.o
        10          0          0          0          0          0   rtexit2.o
        72          0          0          0          0         80   strcpy.o
        12          4          0          0          0         68   sys_exit.o
        74          0          0          0          0         80   sys_stackheap_outer.o
         2          0          0          0          0         68   use_no_semi.o
        48          0          0          0          0         68   fflt_clz.o
         0          0          0          0          0          0   usenofp.o

    ----------------------------------------------------------------------
       632         16          0          0        100        872   Library Totals
         8          0          0          0          4          0   (incl. Padding)

    ----------------------------------------------------------------------

      Code (inc. data)   RO Data    RW Data    ZI Data      Debug   Library Name

       576         16          0          0         96        804   c_w.l
        48          0          0          0          0         68   fz_ws.l

    ----------------------------------------------------------------------
       632         16          0          0        100        872   Library Totals

    ----------------------------------------------------------------------

==============================================================================


      Code (inc. data)   RO Data    RW Data    ZI Data      Debug   

     23200       2348       2228        100      16100     662091   Grand Totals
     23200       2348       2228        100      16100     662091   ELF Image Totals
     23200       2348       2228        100          0          0   ROM Totals

==============================================================================

    Total RO  Size (Code + RO Data)                25428 (  24.83kB)
    Total RW  Size (RW Data + ZI Data)             16200 (  15.82kB)
    Total ROM Size (Code + RO Data + RW Data)      25528 (  24.93kB)

==============================================================================

